
 -----------------------------------------------
      Restrained ESP Fit 2.3  Amber 4.1
 -----------------------------------------------
 Resp charges for organic molecule                                               
 -----------------------------------------------


 inopt       =     0   ioutopt     =     1
 nmol        =     1   iqopt       =     2
 ihfree      =     1   irstrnt     =     1
 iunits      =     0   qwt         =   0.00100000
 wtmol(1) =     1.000000
 subtitle:

Resp charges for organic molecule                                               
ich =   1  iuniq =  50
    1    6  -99
    2    7  -99
    3    6  -99
    4    6  -99
    5    6  -99
    6    6  -99
    7    6  -99
    8    6    0
    9    8  -99
   10    6  -99
   11    8  -99
   12    6  -99
   13    7  -99
   14    6    0
   15    6    0
   16   16  -99
   17    6    0
   18    8  -99
   19    8  -99
   20    8  -99
   21    7  -99
   22    6  -99
   23    7  -99
   24    6  -99
   25    7  -99
   26    6  -99
   27    7  -99
   28    1  -99
   29    1  -99
   30    1  -99
   31    1  -99
   32    1  -99
   33    1    0
   34    1   33
   35    1  -99
   36    1  -99
   37    1  -99
   38    1  -99
   39    1    0
   40    1   39
   41    1    0
   42    1   41
   43    1    0
   44    1   43
   45    1   43
   46    1  -99
   47    1  -99
   48    1  -99
   49    1  -99
   50    1  -99
 new q0 values to be read  50

  ----------------------------------------------------------------------------
     ATOM                       COORDINATES                         CHARGE
                       X             Y                Z
  ----------------------------------------------------------------------------
  ----------------------------------------------------------------------------


 Charge on the molecule(ich) =    1
 Total number of atoms (iuniq)     =   50
 Weight factor on initial charge restraints(qwt)=     0.10000D-02


  there are  1 charge constraints:


     1       1
     2       1
     3       1
     4       1
     5       1
     6       1
     7       1
     8       1
     9       1
    10       1
    11       1
    12       1
    13       1
    14       1
    15       1
    16       1
    17       1
    18       1
    19       1
    20       1
    21       1
    22       1
    23       1
    24       1
    25       1
    26       1
    27       1
    28       1
    29       1
    30       1
    31       1
    32       1
    33       1
    34       1
    35       1
    36       1
    37       1
    38       1
    39       1
    40       1
    41       1
    42       1
    43       1
    44       1
    45       1
    46       1
    47       1
    48       1
    49       1
    50       1

 Reading esp"s for molecule   1
 total number of atoms      =    50
 total number of esp points = 11442


 center     X       Y       Z 
    1   0.1599018E+01   0.4557135E+01   0.1600122E+01
    2   0.2013044E+01   0.2128313E+01   0.1217246E+01
    3   0.4345340E+01   0.1710089E+01   0.3518708E+00
    4   0.4503580E+01  -0.3052764E+01  -0.3708965E-01
    5   0.3399330E+01  -0.3771054E+01   0.2557616E+01
    6   0.1296401E+01  -0.5627220E+01   0.1840181E+01
    7   0.3909541E+00  -0.4568709E+01  -0.6954853E+00
    8  -0.1742605E+01  -0.2641880E+01  -0.3973905E+00
    9  -0.7820529E+01  -0.1722209E+01   0.1440292E+01
   10  -0.9023534E+01   0.1708350E+00   0.1582158E+01
   11  -0.1103526E+02   0.2949201E+00   0.3040601E+01
   12  -0.8364655E+01   0.2560369E+01   0.6354015E-01
   13  -0.8771643E+01   0.4898686E+01   0.1402536E+01
   14  -0.5618563E+01   0.2414146E+01  -0.8799452E+00
   15  -0.5278948E+01   0.4597477E+00  -0.3001202E+01
   16  -0.2032294E+01  -0.6682751E+00  -0.3218738E+01
   17  -0.2286789E+01  -0.2905951E+01  -0.5781322E+01
   18   0.2527384E+01  -0.3429592E+01  -0.1804928E+01
   19   0.2250076E+01  -0.8084996E+01   0.1605366E+01
   20   0.5197160E+01  -0.4753300E+01   0.4175557E+01
   21   0.5489401E+01  -0.5432263E+00  -0.2243558E+00
   22   0.7885532E+01   0.8639638E-01  -0.1049306E+01
   23   0.8339444E+01   0.2451948E+01  -0.1029407E+01
   24   0.6131156E+01   0.3523475E+01  -0.1489444E+00
   25   0.3124715E+01   0.6487586E+01   0.1210849E+01
   26   0.5437265E+01   0.6039602E+01   0.3226216E+00
   27   0.6986606E+01   0.7977429E+01  -0.9784812E-01
   28  -0.2341125E+00   0.5045096E+01   0.2330157E+01
   29   0.6045007E+01  -0.4310856E+01  -0.4995340E+00
   30   0.2603277E+01  -0.2110212E+01   0.3435227E+01
   31  -0.1802666E+00  -0.5726229E+01   0.3245548E+01
   32  -0.2249643E+00  -0.6096264E+01  -0.1907410E+01
   33  -0.1325955E+01  -0.1304695E+01   0.1084347E+01
   34  -0.3543310E+01  -0.3539659E+01  -0.4544035E-01
   35  -0.1175567E+02   0.1936519E+01   0.3076043E+01
   36  -0.9625741E+01   0.2569942E+01  -0.1558644E+01
   37  -0.8157864E+01   0.4955941E+01   0.3186566E+01
   38  -0.1047494E+02   0.5684351E+01   0.1220207E+01
   39  -0.4410413E+01   0.1990375E+01   0.7164991E+00
   40  -0.5095550E+01   0.4266559E+01  -0.1562701E+01
   41  -0.5669333E+01   0.1295789E+01  -0.4827963E+01
   42  -0.6464184E+01  -0.1175689E+01  -0.2743187E+01
   43  -0.4461567E+00  -0.3739898E+01  -0.6062337E+01
   44  -0.2812317E+01  -0.1858281E+01  -0.7454533E+01
   45  -0.3688388E+01  -0.4333183E+01  -0.5367606E+01
   46   0.3128037E+01  -0.8320380E+01   0.5889898E-01
   47   0.5186355E+01  -0.6546557E+01   0.4068072E+01
   48   0.9190718E+01  -0.1351232E+01  -0.1621661E+01
   49   0.8763300E+01   0.7681770E+01  -0.6343999E+00
   50   0.6446725E+01   0.9710195E+01   0.3908728E+00
 Initial ssvpot =   101.642


 Number of unique UNfrozen centers=    8

 Non-linear optimization requested.
 qchnge =    0.6158438576E-01
 qchnge =    0.3435724452E-03
 qchnge =    0.2269431766E-04
 qchnge =    0.2374052917E-05
 qchnge =    0.2654717313E-06

 Convergence in    4 iterations


Resp charges for organic molecule                                               

          Point Charges Before & After Optimization

    no.  At.no.    q(init)       q(opt)     ivary    d(rstr)/dq
    1   6       0.545870       0.545870    -99       0.001802
    2   7      -0.662589      -0.662589    -99       0.001492
    3   6       0.302938       0.302938    -99       0.003135
    4   6       0.102554       0.102554    -99       0.006981
    5   6       0.249788       0.249788    -99       0.003717
    6   6       0.233249       0.233249    -99       0.003940
    7   6       0.038251       0.038251    -99       0.009340
    8   6      -0.353486      -0.377766      0       0.002559
    9   8      -0.516746      -0.516746    -99       0.001900
   10   6       0.574496       0.574496    -99       0.001715
   11   8      -0.550355      -0.550355    -99       0.001788
   12   6       0.511669       0.511669    -99       0.001918
   13   7      -1.134044      -1.134044    -99       0.000878
   14   6      -0.194657      -0.160427      0       0.005290
   15   6      -0.235296      -0.262121      0       0.003565
   16  16       0.326777       0.326777    -99       0.002926
   17   6      -0.444220      -0.424469      0       0.002293
   18   8      -0.401553      -0.401553    -99       0.002417
   19   8      -0.680567      -0.680567    -99       0.001454
   20   8      -0.696127      -0.696127    -99       0.001422
   21   7      -0.006512      -0.006512    -99       0.009979
   22   6       0.202024       0.202024    -99       0.004436
   23   7      -0.556031      -0.556031    -99       0.001770
   24   6      -0.006312      -0.006312    -99       0.009980
   25   7      -0.775434      -0.775434    -99       0.001279
   26   6       0.850322       0.850322    -99       0.001168
   27   7      -1.015719      -1.015719    -99       0.000980
   28   1       0.054624       0.054624    -99       0.000000
   29   1       0.102344       0.102344    -99       0.000000
   30   1       0.127080       0.127080    -99       0.000000
   31   1       0.107187       0.107187    -99       0.000000
   32   1       0.132500       0.132500    -99       0.000000
   33   1       0.101588       0.186305      0       0.000000
   34   1       0.250150       0.186305     33       0.000000
   35   1       0.403568       0.403568    -99       0.000000
   36   1       0.008863       0.008863    -99       0.000000
   37   1       0.425970       0.425970    -99       0.000000
   38   1       0.425970       0.425970    -99       0.000000
   39   1       0.147739       0.104753      0       0.000000
   40   1       0.107661       0.104753     39       0.000000
   41   1       0.183237       0.161967      0       0.000000
   42   1       0.111941       0.161967     41       0.000000
   43   1       0.218012       0.205611      0       0.000000
   44   1       0.209822       0.205611     43       0.000000
   45   1       0.195608       0.205611     43       0.000000
   46   1       0.455747       0.455747    -99       0.000000
   47   1       0.460995       0.460995    -99       0.000000
   48   1       0.145934       0.145934    -99       0.000000
   49   1       0.457584       0.457584    -99       0.000000
   50   1       0.457584       0.457584    -99       0.000000

 Sum over the calculated charges:      1.000

        Statistics of the fitting:
  The initial sum of squares (ssvpot)                    101.642
  The residual sum of squares (chipot)                     0.059
  The std err of estimate (sqrt(chipot/N))               0.00227
  ESP relative RMS (SQRT(chipot/ssvpot))                 0.02410

 Center of Mass (Angst.):

 X  =   0.00000      Y  =   0.00000      Z  =   0.00000

 Dipole (Debye):

 X  =  -7.38299      Y  =  -0.18342      Z  =  -6.58281

 Dipole Moment (Debye)=   9.89320

 Quadrupole (Debye*Angst.):

 Qxx =  80.75620     QYY = -18.92700     QZZ = -61.82920
 Qxy =-194.91427     QXZ =-117.04755     QYZ = -78.94503
