
 -----------------------------------------------
      Restrained ESP Fit 2.3  Amber 4.1
 -----------------------------------------------
 Resp charges for organic molecule                                               
 -----------------------------------------------


 inopt       =     0   ioutopt     =     1
 nmol        =     1   iqopt       =     2
 ihfree      =     1   irstrnt     =     1
 iunits      =     0   qwt         =   0.00100000
 wtmol(1) =     1.000000
 subtitle:

Resp charges for organic molecule                                               
ich =   1  iuniq =  50
    1    7  -99
    2    6  -99
    3    6  -99
    4    8  -99
    5    8  -99
    6    6    0
    7    6    0
    8   16  -99
    9    6    0
   10    6    0
   11    6  -99
   12    8  -99
   13    6  -99
   14    8  -99
   15    6  -99
   16    8  -99
   17    6  -99
   18    7  -99
   19    6  -99
   20    7  -99
   21    6  -99
   22    6  -99
   23    7  -99
   24    7  -99
   25    6  -99
   26    7  -99
   27    6  -99
   28    1  -99
   29    1  -99
   30    1  -99
   31    1  -99
   32    1    0
   33    1   32
   34    1    0
   35    1   34
   36    1    0
   37    1   36
   38    1   36
   39    1    0
   40    1   39
   41    1  -99
   42    1  -99
   43    1  -99
   44    1  -99
   45    1  -99
   46    1  -99
   47    1  -99
   48    1  -99
   49    1  -99
   50    1  -99
 new q0 values to be read  50

  ----------------------------------------------------------------------------
     ATOM                       COORDINATES                         CHARGE
                       X             Y                Z
  ----------------------------------------------------------------------------
  ----------------------------------------------------------------------------


 Charge on the molecule(ich) =    1
 Total number of atoms (iuniq)     =   50
 Weight factor on initial charge restraints(qwt)=     0.10000D-02


  there are  1 charge constraints:


     1       1
     2       1
     3       1
     4       1
     5       1
     6       1
     7       1
     8       1
     9       1
    10       1
    11       1
    12       1
    13       1
    14       1
    15       1
    16       1
    17       1
    18       1
    19       1
    20       1
    21       1
    22       1
    23       1
    24       1
    25       1
    26       1
    27       1
    28       1
    29       1
    30       1
    31       1
    32       1
    33       1
    34       1
    35       1
    36       1
    37       1
    38       1
    39       1
    40       1
    41       1
    42       1
    43       1
    44       1
    45       1
    46       1
    47       1
    48       1
    49       1
    50       1

 Reading esp"s for molecule   1
 total number of atoms      =    50
 total number of esp points = 11466


 center     X       Y       Z 
    1   0.1065962E+02   0.3723970E+00  -0.3689936E+01
    2   0.9125623E+01   0.1359511E+01  -0.1661483E+01
    3   0.1042988E+02   0.1354287E+01   0.9343070E+00
    4   0.9359359E+01   0.7695682E+00   0.2820153E+01
    5   0.1281539E+02   0.2063212E+01   0.9874158E+00
    6   0.6614852E+01  -0.9857756E-01  -0.1505571E+01
    7   0.4595731E+01   0.1340455E+01   0.1001555E-03
    8   0.2245427E+01  -0.5213206E+00   0.1684116E+01
    9   0.4063245E+01  -0.2491369E+01   0.3801273E+01
   10   0.1047662E+01  -0.2697954E+01  -0.6870439E+00
   11  -0.9229875E+00  -0.4487789E+01   0.4536609E+00
   12  -0.2629435E+01  -0.3153252E+01   0.1992357E+01
   13  -0.2547239E+01  -0.5774317E+01  -0.1564791E+01
   14  -0.3449893E+01  -0.8126891E+01  -0.7572037E+00
   15  -0.4722626E+01  -0.3888644E+01  -0.1878357E+01
   16  -0.6932607E+01  -0.4936849E+01  -0.2789234E+01
   17  -0.5008452E+01  -0.2824226E+01   0.8158646E+00
   18  -0.5809666E+01  -0.2445381E+00   0.9664663E+00
   19  -0.7867566E+01   0.6204046E+00   0.2321105E+01
   20  -0.8234003E+01   0.2994414E+01   0.2139950E+01
   21  -0.6317577E+01   0.3823178E+01   0.5794939E+00
   22  -0.5704565E+01   0.6226360E+01  -0.3616142E+00
   23  -0.7019009E+01   0.8288741E+01   0.2226645E+00
   24  -0.3714376E+01   0.6431352E+01  -0.1891960E+01
   25  -0.2415213E+01   0.4380323E+01  -0.2441205E+01
   26  -0.2774422E+01   0.2037644E+01  -0.1662086E+01
   27  -0.4794265E+01   0.1857720E+01  -0.1577298E+00
   28   0.1165758E+02  -0.1178556E+01  -0.3285315E+01
   29   0.1170059E+02   0.1633708E+01  -0.4627809E+01
   30   0.8725885E+01   0.3325011E+01  -0.2106232E+01
   31   0.1347962E+02   0.2380499E+01  -0.6473408E+00
   32   0.7000061E+01  -0.1931927E+01  -0.6829451E+00
   33   0.5971111E+01  -0.4040329E+00  -0.3420134E+01
   34   0.3481074E+01   0.2562436E+01  -0.1203281E+01
   35   0.5408604E+01   0.2486318E+01   0.1477942E+01
   36   0.5327323E+01  -0.1274620E+01   0.4843451E+01
   37   0.5138326E+01  -0.3892091E+01   0.2780902E+01
   38   0.2737228E+01  -0.3382061E+01   0.5072491E+01
   39   0.2610469E+01  -0.3746654E+01  -0.1485122E+01
   40   0.2152530E+00  -0.1474400E+01  -0.2093053E+01
   41   0.1386114E-01  -0.5893254E+01   0.1608404E+01
   42  -0.1549313E+01  -0.6120458E+01  -0.3311675E+01
   43  -0.3827927E+01  -0.8133515E+01   0.9966812E+00
   44  -0.4176109E+01  -0.2385424E+01  -0.3145600E+01
   45  -0.6950936E+01  -0.6698905E+01  -0.2439423E+01
   46  -0.6399999E+01  -0.3913787E+01   0.1839457E+01
   47  -0.9011474E+01  -0.6621279E+00   0.3390684E+01
   48  -0.8575342E+01   0.8167390E+01   0.1269354E+01
   49  -0.6574852E+01   0.9926243E+01  -0.5862591E+00
   50  -0.8464272E+00   0.4668774E+01  -0.3702720E+01
 Initial ssvpot =   102.310


 Number of unique UNfrozen centers=    8

 Non-linear optimization requested.
 qchnge =    0.6006113238E-01
 qchnge =    0.3760768066E-03
 qchnge =    0.2652266040E-04
 qchnge =    0.3020091527E-05
 qchnge =    0.4266933150E-06

 Convergence in    4 iterations


Resp charges for organic molecule                                               

          Point Charges Before & After Optimization

    no.  At.no.    q(init)       q(opt)     ivary    d(rstr)/dq
    1   7      -1.163933      -1.163933    -99       0.000856
    2   6       0.469094       0.469094    -99       0.002085
    3   6       0.541797       0.541797    -99       0.001815
    4   8      -0.498174      -0.498174    -99       0.001968
    5   8      -0.543737      -0.543737    -99       0.001809
    6   6      -0.047764      -0.002233      0       0.009998
    7   6      -0.055170      -0.098228      0       0.007134
    8  16       0.237161       0.237161    -99       0.003885
    9   6      -0.369485      -0.199595      0       0.004479
   10   6      -0.235122      -0.279928      0       0.003364
   11   6       0.102201       0.102201    -99       0.006994
   12   8      -0.403836      -0.403836    -99       0.002404
   13   6       0.148214       0.148214    -99       0.005593
   14   8      -0.658908      -0.658908    -99       0.001500
   15   6       0.329518       0.329518    -99       0.002904
   16   8      -0.691726      -0.691726    -99       0.001431
   17   6       0.057756       0.057756    -99       0.008659
   18   7      -0.054034      -0.054034    -99       0.008798
   19   6       0.244122       0.244122    -99       0.003791
   20   7      -0.570687      -0.570687    -99       0.001726
   21   6      -0.007513      -0.007513    -99       0.009972
   22   6       0.881790       0.881790    -99       0.001127
   23   7      -1.035346      -1.035346    -99       0.000961
   24   7      -0.788421      -0.788421    -99       0.001258
   25   6       0.508902       0.508902    -99       0.001928
   26   7      -0.623266      -0.623266    -99       0.001584
   27   6       0.305268       0.305268    -99       0.003113
   28   1       0.437438       0.437438    -99       0.000000
   29   1       0.437438       0.437438    -99       0.000000
   30   1       0.009915       0.009915    -99       0.000000
   31   1       0.409699       0.409699    -99       0.000000
   32   1       0.060756       0.046538      0       0.000000
   33   1       0.069347       0.046538     32       0.000000
   34   1       0.078766       0.102379      0       0.000000
   35   1       0.106707       0.102379     34       0.000000
   36   1       0.214233       0.144078      0       0.000000
   37   1       0.151998       0.144078     36       0.000000
   38   1       0.197784       0.144078     36       0.000000
   39   1       0.142454       0.137723      0       0.000000
   40   1       0.111029       0.137723     39       0.000000
   41   1       0.125164       0.125164    -99       0.000000
   42   1       0.112278       0.112278    -99       0.000000
   43   1       0.447899       0.447899    -99       0.000000
   44   1       0.082430       0.082430    -99       0.000000
   45   1       0.453683       0.453683    -99       0.000000
   46   1       0.118432       0.118432    -99       0.000000
   47   1       0.139805       0.139805    -99       0.000000
   48   1       0.464146       0.464146    -99       0.000000
   49   1       0.464146       0.464146    -99       0.000000
   50   1       0.085754       0.085754    -99       0.000000

 Sum over the calculated charges:      1.000

        Statistics of the fitting:
  The initial sum of squares (ssvpot)                    102.310
  The residual sum of squares (chipot)                     0.052
  The std err of estimate (sqrt(chipot/N))               0.00213
  ESP relative RMS (SQRT(chipot/ssvpot))                 0.02254

 Center of Mass (Angst.):

 X  =   0.00000      Y  =   0.00000      Z  =   0.00000

 Dipole (Debye):

 X  =   7.97081      Y  =  -2.26385      Z  =  -0.54279

 Dipole Moment (Debye)=   8.30382

 Quadrupole (Debye*Angst.):

 Qxx =  99.98214     QYY =  -1.04755     QZZ = -98.93459
 Qxy =-111.70494     QXZ =-207.44515     QYZ =-154.80249
