
 -----------------------------------------------
      Restrained ESP Fit 2.3  Amber 4.1
 -----------------------------------------------
 Resp charges for organic molecule                                               
 -----------------------------------------------


 inopt       =     0   ioutopt     =     1
 nmol        =     1   iqopt       =     2
 ihfree      =     1   irstrnt     =     1
 iunits      =     0   qwt         =   0.00100000
 wtmol(1) =     1.000000
 subtitle:

Resp charges for organic molecule                                               
ich =   0  iuniq =  18
    1    7  -99
    2    6  -99
    3    7  -99
    4    6  -99
    5    6  -99
    6    6  -99
    7    8  -99
    8    6  -99
    9    6  -99
   10    7  -99
   11    6  -99
   12    7  -99
   13    7  -99
   14    1  -99
   15    1  -99
   16    1  -99
   17    1  -99
   18    1  -99
 new q0 values to be read  18

  ----------------------------------------------------------------------------
     ATOM                       COORDINATES                         CHARGE
                       X             Y                Z
  ----------------------------------------------------------------------------
  ----------------------------------------------------------------------------


 Charge on the molecule(ich) =    0
 Total number of atoms (iuniq)     =   18
 Weight factor on initial charge restraints(qwt)=     0.10000D-02


  there are  1 charge constraints:


     1       1
     2       1
     3       1
     4       1
     5       1
     6       1
     7       1
     8       1
     9       1
    10       1
    11       1
    12       1
    13       1
    14       1
    15       1
    16       1
    17       1
    18       1

 Reading esp"s for molecule   1
 total number of atoms      =    18
 total number of esp points =  6239


 center     X       Y       Z 
    1   0.3108724E+01  -0.2204779E+01   0.5669178E-05
    2   0.4354601E+01   0.4318591E-01   0.1247219E-03
    3   0.3232354E+01   0.2210859E+01   0.1114938E-03
    4   0.6803713E+00   0.2035377E+01  -0.1795240E-03
    5  -0.7838357E+00  -0.1092507E+00  -0.4516445E-03
    6   0.4614919E+00  -0.2517606E+01  -0.2929075E-03
    7  -0.4081506E+00  -0.4600759E+01  -0.9864370E-03
    8  -0.3377917E+01   0.7096167E+00   0.2683411E-03
    9  -0.5623416E+01  -0.7974663E+00   0.9883267E-03
   10  -0.7444766E+01  -0.1934868E+01   0.8919507E-03
   11  -0.3341166E+01   0.3266660E+01  -0.1239660E-02
   12  -0.8728644E+00   0.4060271E+01   0.4195192E-03
   13   0.6895213E+01  -0.5671257E-01   0.1001555E-03
   14   0.4073461E+01  -0.3824401E+01  -0.1341706E-02
   15  -0.4872328E+01   0.4583262E+01  -0.1666738E-02
   16  -0.2800253E+00   0.5843432E+01  -0.9127376E-03
   17   0.7852728E+01  -0.1668356E+01   0.4229207E-02
   18   0.7839988E+01   0.1565642E+01   0.1579811E-02
 Initial ssvpot =     6.157


 Number of unique UNfrozen centers=    0
 ALL charges are frozen!!!

 Non-linear optimization requested.
 qchnge =    0.1437091709    
 qchnge =     0.000000000    
 qchnge =     0.000000000    

 Convergence in    2 iterations


Resp charges for organic molecule                                               

          Point Charges Before & After Optimization

    no.  At.no.    q(init)       q(opt)     ivary    d(rstr)/dq
    1   7      -0.816627      -0.816627    -99       0.001215
    2   6       1.123507       1.123507    -99       0.000887
    3   7      -0.833182      -0.833182    -99       0.001192
    4   6       0.491860       0.491860    -99       0.001992
    5   6      -0.292627      -0.292627    -99       0.003234
    6   6       0.771838       0.771838    -99       0.001285
    7   8      -0.577469      -0.577469    -99       0.001706
    8   6      -0.106002      -0.106002    -99       0.006862
    9   6       0.462523       0.462523    -99       0.002113
   10   7      -0.506069      -0.506069    -99       0.001939
   11   6      -0.224862      -0.224862    -99       0.004063
   12   7      -0.300059      -0.300059    -99       0.003162
   13   7      -1.168466      -1.168466    -99       0.000853
   14   1       0.408457       0.408457    -99       0.000000
   15   1       0.232923       0.232923    -99       0.000000
   16   1       0.364884       0.364884    -99       0.000000
   17   1       0.484686       0.484686    -99       0.000000
   18   1       0.484686       0.484686    -99       0.000000

 Sum over the calculated charges:      0.000

        Statistics of the fitting:
  The initial sum of squares (ssvpot)                      6.157
  The residual sum of squares (chipot)                     0.010
  The std err of estimate (sqrt(chipot/N))               0.00124
  ESP relative RMS (SQRT(chipot/ssvpot))                 0.03953

 Center of Mass (Angst.):

 X  =   0.00000      Y  =   0.00000      Z  =   0.00000

 Dipole (Debye):

 X  =   8.46512      Y  =   5.05811      Z  =   0.00506

 Dipole Moment (Debye)=   9.86117

 Quadrupole (Debye*Angst.):

 Qxx =   5.79275     QYY =   4.21052     QZZ = -10.00326
 Qxy = -70.61052     QXZ =  -9.91895     QYZ = -10.02506
