                      :-) GROMACS - gmx mdrun, 2024.6 (-:

Copyright 1991-2024 The GROMACS Authors.
GROMACS is free software; you can redistribute it and/or modify it
under the terms of the GNU Lesser General Public License
as published by the Free Software Foundation; either version 2.1
of the License, or (at your option) any later version.

                         Current GROMACS contributors:
       Mark Abraham           Andrey Alekseenko           Vladimir Basov      
      Cathrine Bergh            Eliane Briand               Ania Brown        
      Mahesh Doijade            Giacomo Fiorin          Stefan Fleischmann    
      Sergey Gorelov         Gilles Gouaillardet            Alan Gray         
     M. Eric Irrgang         Farzaneh Jalalypour            Joe Jordan        
     Carsten Kutzner           Justin A. Lemkul          Magnus Lundborg      
       Pascal Merz              Vedran Miletic            Dmitry Morozov      
       Julien Nabet              Szilard Pall        Andrea Pasquadibisceglie 
    Michele Pellegrino          Hubert Santuz             Roland Schulz       
     Tatiana Shugaeva          Alexey Shvetsov            Philip Turner       
     Alessandra Villa      Sebastian Wingbermuehle  

                         Previous GROMACS contributors:
        Emile Apol             Rossen Apostolov           James Barnett       
        Paul Bauer          Herman J.C. Berendsen          Par Bjelkmar       
      Christian Blau          Viacheslav Bolnykh            Kevin Boyd        
    Aldert van Buuren          Carlo Camilloni           Rudi van Drunen      
      Anton Feenstra           Oliver Fleetwood            Vytas Gapsys       
       Gaurav Garg             Gerrit Groenhof            Bert de Groot       
      Anca Hamuraru           Vincent Hindriksen          Victor Holanda      
     Aleksei Iupinov          Christoph Junghans        Prashanth Kanduri     
   Dimitrios Karkoulis           Peter Kasson             Sebastian Kehl      
     Sebastian Keller             Jiri Kraus               Per Larsson        
      Viveca Lindahl            Erik Marklund           Pieter Meulenhoff     
      Teemu Murtola              Sander Pronk             Michael Shirts      
      Alfons Sijbers            Balint Soproni         David van der Spoel    
      Peter Tieleman            Carsten Uphoff             Jon Vincent        
     Teemu Virolainen         Christian Wennberg           Maarten Wolf       
      Artem Zhmurov       

                  Coordinated by the GROMACS project leaders:
                           Berk Hess and Erik Lindahl

GROMACS:      gmx mdrun, version 2024.6
Executable:   /misc/opt/app/gromacs/2024.6/openmpi/RTX4090/bin/gmx_mpi
Data prefix:  /misc/opt/app/gromacs/2024.6/openmpi/RTX4090
Working dir:  /misc/work19/yilan/projects/PreQ0/trial01/4_nvt-1
Process ID:   381791
Command line:
  gmx_mpi mdrun -deffnm nvt

GROMACS version:     2024.6
Precision:           mixed
Memory model:        64 bit
MPI library:         MPI
MPI library version: Open MPI v4.0.3, package: Open MPI root@yveltal Distribution, ident: 4.0.3, repo rev: v4.0.3, Mar 03, 2020
OpenMP support:      enabled (GMX_OPENMP_MAX_THREADS = 128)
GPU support:         CUDA
NBNxM GPU setup:     super-cluster 2x2x2 / cluster 8
SIMD instructions:   AVX2_256
CPU FFT library:     fftw-3.3.8-sse2-avx-avx2-avx2_128
GPU FFT library:     cuFFT
Multi-GPU FFT:       none
RDTSCP usage:        enabled
TNG support:         enabled
Hwloc support:       disabled
Tracing support:     disabled
C compiler:          /usr/bin/cc GNU 11.4.0
C compiler flags:    -fexcess-precision=fast -funroll-all-loops -mavx2 -mfma -Wno-missing-field-initializers -O3 -DNDEBUG
C++ compiler:        /usr/bin/c++ GNU 11.4.0
C++ compiler flags:  -fexcess-precision=fast -funroll-all-loops -mavx2 -mfma -Wno-missing-field-initializers -Wno-cast-function-type-strict -fopenmp -O3 -DNDEBUG
BLAS library:        External - detected on the system
LAPACK library:      External - detected on the system
CUDA compiler:       /misc/opt/compiler/cuda/12.1/bin/nvcc nvcc: NVIDIA (R) Cuda compiler driver;Copyright (c) 2005-2023 NVIDIA Corporation;Built on Tue_Feb__7_19:32:13_PST_2023;Cuda compilation tools, release 12.1, V12.1.66;Build cuda_12.1.r12.1/compiler.32415258_0
CUDA compiler flags:-std=c++17;--generate-code=arch=compute_50,code=sm_50;--generate-code=arch=compute_52,code=sm_52;--generate-code=arch=compute_60,code=sm_60;--generate-code=arch=compute_61,code=sm_61;--generate-code=arch=compute_70,code=sm_70;--generate-code=arch=compute_75,code=sm_75;--generate-code=arch=compute_80,code=sm_80;--generate-code=arch=compute_86,code=sm_86;--generate-code=arch=compute_89,code=sm_89;--generate-code=arch=compute_90,code=sm_90;-Wno-deprecated-gpu-targets;--generate-code=arch=compute_53,code=compute_53;--generate-code=arch=compute_80,code=compute_80;-use_fast_math;-Xptxas;-warn-double-usage;-Xptxas;-Werror;-D_FORCE_INLINES;-Xcompiler;-fopenmp;-fexcess-precision=fast -funroll-all-loops -mavx2 -mfma -Wno-missing-field-initializers -Wno-cast-function-type-strict -fopenmp -O3 -DNDEBUG
CUDA driver:         12.40
CUDA runtime:        12.10


Running on 1 node with total 8 cores, 16 processing units, 1 compatible GPU
Hardware detected on host rayquaza (the node of MPI rank 0):
  CPU info:
    Vendor: Intel
    Brand:  11th Gen Intel(R) Core(TM) i9-11900KF @ 3.50GHz
    Family: 6   Model: 167   Stepping: 1
    Features: aes apic avx avx2 avx512f avx512cd avx512bw avx512vl avx512secondFMA clfsh cmov cx8 cx16 f16c fma htt intel lahf mmx msr nonstop_tsc pcid pclmuldq pdcm pdpe1gb popcnt pse rdrnd rdtscp sha sse2 sse3 sse4.1 sse4.2 ssse3 tdt x2apic
    Number of AVX-512 FMA units: 1 (For Intel, AVX2 is faster w/o 2 AVX-512 FMA units)
  Hardware topology: Basic
    Packages, cores, and logical processors:
    [indices refer to OS logical processors]
      Package  0: [   0   8] [   1   9] [   2  10] [   3  11] [   4  12] [   5  13] [   6  14] [   7  15]
    CPU limit set by OS: -1   Recommended max number of threads: 16
  GPU info:
    Number of GPUs detected: 1
    #0: NVIDIA NVIDIA GeForce RTX 3090, compute cap.: 8.6, ECC:  no, stat: compatible


++++ PLEASE READ AND CITE THE FOLLOWING REFERENCE ++++
M. J. Abraham, T. Murtola, R. Schulz, S. Páll, J. C. Smith, B. Hess, E.
Lindahl
GROMACS: High performance molecular simulations through multi-level
parallelism from laptops to supercomputers
SoftwareX 1 (2015) pp. 19-25
-------- -------- --- Thank You --- -------- --------


++++ PLEASE READ AND CITE THE FOLLOWING REFERENCE ++++
S. Páll, M. J. Abraham, C. Kutzner, B. Hess, E. Lindahl
Tackling Exascale Software Challenges in Molecular Dynamics Simulations with
GROMACS
In S. Markidis & E. Laure (Eds.), Solving Software Challenges for Exascale 8759 (2015) pp. 3-27
-------- -------- --- Thank You --- -------- --------


++++ PLEASE READ AND CITE THE FOLLOWING REFERENCE ++++
S. Pronk, S. Páll, R. Schulz, P. Larsson, P. Bjelkmar, R. Apostolov, M. R.
Shirts, J. C. Smith, P. M. Kasson, D. van der Spoel, B. Hess, and E. Lindahl
GROMACS 4.5: a high-throughput and highly parallel open source molecular
simulation toolkit
Bioinformatics 29 (2013) pp. 845-54
-------- -------- --- Thank You --- -------- --------


++++ PLEASE READ AND CITE THE FOLLOWING REFERENCE ++++
B. Hess and C. Kutzner and D. van der Spoel and E. Lindahl
GROMACS 4: Algorithms for highly efficient, load-balanced, and scalable
molecular simulation
J. Chem. Theory Comput. 4 (2008) pp. 435-447
-------- -------- --- Thank You --- -------- --------


++++ PLEASE READ AND CITE THE FOLLOWING REFERENCE ++++
D. van der Spoel, E. Lindahl, B. Hess, G. Groenhof, A. E. Mark and H. J. C.
Berendsen
GROMACS: Fast, Flexible and Free
J. Comp. Chem. 26 (2005) pp. 1701-1719
-------- -------- --- Thank You --- -------- --------


++++ PLEASE READ AND CITE THE FOLLOWING REFERENCE ++++
E. Lindahl and B. Hess and D. van der Spoel
GROMACS 3.0: A package for molecular simulation and trajectory analysis
J. Mol. Mod. 7 (2001) pp. 306-317
-------- -------- --- Thank You --- -------- --------


++++ PLEASE READ AND CITE THE FOLLOWING REFERENCE ++++
H. J. C. Berendsen, D. van der Spoel and R. van Drunen
GROMACS: A message-passing parallel molecular dynamics implementation
Comp. Phys. Comm. 91 (1995) pp. 43-56
-------- -------- --- Thank You --- -------- --------


++++ PLEASE CITE THE DOI FOR THIS VERSION OF GROMACS ++++
https://doi.org/10.5281/zenodo.16925548
-------- -------- --- Thank You --- -------- --------

Input Parameters:
   integrator                     = md
   tinit                          = 0
   dt                             = 0.002
   nsteps                         = 500000
   init-step                      = 0
   simulation-part                = 1
   mts                            = false
   mass-repartition-factor        = 1
   comm-mode                      = Linear
   nstcomm                        = 100
   bd-fric                        = 0
   ld-seed                        = 1023340279
   emtol                          = 10
   emstep                         = 0.01
   niter                          = 20
   fcstep                         = 0
   nstcgsteep                     = 1000
   nbfgscorr                      = 10
   rtpi                           = 0.05
   nstxout                        = 0
   nstvout                        = 0
   nstfout                        = 0
   nstlog                         = 5000
   nstcalcenergy                  = 100
   nstenergy                      = 5000
   nstxout-compressed             = 5000
   compressed-x-precision         = 1000
   cutoff-scheme                  = Verlet
   nstlist                        = 10
   pbc                            = xyz
   periodic-molecules             = false
   verlet-buffer-tolerance        = 0.005
   verlet-buffer-pressure-tolerance = 0.5
   rlist                          = 1.007
   coulombtype                    = PME
   coulomb-modifier               = Potential-shift
   rcoulomb-switch                = 0
   rcoulomb                       = 1
   epsilon-r                      = 1
   epsilon-rf                     = inf
   vdw-type                       = Cut-off
   vdw-modifier                   = Potential-shift
   rvdw-switch                    = 0
   rvdw                           = 1
   DispCorr                       = No
   table-extension                = 1
   fourierspacing                 = 0.12
   fourier-nx                     = 72
   fourier-ny                     = 72
   fourier-nz                     = 72
   pme-order                      = 4
   ewald-rtol                     = 1e-05
   ewald-rtol-lj                  = 0.001
   lj-pme-comb-rule               = Geometric
   ewald-geometry                 = 3d
   epsilon-surface                = 0
   ensemble-temperature-setting   = variable
   tcoupl                         = Nose-Hoover
   nsttcouple                     = 50
   nh-chain-length                = 1
   print-nose-hoover-chain-variables = false
   pcoupl                         = No
   refcoord-scaling               = No
   posres-com (3):
      posres-com[0]= 0.00000e+00
      posres-com[1]= 0.00000e+00
      posres-com[2]= 0.00000e+00
   posres-comB (3):
      posres-comB[0]= 0.00000e+00
      posres-comB[1]= 0.00000e+00
      posres-comB[2]= 0.00000e+00
   QMMM                           = false
qm-opts:
   ngQM                           = 0
   constraint-algorithm           = Lincs
   continuation                   = false
   Shake-SOR                      = false
   shake-tol                      = 0.0001
   lincs-order                    = 4
   lincs-iter                     = 1
   lincs-warnangle                = 30
   nwall                          = 0
   wall-type                      = 9-3
   wall-r-linpot                  = -1
   wall-atomtype[0]               = -1
   wall-atomtype[1]               = -1
   wall-density[0]                = 0
   wall-density[1]                = 0
   wall-ewald-zfac                = 3
   pull                           = false
   awh                            = false
   rotation                       = false
   interactiveMD                  = false
   disre                          = No
   disre-weighting                = Conservative
   disre-mixed                    = false
   dr-fc                          = 1000
   dr-tau                         = 0
   nstdisreout                    = 100
   orire-fc                       = 0
   orire-tau                      = 0
   nstorireout                    = 100
   free-energy                    = no
   cos-acceleration               = 0
   deform (3x3):
      deform[    0]={ 0.00000e+00,  0.00000e+00,  0.00000e+00}
      deform[    1]={ 0.00000e+00,  0.00000e+00,  0.00000e+00}
      deform[    2]={ 0.00000e+00,  0.00000e+00,  0.00000e+00}
   simulated-tempering            = false
   swapcoords                     = no
   userint1                       = 0
   userint2                       = 0
   userint3                       = 0
   userint4                       = 0
   userreal1                      = 0
   userreal2                      = 0
   userreal3                      = 0
   userreal4                      = 0
   applied-forces:
     electric-field:
       x:
         E0                       = 0
         omega                    = 0
         t0                       = 0
         sigma                    = 0
       y:
         E0                       = 0
         omega                    = 0
         t0                       = 0
         sigma                    = 0
       z:
         E0                       = 0
         omega                    = 0
         t0                       = 0
         sigma                    = 0
     density-guided-simulation:
       active                     = false
       group                      = protein
       similarity-measure         = inner-product
       atom-spreading-weight      = unity
       force-constant             = 1e+09
       gaussian-transform-spreading-width = 0.2
       gaussian-transform-spreading-range-in-multiples-of-width = 4
       reference-density-filename = reference.mrc
       nst                        = 1
       normalize-densities        = true
       adaptive-force-scaling     = false
       adaptive-force-scaling-time-constant = 4
       shift-vector               = 
       transformation-matrix      = 
     qmmm-cp2k:
       active                     = false
       qmgroup                    = System
       qmmethod                   = PBE
       qmfilenames                = 
       qmcharge                   = 0
       qmmultiplicity             = 1
     colvars:
       active                     = false
       configfile                 = 
       seed                       = -1
grpopts:
   nrdf:       77872
   ref-t:         300
   tau-t:           2
annealing:      Single
annealing-npoints:           2
annealing-time [0]:	         0.0      1000.0
annealing-temp [0]:	       100.0       300.0
   acc:	           0           0           0
   nfreeze:           N           N           N
   energygrp-flags[  0]: 0

Changing nstlist from 10 to 80, rlist from 1.007 to 1.156

Update groups can not be used for this system because atoms that are (in)directly constrained together are interdispersed with other atoms

Update task can not run on the GPU, because the following condition(s) were not satisfied:

Nose-Hoover temperature coupling is not supported.
Virtual sites are not supported.

1 GPU selected for this run.
Mapping of GPU IDs to the 2 GPU tasks in the 1 rank on this node:
  PP:0,PME:0
PP tasks will do (non-perturbed) short-ranged interactions on the GPU
PP task will update and constrain coordinates on the CPU
PME tasks will do all aspects on the GPU
Using 1 MPI process
Using 8 OpenMP threads 

System total charge: 0.000
Will do PME sum in reciprocal space for electrostatic interactions.

++++ PLEASE READ AND CITE THE FOLLOWING REFERENCE ++++
U. Essmann, L. Perera, M. L. Berkowitz, T. Darden, H. Lee and L. G. Pedersen 
A smooth particle mesh Ewald method
J. Chem. Phys. 103 (1995) pp. 8577-8592
-------- -------- --- Thank You --- -------- --------

Using a Gaussian width (1/beta) of 0.320163 nm for Ewald
Potential shift: LJ r^-12: -1.000e+00 r^-6: -1.000e+00, Ewald -1.000e-05
Initialized non-bonded Coulomb Ewald tables, spacing: 9.33e-04 size: 1073

Generated table with 1078 data points for 1-4 COUL.
Tabscale = 500 points/nm
Generated table with 1078 data points for 1-4 LJ6.
Tabscale = 500 points/nm
Generated table with 1078 data points for 1-4 LJ12.
Tabscale = 500 points/nm


Using GPU 8x8 nonbonded short-range kernels

Using a dual 8x8 pair-list setup updated with dynamic, rolling pruning:
  outer list: updated every 80 steps, buffer 0.156 nm, rlist 1.156 nm
  inner list: updated every  8 steps, buffer 0.005 nm, rlist 1.005 nm
At tolerance 0.005 kJ/mol/ps per atom, equivalent classical 1x1 list would be:
  outer list: updated every 80 steps, buffer 0.282 nm, rlist 1.282 nm
  inner list: updated every  8 steps, buffer 0.037 nm, rlist 1.037 nm

The average pressure is off by at most 0.20 bar due to missing LJ interactions

Using Lorentz-Berthelot Lennard-Jones combination rule
Removing pbc first time

Pinning threads with an auto-selected logical cpu stride of 2

Initializing LINear Constraint Solver

++++ PLEASE READ AND CITE THE FOLLOWING REFERENCE ++++
B. Hess and H. Bekker and H. J. C. Berendsen and J. G. E. M. Fraaije
LINCS: A Linear Constraint Solver for molecular simulations
J. Comp. Chem. 18 (1997) pp. 1463-1472
-------- -------- --- Thank You --- -------- --------

The number of constraints is 365

++++ PLEASE READ AND CITE THE FOLLOWING REFERENCE ++++
S. Miyamoto and P. A. Kollman
SETTLE: An Analytical Version of the SHAKE and RATTLE Algorithms for Rigid
Water Models
J. Comp. Chem. 13 (1992) pp. 952-962
-------- -------- --- Thank You --- -------- --------

There are: 38543 Atoms
There are: 12463 VSites

Constraining the starting coordinates (step 0)

Constraining the coordinates at t0-dt (step 0)
Center of mass motion removal mode is Linear
We have the following groups for center of mass motion removal:
  0:  rest
RMS relative constraint deviation after constraining: 1.44e-06
Initial temperature: 99.8122 K

Started mdrun on rank 0 Tue Dec  9 07:21:58 2025

           Step           Time
              0        0.00000

Current ref_t for group System:    100.0

   Energies (kJ/mol)
           Bond          Angle    Proper Dih. Per. Imp. Dih.          LJ-14
    2.49544e+02    9.48618e+02    3.25925e+03    2.83131e+01    1.16305e+03
     Coulomb-14        LJ (SR)   Coulomb (SR)   Coul. recip. Position Rest.
   -1.65270e+04    1.23514e+05   -8.92806e+05    5.17271e+03    8.09447e+02
      Potential    Kinetic En.   Total Energy  Conserved En.    Temperature
   -7.74189e+05    3.23192e+04   -7.41870e+05   -7.41870e+05    9.98333e+01
 Pressure (bar)   Constr. rmsd
   -3.39187e+03    1.59949e-06

           Step           Time
           5000       10.00000

Current ref_t for group System:    102.0

   Energies (kJ/mol)
           Bond          Angle    Proper Dih. Per. Imp. Dih.          LJ-14
    5.04648e+02    1.29839e+03    3.27433e+03    3.73110e+01    1.27571e+03
     Coulomb-14        LJ (SR)   Coulomb (SR)   Coul. recip. Position Rest.
   -1.65295e+04    1.44748e+05   -9.24921e+05    2.90354e+03    6.27823e+02
      Potential    Kinetic En.   Total Energy  Conserved En.    Temperature
   -7.86780e+05    2.44051e+04   -7.62375e+05   -7.05838e+05    7.53868e+01
 Pressure (bar)   Constr. rmsd
    4.62503e+00    1.43127e-06

step 9440: timed with pme grid 72 72 72, coulomb cutoff 1.000: 148.1 M-cycles
step 9600: timed with pme grid 64 64 72, coulomb cutoff 1.009: 145.4 M-cycles
step 9760: timed with pme grid 60 60 64, coulomb cutoff 1.077: 153.6 M-cycles
step 9920: timed with pme grid 56 56 56, coulomb cutoff 1.171: 171.9 M-cycles
           Step           Time
          10000       20.00000

Current ref_t for group System:    104.0

   Energies (kJ/mol)
           Bond          Angle    Proper Dih. Per. Imp. Dih.          LJ-14
    6.82439e+02    1.53052e+03    3.32060e+03    3.75143e+01    1.24436e+03
     Coulomb-14        LJ (SR)   Coulomb (SR)   Coul. recip. Position Rest.
   -1.66242e+04    1.34944e+05   -9.08500e+05    1.79784e+03    6.63649e+02
      Potential    Kinetic En.   Total Energy  Conserved En.    Temperature
   -7.80903e+05    3.30731e+04   -7.47830e+05   -6.91694e+05    1.02162e+02
 Pressure (bar)   Constr. rmsd
   -1.19115e+03    1.49895e-06

step 10080: timed with pme grid 56 56 60, coulomb cutoff 1.154: 175.0 M-cycles
step 10240: timed with pme grid 60 56 60, coulomb cutoff 1.145: 166.9 M-cycles
step 10400: timed with pme grid 60 60 60, coulomb cutoff 1.093: 159.4 M-cycles
step 10560: timed with pme grid 60 60 64, coulomb cutoff 1.077: 157.2 M-cycles
step 10720: timed with pme grid 64 60 64, coulomb cutoff 1.069: 150.1 M-cycles
step 10880: timed with pme grid 64 64 64, coulomb cutoff 1.024: 146.2 M-cycles
step 11040: timed with pme grid 64 64 72, coulomb cutoff 1.009: 145.8 M-cycles
step 11200: timed with pme grid 72 64 72, coulomb cutoff 1.002: 145.0 M-cycles
step 11360: timed with pme grid 72 72 72, coulomb cutoff 1.000: 148.4 M-cycles
              optimal pme grid 72 64 72, coulomb cutoff 1.002
           Step           Time
          15000       30.00000

Current ref_t for group System:    106.0

   Energies (kJ/mol)
           Bond          Angle    Proper Dih. Per. Imp. Dih.          LJ-14
    6.38252e+02    1.52279e+03    3.31270e+03    3.94590e+01    1.27814e+03
     Coulomb-14        LJ (SR)   Coulomb (SR)   Coul. recip. Position Rest.
   -1.65636e+04    1.39977e+05   -9.14542e+05    2.86953e+03    6.68850e+02
      Potential    Kinetic En.   Total Energy  Conserved En.    Temperature
   -7.80800e+05    3.49713e+04   -7.45828e+05   -6.90326e+05    1.08025e+02
 Pressure (bar)   Constr. rmsd
   -6.21465e+02    1.51302e-06

           Step           Time
          20000       40.00000

Current ref_t for group System:    108.0

   Energies (kJ/mol)
           Bond          Angle    Proper Dih. Per. Imp. Dih.          LJ-14
    6.53343e+02    1.59107e+03    3.31075e+03    4.26896e+01    1.24414e+03
     Coulomb-14        LJ (SR)   Coulomb (SR)   Coul. recip. Position Rest.
   -1.66668e+04    1.39992e+05   -9.13501e+05    2.89130e+03    6.23663e+02
      Potential    Kinetic En.   Total Energy  Conserved En.    Temperature
   -7.79819e+05    3.60976e+04   -7.43721e+05   -6.89300e+05    1.11505e+02
 Pressure (bar)   Constr. rmsd
   -3.42190e+02    1.64476e-06

           Step           Time
          25000       50.00000

Current ref_t for group System:    110.0

   Energies (kJ/mol)
           Bond          Angle    Proper Dih. Per. Imp. Dih.          LJ-14
    6.81321e+02    1.47713e+03    3.32147e+03    4.48669e+01    1.23659e+03
     Coulomb-14        LJ (SR)   Coulomb (SR)   Coul. recip. Position Rest.
   -1.65716e+04    1.39577e+05   -9.13743e+05    2.88399e+03    6.87007e+02
      Potential    Kinetic En.   Total Energy  Conserved En.    Temperature
   -7.80406e+05    3.62760e+04   -7.44130e+05   -6.87987e+05    1.12056e+02
 Pressure (bar)   Constr. rmsd
   -5.24175e+02    1.44899e-06

           Step           Time
          30000       60.00000

Current ref_t for group System:    112.0

   Energies (kJ/mol)
           Bond          Angle    Proper Dih. Per. Imp. Dih.          LJ-14
    6.14975e+02    1.44321e+03    3.33285e+03    4.19684e+01    1.27931e+03
     Coulomb-14        LJ (SR)   Coulomb (SR)   Coul. recip. Position Rest.
   -1.66033e+04    1.40451e+05   -9.16308e+05    2.84212e+03    6.66301e+02
      Potential    Kinetic En.   Total Energy  Conserved En.    Temperature
   -7.82239e+05    3.48285e+04   -7.47410e+05   -6.85809e+05    1.07584e+02
 Pressure (bar)   Constr. rmsd
   -3.37093e+02    1.53477e-06

           Step           Time
          35000       70.00000

Current ref_t for group System:    114.0

   Energies (kJ/mol)
           Bond          Angle    Proper Dih. Per. Imp. Dih.          LJ-14
    5.80089e+02    1.31853e+03    3.26475e+03    3.48531e+01    1.26735e+03
     Coulomb-14        LJ (SR)   Coulomb (SR)   Coul. recip. Position Rest.
   -1.64626e+04    1.41304e+05   -9.21992e+05    2.82761e+03    6.33258e+02
      Potential    Kinetic En.   Total Energy  Conserved En.    Temperature
   -7.87224e+05    3.08235e+04   -7.56401e+05   -6.79749e+05    9.52131e+01
 Pressure (bar)   Constr. rmsd
   -8.00297e+02    1.56487e-06

           Step           Time
          40000       80.00000

Current ref_t for group System:    116.0

   Energies (kJ/mol)
           Bond          Angle    Proper Dih. Per. Imp. Dih.          LJ-14
    6.44657e+02    1.50424e+03    3.32569e+03    4.77434e+01    1.25669e+03
     Coulomb-14        LJ (SR)   Coulomb (SR)   Coul. recip. Position Rest.
   -1.66251e+04    1.41072e+05   -9.19352e+05    2.85332e+03    6.39662e+02
      Potential    Kinetic En.   Total Energy  Conserved En.    Temperature
   -7.84633e+05    3.36387e+04   -7.50994e+05   -6.65118e+05    1.03909e+02
 Pressure (bar)   Constr. rmsd
   -4.77419e+02    1.53472e-06

           Step           Time
          45000       90.00000

Current ref_t for group System:    118.0

   Energies (kJ/mol)
           Bond          Angle    Proper Dih. Per. Imp. Dih.          LJ-14
    7.64604e+02    1.66247e+03    3.36053e+03    5.36219e+01    1.31040e+03
     Coulomb-14        LJ (SR)   Coulomb (SR)   Coul. recip. Position Rest.
   -1.65792e+04    1.37941e+05   -9.07627e+05    2.92251e+03    6.47343e+02
      Potential    Kinetic En.   Total Energy  Conserved En.    Temperature
   -7.75544e+05    4.27197e+04   -7.32824e+05   -6.55298e+05    1.31960e+02
 Pressure (bar)   Constr. rmsd
   -2.83320e+02    1.70641e-06

           Step           Time
          50000      100.00000

Current ref_t for group System:    120.0

   Energies (kJ/mol)
           Bond          Angle    Proper Dih. Per. Imp. Dih.          LJ-14
    6.41068e+02    1.49322e+03    3.31759e+03    4.33717e+01    1.30372e+03
     Coulomb-14        LJ (SR)   Coulomb (SR)   Coul. recip. Position Rest.
   -1.65621e+04    1.39941e+05   -9.14785e+05    2.81769e+03    6.35520e+02
      Potential    Kinetic En.   Total Energy  Conserved En.    Temperature
   -7.81154e+05    3.74895e+04   -7.43664e+05   -6.53454e+05    1.15804e+02
 Pressure (bar)   Constr. rmsd
   -4.52541e+02    1.57997e-06

           Step           Time
          55000      110.00000

Current ref_t for group System:    122.0

   Energies (kJ/mol)
           Bond          Angle    Proper Dih. Per. Imp. Dih.          LJ-14
    6.28132e+02    1.51589e+03    3.30254e+03    4.02762e+01    1.25883e+03
     Coulomb-14        LJ (SR)   Coulomb (SR)   Coul. recip. Position Rest.
   -1.64878e+04    1.40108e+05   -9.14511e+05    2.82598e+03    6.66806e+02
      Potential    Kinetic En.   Total Energy  Conserved En.    Temperature
   -7.80652e+05    3.84337e+04   -7.42219e+05   -6.50506e+05    1.18721e+02
 Pressure (bar)   Constr. rmsd
   -5.49139e+02    1.49161e-06

           Step           Time
          60000      120.00000

Current ref_t for group System:    124.0

   Energies (kJ/mol)
           Bond          Angle    Proper Dih. Per. Imp. Dih.          LJ-14
    6.94810e+02    1.54436e+03    3.31222e+03    4.81413e+01    1.26219e+03
     Coulomb-14        LJ (SR)   Coulomb (SR)   Coul. recip. Position Rest.
   -1.65594e+04    1.39721e+05   -9.07711e+05    2.93693e+03    6.53642e+02
      Potential    Kinetic En.   Total Energy  Conserved En.    Temperature
   -7.74098e+05    4.45099e+04   -7.29588e+05   -6.47873e+05    1.37490e+02
 Pressure (bar)   Constr. rmsd
    1.58262e+01    1.59608e-06

           Step           Time
          65000      130.00000

Current ref_t for group System:    126.0

   Energies (kJ/mol)
           Bond          Angle    Proper Dih. Per. Imp. Dih.          LJ-14
    5.93158e+02    1.45402e+03    3.33038e+03    4.01783e+01    1.25126e+03
     Coulomb-14        LJ (SR)   Coulomb (SR)   Coul. recip. Position Rest.
   -1.64873e+04    1.40233e+05   -9.19434e+05    2.80823e+03    6.49542e+02
      Potential    Kinetic En.   Total Energy  Conserved En.    Temperature
   -7.85562e+05    3.43108e+04   -7.51251e+05   -6.41397e+05    1.05985e+02
 Pressure (bar)   Constr. rmsd
   -9.81427e+02    1.59644e-06

           Step           Time
          70000      140.00000

Current ref_t for group System:    128.0

   Energies (kJ/mol)
           Bond          Angle    Proper Dih. Per. Imp. Dih.          LJ-14
    7.37912e+02    1.65564e+03    3.36313e+03    4.98299e+01    1.30013e+03
     Coulomb-14        LJ (SR)   Coulomb (SR)   Coul. recip. Position Rest.
   -1.64630e+04    1.34670e+05   -8.99898e+05    2.94845e+03    6.53301e+02
      Potential    Kinetic En.   Total Energy  Conserved En.    Temperature
   -7.70983e+05    4.75444e+04   -7.23439e+05   -6.24088e+05    1.46863e+02
 Pressure (bar)   Constr. rmsd
   -5.49898e+02    1.49480e-06

           Step           Time
          75000      150.00000

Current ref_t for group System:    130.0

   Energies (kJ/mol)
           Bond          Angle    Proper Dih. Per. Imp. Dih.          LJ-14
    6.53000e+02    1.46969e+03    3.37201e+03    4.58649e+01    1.29579e+03
     Coulomb-14        LJ (SR)   Coulomb (SR)   Coul. recip. Position Rest.
   -1.65158e+04    1.41328e+05   -9.14364e+05    2.76040e+03    6.78200e+02
      Potential    Kinetic En.   Total Energy  Conserved En.    Temperature
   -7.79277e+05    4.05216e+04   -7.38755e+05   -6.20972e+05    1.25170e+02
 Pressure (bar)   Constr. rmsd
   -1.94852e+02    1.58030e-06

           Step           Time
          80000      160.00000

Current ref_t for group System:    132.0

   Energies (kJ/mol)
           Bond          Angle    Proper Dih. Per. Imp. Dih.          LJ-14
    6.36502e+02    1.53459e+03    3.30697e+03    4.00251e+01    1.31395e+03
     Coulomb-14        LJ (SR)   Coulomb (SR)   Coul. recip. Position Rest.
   -1.65508e+04    1.41214e+05   -9.13245e+05    2.79065e+03    6.34388e+02
      Potential    Kinetic En.   Total Energy  Conserved En.    Temperature
   -7.78325e+05    4.17260e+04   -7.36599e+05   -6.19527e+05    1.28890e+02
 Pressure (bar)   Constr. rmsd
   -2.73980e+02    1.50777e-06

           Step           Time
          85000      170.00000

Current ref_t for group System:    134.0

   Energies (kJ/mol)
           Bond          Angle    Proper Dih. Per. Imp. Dih.          LJ-14
    6.87282e+02    1.56610e+03    3.36155e+03    5.14407e+01    1.30927e+03
     Coulomb-14        LJ (SR)   Coulomb (SR)   Coul. recip. Position Rest.
   -1.65372e+04    1.39388e+05   -9.07799e+05    2.85853e+03    6.45776e+02
      Potential    Kinetic En.   Total Energy  Conserved En.    Temperature
   -7.74468e+05    4.58097e+04   -7.28658e+05   -6.12388e+05    1.41505e+02
 Pressure (bar)   Constr. rmsd
   -7.84314e+01    1.45359e-06

           Step           Time
          90000      180.00000

Current ref_t for group System:    136.0

   Energies (kJ/mol)
           Bond          Angle    Proper Dih. Per. Imp. Dih.          LJ-14
    6.27414e+02    1.46091e+03    3.34280e+03    4.37507e+01    1.29046e+03
     Coulomb-14        LJ (SR)   Coulomb (SR)   Coul. recip. Position Rest.
   -1.64941e+04    1.39354e+05   -9.15355e+05    2.75024e+03    6.24408e+02
      Potential    Kinetic En.   Total Energy  Conserved En.    Temperature
   -7.82355e+05    3.90106e+04   -7.43344e+05   -6.08769e+05    1.20503e+02
 Pressure (bar)   Constr. rmsd
   -6.82833e+02    1.47124e-06

           Step           Time
          95000      190.00000

Current ref_t for group System:    138.0

   Energies (kJ/mol)
           Bond          Angle    Proper Dih. Per. Imp. Dih.          LJ-14
    7.78338e+02    1.61294e+03    3.40170e+03    5.53406e+01    1.30503e+03
     Coulomb-14        LJ (SR)   Coulomb (SR)   Coul. recip. Position Rest.
   -1.65101e+04    1.34677e+05   -8.96953e+05    2.94389e+03    6.58710e+02
      Potential    Kinetic En.   Total Energy  Conserved En.    Temperature
   -7.68030e+05    5.08970e+04   -7.17133e+05   -5.98616e+05    1.57220e+02
 Pressure (bar)   Constr. rmsd
   -4.16780e+02    1.46385e-06

           Step           Time
         100000      200.00000

Current ref_t for group System:    140.0

   Energies (kJ/mol)
           Bond          Angle    Proper Dih. Per. Imp. Dih.          LJ-14
    7.71871e+02    1.57564e+03    3.37028e+03    4.09306e+01    1.29815e+03
     Coulomb-14        LJ (SR)   Coulomb (SR)   Coul. recip. Position Rest.
   -1.65509e+04    1.38781e+05   -9.08080e+05    2.85843e+03    6.72256e+02
      Potential    Kinetic En.   Total Energy  Conserved En.    Temperature
   -7.75262e+05    4.55886e+04   -7.29674e+05   -5.89677e+05    1.40822e+02
 Pressure (bar)   Constr. rmsd
   -4.17918e+02    1.60191e-06

           Step           Time
         105000      210.00000

Current ref_t for group System:    142.0

   Energies (kJ/mol)
           Bond          Angle    Proper Dih. Per. Imp. Dih.          LJ-14
    6.77543e+02    1.61422e+03    3.30917e+03    4.16334e+01    1.28824e+03
     Coulomb-14        LJ (SR)   Coulomb (SR)   Coul. recip. Position Rest.
   -1.66147e+04    1.39101e+05   -9.09604e+05    2.90768e+03    6.53212e+02
      Potential    Kinetic En.   Total Energy  Conserved En.    Temperature
   -7.76626e+05    4.47995e+04   -7.31827e+05   -5.87790e+05    1.38384e+02
 Pressure (bar)   Constr. rmsd
   -3.27878e+02    1.44028e-06

           Step           Time
         110000      220.00000

Current ref_t for group System:    144.0

   Energies (kJ/mol)
           Bond          Angle    Proper Dih. Per. Imp. Dih.          LJ-14
    6.50099e+02    1.57542e+03    3.35010e+03    4.32415e+01    1.27752e+03
     Coulomb-14        LJ (SR)   Coulomb (SR)   Coul. recip. Position Rest.
   -1.65541e+04    1.38917e+05   -9.10106e+05    2.81236e+03    6.58179e+02
      Potential    Kinetic En.   Total Energy  Conserved En.    Temperature
   -7.77377e+05    4.40315e+04   -7.33345e+05   -5.85878e+05    1.36012e+02
 Pressure (bar)   Constr. rmsd
   -6.61331e+02    1.70242e-06

           Step           Time
         115000      230.00000

Current ref_t for group System:    146.0

   Energies (kJ/mol)
           Bond          Angle    Proper Dih. Per. Imp. Dih.          LJ-14
    6.66686e+02    1.67522e+03    3.33023e+03    3.77254e+01    1.24150e+03
     Coulomb-14        LJ (SR)   Coulomb (SR)   Coul. recip. Position Rest.
   -1.65925e+04    1.38873e+05   -9.06735e+05    2.89766e+03    6.39643e+02
      Potential    Kinetic En.   Total Energy  Conserved En.    Temperature
   -7.73966e+05    4.82146e+04   -7.25751e+05   -5.82335e+05    1.48934e+02
 Pressure (bar)   Constr. rmsd
   -2.37666e+02    1.41530e-06

           Step           Time
         120000      240.00000

Current ref_t for group System:    148.0

   Energies (kJ/mol)
           Bond          Angle    Proper Dih. Per. Imp. Dih.          LJ-14
    7.81930e+02    1.78406e+03    3.34152e+03    4.81183e+01    1.30689e+03
     Coulomb-14        LJ (SR)   Coulomb (SR)   Coul. recip. Position Rest.
   -1.65552e+04    1.36573e+05   -8.93963e+05    2.96133e+03    6.41269e+02
      Potential    Kinetic En.   Total Energy  Conserved En.    Temperature
   -7.63080e+05    5.67565e+04   -7.06324e+05   -5.69840e+05    1.75319e+02
 Pressure (bar)   Constr. rmsd
    1.76786e+02    1.69241e-06

           Step           Time
         125000      250.00000

Current ref_t for group System:    150.0

   Energies (kJ/mol)
           Bond          Angle    Proper Dih. Per. Imp. Dih.          LJ-14
    7.72627e+02    1.72688e+03    3.40452e+03    5.96596e+01    1.27893e+03
     Coulomb-14        LJ (SR)   Coulomb (SR)   Coul. recip. Position Rest.
   -1.64692e+04    1.36238e+05   -8.96760e+05    3.00449e+03    6.42509e+02
      Potential    Kinetic En.   Total Energy  Conserved En.    Temperature
   -7.66102e+05    5.54330e+04   -7.10669e+05   -5.48719e+05    1.71231e+02
 Pressure (bar)   Constr. rmsd
   -1.75659e+02    1.65544e-06

           Step           Time
         130000      260.00000

Current ref_t for group System:    152.0

   Energies (kJ/mol)
           Bond          Angle    Proper Dih. Per. Imp. Dih.          LJ-14
    8.15046e+02    1.73457e+03    3.38665e+03    4.66503e+01    1.29943e+03
     Coulomb-14        LJ (SR)   Coulomb (SR)   Coul. recip. Position Rest.
   -1.66664e+04    1.37631e+05   -8.98768e+05    2.95300e+03    6.50894e+02
      Potential    Kinetic En.   Total Energy  Conserved En.    Temperature
   -7.66918e+05    5.38380e+04   -7.13080e+05   -5.42500e+05    1.66304e+02
 Pressure (bar)   Constr. rmsd
   -1.89673e+02    1.81305e-06

           Step           Time
         135000      270.00000

Current ref_t for group System:    154.0

   Energies (kJ/mol)
           Bond          Angle    Proper Dih. Per. Imp. Dih.          LJ-14
    7.36606e+02    1.74177e+03    3.37794e+03    4.49575e+01    1.29001e+03
     Coulomb-14        LJ (SR)   Coulomb (SR)   Coul. recip. Position Rest.
   -1.65212e+04    1.36523e+05   -8.97963e+05    2.92646e+03    6.47183e+02
      Potential    Kinetic En.   Total Energy  Conserved En.    Temperature
   -7.67197e+05    5.34514e+04   -7.13745e+05   -5.35520e+05    1.65110e+02
 Pressure (bar)   Constr. rmsd
   -3.41688e+02    1.71718e-06

           Step           Time
         140000      280.00000

Current ref_t for group System:    156.0

   Energies (kJ/mol)
           Bond          Angle    Proper Dih. Per. Imp. Dih.          LJ-14
    7.77571e+02    1.70965e+03    3.39330e+03    5.21137e+01    1.30126e+03
     Coulomb-14        LJ (SR)   Coulomb (SR)   Coul. recip. Position Rest.
   -1.65658e+04    1.35757e+05   -8.96708e+05    2.92925e+03    6.20524e+02
      Potential    Kinetic En.   Total Energy  Conserved En.    Temperature
   -7.66734e+05    5.40222e+04   -7.12712e+05   -5.27392e+05    1.66873e+02
 Pressure (bar)   Constr. rmsd
   -3.38488e+02    1.64038e-06

           Step           Time
         145000      290.00000

Current ref_t for group System:    158.0

   Energies (kJ/mol)
           Bond          Angle    Proper Dih. Per. Imp. Dih.          LJ-14
    8.18023e+02    1.72552e+03    3.40241e+03    5.74035e+01    1.27659e+03
     Coulomb-14        LJ (SR)   Coulomb (SR)   Coul. recip. Position Rest.
   -1.66366e+04    1.35918e+05   -8.95496e+05    2.82914e+03    6.15486e+02
      Potential    Kinetic En.   Total Energy  Conserved En.    Temperature
   -7.65490e+05    5.57214e+04   -7.09769e+05   -5.17718e+05    1.72122e+02
 Pressure (bar)   Constr. rmsd
   -2.70399e+02    1.61158e-06

           Step           Time
         150000      300.00000

Current ref_t for group System:    160.0

   Energies (kJ/mol)
           Bond          Angle    Proper Dih. Per. Imp. Dih.          LJ-14
    7.59717e+02    1.80532e+03    3.40013e+03    4.81598e+01    1.29161e+03
     Coulomb-14        LJ (SR)   Coulomb (SR)   Coul. recip. Position Rest.
   -1.66132e+04    1.35697e+05   -8.94583e+05    2.85882e+03    6.25281e+02
      Potential    Kinetic En.   Total Energy  Conserved En.    Temperature
   -7.64710e+05    5.67231e+04   -7.07986e+05   -5.07959e+05    1.75216e+02
 Pressure (bar)   Constr. rmsd
   -8.19461e+01    1.59820e-06

           Step           Time
         155000      310.00000

Current ref_t for group System:    162.0

   Energies (kJ/mol)
           Bond          Angle    Proper Dih. Per. Imp. Dih.          LJ-14
    8.04297e+02    1.76822e+03    3.36553e+03    5.23164e+01    1.33928e+03
     Coulomb-14        LJ (SR)   Coulomb (SR)   Coul. recip. Position Rest.
   -1.65740e+04    1.35021e+05   -8.92567e+05    2.98589e+03    5.98788e+02
      Potential    Kinetic En.   Total Energy  Conserved En.    Temperature
   -7.63206e+05    5.81238e+04   -7.05082e+05   -4.98693e+05    1.79543e+02
 Pressure (bar)   Constr. rmsd
   -9.55019e+01    1.87046e-06

           Step           Time
         160000      320.00000

Current ref_t for group System:    164.0

   Energies (kJ/mol)
           Bond          Angle    Proper Dih. Per. Imp. Dih.          LJ-14
    8.12222e+02    1.74869e+03    3.37604e+03    4.52078e+01    1.27609e+03
     Coulomb-14        LJ (SR)   Coulomb (SR)   Coul. recip. Position Rest.
   -1.65170e+04    1.36146e+05   -8.95992e+05    2.87199e+03    6.23253e+02
      Potential    Kinetic En.   Total Energy  Conserved En.    Temperature
   -7.65609e+05    5.60831e+04   -7.09526e+05   -4.94459e+05    1.73239e+02
 Pressure (bar)   Constr. rmsd
   -3.41160e+02    1.67824e-06

           Step           Time
         165000      330.00000

Current ref_t for group System:    166.0

   Energies (kJ/mol)
           Bond          Angle    Proper Dih. Per. Imp. Dih.          LJ-14
    7.79716e+02    1.68394e+03    3.38208e+03    4.19570e+01    1.31224e+03
     Coulomb-14        LJ (SR)   Coulomb (SR)   Coul. recip. Position Rest.
   -1.66278e+04    1.36338e+05   -8.99198e+05    2.87471e+03    6.12188e+02
      Potential    Kinetic En.   Total Energy  Conserved En.    Temperature
   -7.68801e+05    5.42470e+04   -7.14554e+05   -4.90370e+05    1.67568e+02
 Pressure (bar)   Constr. rmsd
   -3.36291e+02    1.62225e-06

           Step           Time
         170000      340.00000

Current ref_t for group System:    168.0

   Energies (kJ/mol)
           Bond          Angle    Proper Dih. Per. Imp. Dih.          LJ-14
    7.44102e+02    1.67586e+03    3.36476e+03    5.21257e+01    1.27329e+03
     Coulomb-14        LJ (SR)   Coulomb (SR)   Coul. recip. Position Rest.
   -1.66011e+04    1.37601e+05   -9.05735e+05    2.79097e+03    6.20599e+02
      Potential    Kinetic En.   Total Energy  Conserved En.    Temperature
   -7.74213e+05    5.01415e+04   -7.24072e+05   -4.82533e+05    1.54886e+02
 Pressure (bar)   Constr. rmsd
   -6.73795e+02    1.71903e-06

           Step           Time
         175000      350.00000

Current ref_t for group System:    170.0

   Energies (kJ/mol)
           Bond          Angle    Proper Dih. Per. Imp. Dih.          LJ-14
    6.64397e+02    1.55976e+03    3.38084e+03    4.02574e+01    1.28870e+03
     Coulomb-14        LJ (SR)   Coulomb (SR)   Coul. recip. Position Rest.
   -1.65193e+04    1.38210e+05   -9.08370e+05    2.71562e+03    6.30588e+02
      Potential    Kinetic En.   Total Energy  Conserved En.    Temperature
   -7.76399e+05    4.77268e+04   -7.28673e+05   -4.65831e+05    1.47427e+02
 Pressure (bar)   Constr. rmsd
   -5.57547e+02    1.63403e-06

           Step           Time
         180000      360.00000

Current ref_t for group System:    172.0

   Energies (kJ/mol)
           Bond          Angle    Proper Dih. Per. Imp. Dih.          LJ-14
    8.62674e+02    1.89731e+03    3.41152e+03    5.79444e+01    1.30395e+03
     Coulomb-14        LJ (SR)   Coulomb (SR)   Coul. recip. Position Rest.
   -1.66325e+04    1.32522e+05   -8.89195e+05    2.97566e+03    6.19163e+02
      Potential    Kinetic En.   Total Energy  Conserved En.    Temperature
   -7.62177e+05    6.00833e+04   -7.02094e+05   -4.50699e+05    1.85596e+02
 Pressure (bar)   Constr. rmsd
   -5.30425e+02    2.05290e-06

           Step           Time
         185000      370.00000

Current ref_t for group System:    174.0

   Energies (kJ/mol)
           Bond          Angle    Proper Dih. Per. Imp. Dih.          LJ-14
    8.08492e+02    1.90248e+03    3.43250e+03    5.53518e+01    1.27847e+03
     Coulomb-14        LJ (SR)   Coulomb (SR)   Coul. recip. Position Rest.
   -1.65858e+04    1.33158e+05   -8.88905e+05    3.03345e+03    6.40623e+02
      Potential    Kinetic En.   Total Energy  Conserved En.    Temperature
   -7.61181e+05    6.00188e+04   -7.01163e+05   -4.43867e+05    1.85396e+02
 Pressure (bar)   Constr. rmsd
   -3.52152e+02    1.83893e-06

           Step           Time
         190000      380.00000

Current ref_t for group System:    176.0

   Energies (kJ/mol)
           Bond          Angle    Proper Dih. Per. Imp. Dih.          LJ-14
    7.93297e+02    1.75449e+03    3.36459e+03    4.78902e+01    1.28591e+03
     Coulomb-14        LJ (SR)   Coulomb (SR)   Coul. recip. Position Rest.
   -1.65887e+04    1.37083e+05   -9.03943e+05    2.85948e+03    6.19527e+02
      Potential    Kinetic En.   Total Energy  Conserved En.    Temperature
   -7.72724e+05    5.11110e+04   -7.21613e+05   -4.32327e+05    1.57881e+02
 Pressure (bar)   Constr. rmsd
   -7.30077e+02    1.56210e-06

           Step           Time
         195000      390.00000

Current ref_t for group System:    178.0

   Energies (kJ/mol)
           Bond          Angle    Proper Dih. Per. Imp. Dih.          LJ-14
    8.32678e+02    1.76642e+03    3.44614e+03    5.11647e+01    1.31733e+03
     Coulomb-14        LJ (SR)   Coulomb (SR)   Coul. recip. Position Rest.
   -1.65431e+04    1.35054e+05   -8.91050e+05    3.02227e+03    6.72681e+02
      Potential    Kinetic En.   Total Energy  Conserved En.    Temperature
   -7.61431e+05    6.10782e+04   -7.00353e+05   -4.20183e+05    1.88669e+02
 Pressure (bar)   Constr. rmsd
   -1.61687e+02    1.88705e-06

           Step           Time
         200000      400.00000

Current ref_t for group System:    180.0

   Energies (kJ/mol)
           Bond          Angle    Proper Dih. Per. Imp. Dih.          LJ-14
    8.37404e+02    1.85154e+03    3.42182e+03    5.07125e+01    1.32903e+03
     Coulomb-14        LJ (SR)   Coulomb (SR)   Coul. recip. Position Rest.
   -1.66540e+04    1.34785e+05   -8.91444e+05    2.98696e+03    6.55161e+02
      Potential    Kinetic En.   Total Energy  Conserved En.    Temperature
   -7.62181e+05    6.06021e+04   -7.01579e+05   -4.14320e+05    1.87198e+02
 Pressure (bar)   Constr. rmsd
   -1.55533e+02    1.69468e-06

           Step           Time
         205000      410.00000

Current ref_t for group System:    182.0

   Energies (kJ/mol)
           Bond          Angle    Proper Dih. Per. Imp. Dih.          LJ-14
    7.93266e+02    1.76000e+03    3.36899e+03    4.95636e+01    1.28004e+03
     Coulomb-14        LJ (SR)   Coulomb (SR)   Coul. recip. Position Rest.
   -1.66899e+04    1.35922e+05   -9.00706e+05    2.89197e+03    6.46311e+02
      Potential    Kinetic En.   Total Energy  Conserved En.    Temperature
   -7.70683e+05    5.36034e+04   -7.17080e+05   -3.94193e+05    1.65580e+02
 Pressure (bar)   Constr. rmsd
   -5.12481e+02    1.56727e-06

           Step           Time
         210000      420.00000

Current ref_t for group System:    184.0

   Energies (kJ/mol)
           Bond          Angle    Proper Dih. Per. Imp. Dih.          LJ-14
    9.26518e+02    1.88247e+03    3.40003e+03    5.29125e+01    1.32599e+03
     Coulomb-14        LJ (SR)   Coulomb (SR)   Coul. recip. Position Rest.
   -1.65952e+04    1.33942e+05   -8.86604e+05    2.96591e+03    6.34486e+02
      Potential    Kinetic En.   Total Energy  Conserved En.    Temperature
   -7.58069e+05    6.46511e+04   -6.93418e+05   -3.86445e+05    1.99706e+02
 Pressure (bar)   Constr. rmsd
   -7.61469e+01    2.34376e-06

           Step           Time
         215000      430.00000

Current ref_t for group System:    186.0

   Energies (kJ/mol)
           Bond          Angle    Proper Dih. Per. Imp. Dih.          LJ-14
    8.10374e+02    1.68214e+03    3.36685e+03    4.38366e+01    1.29641e+03
     Coulomb-14        LJ (SR)   Coulomb (SR)   Coul. recip. Position Rest.
   -1.65589e+04    1.36907e+05   -9.03931e+05    2.74186e+03    6.11405e+02
      Potential    Kinetic En.   Total Energy  Conserved En.    Temperature
   -7.73030e+05    5.12933e+04   -7.21736e+05   -3.70337e+05    1.58444e+02
 Pressure (bar)   Constr. rmsd
   -5.59403e+02    1.64592e-06

           Step           Time
         220000      440.00000

Current ref_t for group System:    188.0

   Energies (kJ/mol)
           Bond          Angle    Proper Dih. Per. Imp. Dih.          LJ-14
    9.69619e+02    2.19184e+03    3.47938e+03    5.87886e+01    1.34170e+03
     Coulomb-14        LJ (SR)   Coulomb (SR)   Coul. recip. Position Rest.
   -1.65751e+04    1.29530e+05   -8.72108e+05    3.22496e+03    6.95343e+02
      Potential    Kinetic En.   Total Energy  Conserved En.    Temperature
   -7.47192e+05    7.34349e+04   -6.73757e+05   -3.41945e+05    2.26839e+02
 Pressure (bar)   Constr. rmsd
    1.16042e+02    2.02277e-06

           Step           Time
         225000      450.00000

Current ref_t for group System:    190.0

   Energies (kJ/mol)
           Bond          Angle    Proper Dih. Per. Imp. Dih.          LJ-14
    7.98239e+02    1.75645e+03    3.37042e+03    4.14595e+01    1.31138e+03
     Coulomb-14        LJ (SR)   Coulomb (SR)   Coul. recip. Position Rest.
   -1.64390e+04    1.34380e+05   -8.95747e+05    2.88558e+03    6.46372e+02
      Potential    Kinetic En.   Total Energy  Conserved En.    Temperature
   -7.66996e+05    5.72159e+04   -7.09781e+05   -3.24018e+05    1.76738e+02
 Pressure (bar)   Constr. rmsd
   -2.71635e+02    1.51721e-06

           Step           Time
         230000      460.00000

Current ref_t for group System:    192.0

   Energies (kJ/mol)
           Bond          Angle    Proper Dih. Per. Imp. Dih.          LJ-14
    1.01325e+03    1.99252e+03    3.46206e+03    5.49225e+01    1.34013e+03
     Coulomb-14        LJ (SR)   Coulomb (SR)   Coul. recip. Position Rest.
   -1.66321e+04    1.34395e+05   -8.81951e+05    3.12247e+03    6.82422e+02
      Potential    Kinetic En.   Total Energy  Conserved En.    Temperature
   -7.52520e+05    6.93572e+04   -6.83163e+05   -3.14153e+05    2.14243e+02
 Pressure (bar)   Constr. rmsd
    4.27199e+02    2.20155e-06

           Step           Time
         235000      470.00000

Current ref_t for group System:    194.0

   Energies (kJ/mol)
           Bond          Angle    Proper Dih. Per. Imp. Dih.          LJ-14
    7.92624e+02    1.68567e+03    3.40065e+03    4.73945e+01    1.30501e+03
     Coulomb-14        LJ (SR)   Coulomb (SR)   Coul. recip. Position Rest.
   -1.64928e+04    1.36328e+05   -9.01362e+05    2.77291e+03    6.04075e+02
      Potential    Kinetic En.   Total Energy  Conserved En.    Temperature
   -7.70918e+05    5.44956e+04   -7.16423e+05   -2.78672e+05    1.68335e+02
 Pressure (bar)   Constr. rmsd
   -5.73302e+02    1.57747e-06

           Step           Time
         240000      480.00000

Current ref_t for group System:    196.0

   Energies (kJ/mol)
           Bond          Angle    Proper Dih. Per. Imp. Dih.          LJ-14
    8.62215e+02    1.85136e+03    3.41089e+03    5.51157e+01    1.31485e+03
     Coulomb-14        LJ (SR)   Coulomb (SR)   Coul. recip. Position Rest.
   -1.66378e+04    1.31858e+05   -8.86932e+05    2.96122e+03    6.63247e+02
      Potential    Kinetic En.   Total Energy  Conserved En.    Temperature
   -7.60592e+05    6.25359e+04   -6.98057e+05   -2.61743e+05    1.93172e+02
 Pressure (bar)   Constr. rmsd
   -1.51648e+02    1.58353e-06

           Step           Time
         245000      490.00000

Current ref_t for group System:    198.0

   Energies (kJ/mol)
           Bond          Angle    Proper Dih. Per. Imp. Dih.          LJ-14
    9.35284e+02    2.02578e+03    3.42618e+03    5.71856e+01    1.36155e+03
     Coulomb-14        LJ (SR)   Coulomb (SR)   Coul. recip. Position Rest.
   -1.66425e+04    1.30184e+05   -8.73897e+05    3.09530e+03    6.78570e+02
      Potential    Kinetic En.   Total Energy  Conserved En.    Temperature
   -7.48776e+05    7.08527e+04   -6.77923e+05   -2.46865e+05    2.18862e+02
 Pressure (bar)   Constr. rmsd
    6.91068e+01    2.06565e-06

           Step           Time
         250000      500.00000

Current ref_t for group System:    200.0

   Energies (kJ/mol)
           Bond          Angle    Proper Dih. Per. Imp. Dih.          LJ-14
    8.04356e+02    1.65355e+03    3.39148e+03    4.88016e+01    1.30685e+03
     Coulomb-14        LJ (SR)   Coulomb (SR)   Coul. recip. Position Rest.
   -1.65848e+04    1.34986e+05   -9.00073e+05    2.69801e+03    6.50259e+02
      Potential    Kinetic En.   Total Energy  Conserved En.    Temperature
   -7.71118e+05    5.40905e+04   -7.17028e+05   -2.24045e+05    1.67084e+02
 Pressure (bar)   Constr. rmsd
   -8.05163e+02    1.62874e-06

           Step           Time
         255000      510.00000

Current ref_t for group System:    202.0

   Energies (kJ/mol)
           Bond          Angle    Proper Dih. Per. Imp. Dih.          LJ-14
    9.52749e+02    2.04659e+03    3.45929e+03    5.58190e+01    1.28839e+03
     Coulomb-14        LJ (SR)   Coulomb (SR)   Coul. recip. Position Rest.
   -1.65791e+04    1.29796e+05   -8.76401e+05    3.16893e+03    6.88316e+02
      Potential    Kinetic En.   Total Energy  Conserved En.    Temperature
   -7.51524e+05    7.01846e+04   -6.81339e+05   -1.95686e+05    2.16799e+02
 Pressure (bar)   Constr. rmsd
   -6.86734e+01    1.72565e-06

           Step           Time
         260000      520.00000

Current ref_t for group System:    204.0

   Energies (kJ/mol)
           Bond          Angle    Proper Dih. Per. Imp. Dih.          LJ-14
    9.77904e+02    2.02303e+03    3.41211e+03    5.02519e+01    1.28694e+03
     Coulomb-14        LJ (SR)   Coulomb (SR)   Coul. recip. Position Rest.
   -1.66490e+04    1.30255e+05   -8.75622e+05    3.09495e+03    6.60435e+02
      Potential    Kinetic En.   Total Energy  Conserved En.    Temperature
   -7.50511e+05    7.10109e+04   -6.79500e+05   -1.65209e+05    2.19351e+02
 Pressure (bar)   Constr. rmsd
   -3.48696e+02    2.06099e-06

           Step           Time
         265000      530.00000

Current ref_t for group System:    206.0

   Energies (kJ/mol)
           Bond          Angle    Proper Dih. Per. Imp. Dih.          LJ-14
    9.55765e+02    1.76718e+03    3.36831e+03    4.33525e+01    1.26372e+03
     Coulomb-14        LJ (SR)   Coulomb (SR)   Coul. recip. Position Rest.
   -1.64858e+04    1.33862e+05   -8.94235e+05    2.86432e+03    6.56732e+02
      Potential    Kinetic En.   Total Energy  Conserved En.    Temperature
   -7.65940e+05    5.95418e+04   -7.06398e+05   -1.52463e+05    1.83923e+02
 Pressure (bar)   Constr. rmsd
   -5.65498e+02    1.64924e-06

           Step           Time
         270000      540.00000

Current ref_t for group System:    208.0

   Energies (kJ/mol)
           Bond          Angle    Proper Dih. Per. Imp. Dih.          LJ-14
    1.02575e+03    1.87789e+03    3.40652e+03    5.68214e+01    1.28983e+03
     Coulomb-14        LJ (SR)   Coulomb (SR)   Coul. recip. Position Rest.
   -1.66156e+04    1.31571e+05   -8.86921e+05    2.91813e+03    6.60863e+02
      Potential    Kinetic En.   Total Energy  Conserved En.    Temperature
   -7.60730e+05    6.35785e+04   -6.97152e+05   -1.28898e+05    1.96392e+02
 Pressure (bar)   Constr. rmsd
   -4.03805e+02    1.71528e-06

           Step           Time
         275000      550.00000

Current ref_t for group System:    210.0

   Energies (kJ/mol)
           Bond          Angle    Proper Dih. Per. Imp. Dih.          LJ-14
    1.29277e+03    2.31461e+03    3.46308e+03    5.54136e+01    1.34876e+03
     Coulomb-14        LJ (SR)   Coulomb (SR)   Coul. recip. Position Rest.
   -1.65693e+04    1.26155e+05   -8.61881e+05    3.21880e+03    7.36230e+02
      Potential    Kinetic En.   Total Energy  Conserved En.    Temperature
   -7.39866e+05    7.70907e+04   -6.62775e+05   -9.31277e+04    2.38131e+02
 Pressure (bar)   Constr. rmsd
   -5.87834e+01    2.14856e-06

           Step           Time
         280000      560.00000

Current ref_t for group System:    212.0

   Energies (kJ/mol)
           Bond          Angle    Proper Dih. Per. Imp. Dih.          LJ-14
    1.16806e+03    2.23844e+03    3.43677e+03    6.21721e+01    1.32484e+03
     Coulomb-14        LJ (SR)   Coulomb (SR)   Coul. recip. Position Rest.
   -1.66940e+04    1.31260e+05   -8.78681e+05    3.05232e+03    6.64177e+02
      Potential    Kinetic En.   Total Energy  Conserved En.    Temperature
   -7.52168e+05    6.90521e+04   -6.83116e+05   -6.63207e+04    2.13300e+02
 Pressure (bar)   Constr. rmsd
   -1.26578e+02    1.96134e-06

           Step           Time
         285000      570.00000

Current ref_t for group System:    214.0

   Energies (kJ/mol)
           Bond          Angle    Proper Dih. Per. Imp. Dih.          LJ-14
    8.48390e+02    1.84447e+03    3.41823e+03    5.35645e+01    1.30666e+03
     Coulomb-14        LJ (SR)   Coulomb (SR)   Coul. recip. Position Rest.
   -1.65350e+04    1.35439e+05   -8.97562e+05    2.87061e+03    6.75024e+02
      Potential    Kinetic En.   Total Energy  Conserved En.    Temperature
   -7.67641e+05    5.75632e+04   -7.10078e+05   -4.27832e+04    1.77811e+02
 Pressure (bar)   Constr. rmsd
   -3.03837e+02    1.62373e-06

           Step           Time
         290000      580.00000

Current ref_t for group System:    216.0

   Energies (kJ/mol)
           Bond          Angle    Proper Dih. Per. Imp. Dih.          LJ-14
    1.16435e+03    2.16774e+03    3.42377e+03    6.58458e+01    1.31992e+03
     Coulomb-14        LJ (SR)   Coulomb (SR)   Coul. recip. Position Rest.
   -1.66784e+04    1.29708e+05   -8.79869e+05    3.09358e+03    6.97519e+02
      Potential    Kinetic En.   Total Energy  Conserved En.    Temperature
   -7.54908e+05    6.63630e+04   -6.88545e+05   -5.22644e+03    2.04994e+02
 Pressure (bar)   Constr. rmsd
   -4.92368e+02    2.23954e-06

           Step           Time
         295000      590.00000

Current ref_t for group System:    218.0

   Energies (kJ/mol)
           Bond          Angle    Proper Dih. Per. Imp. Dih.          LJ-14
    1.32317e+03    2.49351e+03    3.51117e+03    7.36506e+01    1.25658e+03
     Coulomb-14        LJ (SR)   Coulomb (SR)   Coul. recip. Position Rest.
   -1.66503e+04    1.24708e+05   -8.59185e+05    3.32654e+03    6.87202e+02
      Potential    Kinetic En.   Total Energy  Conserved En.    Temperature
   -7.38455e+05    7.90957e+04   -6.59360e+05    3.26334e+04    2.44325e+02
 Pressure (bar)   Constr. rmsd
   -1.98834e+02    2.31454e-06

           Step           Time
         300000      600.00000

Current ref_t for group System:    220.0

   Energies (kJ/mol)
           Bond          Angle    Proper Dih. Per. Imp. Dih.          LJ-14
    1.25108e+03    2.42203e+03    3.61619e+03    7.53726e+01    1.33903e+03
     Coulomb-14        LJ (SR)   Coulomb (SR)   Coul. recip. Position Rest.
   -1.65131e+04    1.22644e+05   -8.51347e+05    3.37599e+03    6.88766e+02
      Potential    Kinetic En.   Total Energy  Conserved En.    Temperature
   -7.32448e+05    8.34569e+04   -6.48991e+05    7.25154e+04    2.57796e+02
 Pressure (bar)   Constr. rmsd
    1.64302e+02    2.45855e-06

           Step           Time
         305000      610.00000

Current ref_t for group System:    222.0

   Energies (kJ/mol)
           Bond          Angle    Proper Dih. Per. Imp. Dih.          LJ-14
    1.36930e+03    2.33596e+03    3.60795e+03    7.90028e+01    1.36213e+03
     Coulomb-14        LJ (SR)   Coulomb (SR)   Coul. recip. Position Rest.
   -1.67236e+04    1.26020e+05   -8.59052e+05    3.29512e+03    6.74542e+02
      Potential    Kinetic En.   Total Energy  Conserved En.    Temperature
   -7.37031e+05    7.80522e+04   -6.58979e+05    1.11057e+05    2.41101e+02
 Pressure (bar)   Constr. rmsd
    3.23270e+02    2.91480e-06

           Step           Time
         310000      620.00000

Current ref_t for group System:    224.0

   Energies (kJ/mol)
           Bond          Angle    Proper Dih. Per. Imp. Dih.          LJ-14
    1.16945e+03    2.33431e+03    3.58484e+03    7.22849e+01    1.33096e+03
     Coulomb-14        LJ (SR)   Coulomb (SR)   Coul. recip. Position Rest.
   -1.64656e+04    1.27979e+05   -8.73594e+05    3.03144e+03    6.69098e+02
      Potential    Kinetic En.   Total Energy  Conserved En.    Temperature
   -7.49888e+05    6.83027e+04   -6.81585e+05    1.51860e+05    2.10985e+02
 Pressure (bar)   Constr. rmsd
   -2.07483e+02    3.32478e-06

           Step           Time
         315000      630.00000

Current ref_t for group System:    226.0

   Energies (kJ/mol)
           Bond          Angle    Proper Dih. Per. Imp. Dih.          LJ-14
    1.26132e+03    2.17363e+03    3.46973e+03    7.12355e+01    1.31447e+03
     Coulomb-14        LJ (SR)   Coulomb (SR)   Coul. recip. Position Rest.
   -1.65137e+04    1.28626e+05   -8.78374e+05    2.97984e+03    6.45705e+02
      Potential    Kinetic En.   Total Energy  Conserved En.    Temperature
   -7.54346e+05    6.50113e+04   -6.89335e+05    1.84926e+05    2.00818e+02
 Pressure (bar)   Constr. rmsd
   -3.77754e+02    2.33936e-06

           Step           Time
         320000      640.00000

Current ref_t for group System:    228.0

   Energies (kJ/mol)
           Bond          Angle    Proper Dih. Per. Imp. Dih.          LJ-14
    1.11373e+03    1.98220e+03    3.44460e+03    6.06754e+01    1.31770e+03
     Coulomb-14        LJ (SR)   Coulomb (SR)   Coul. recip. Position Rest.
   -1.66166e+04    1.30132e+05   -8.83454e+05    2.98173e+03    6.62403e+02
      Potential    Kinetic En.   Total Energy  Conserved En.    Temperature
   -7.58376e+05    6.21254e+04   -6.96251e+05    2.18840e+05    1.91904e+02
 Pressure (bar)   Constr. rmsd
   -3.42420e+02    1.98956e-06

           Step           Time
         325000      650.00000

Current ref_t for group System:    230.0

   Energies (kJ/mol)
           Bond          Angle    Proper Dih. Per. Imp. Dih.          LJ-14
    1.09450e+03    2.15981e+03    3.41989e+03    5.22426e+01    1.27477e+03
     Coulomb-14        LJ (SR)   Coulomb (SR)   Coul. recip. Position Rest.
   -1.65588e+04    1.27202e+05   -8.77956e+05    3.06143e+03    6.36835e+02
      Potential    Kinetic En.   Total Energy  Conserved En.    Temperature
   -7.55614e+05    6.37079e+04   -6.91906e+05    2.58174e+05    1.96792e+02
 Pressure (bar)   Constr. rmsd
   -3.90017e+02    1.97322e-06

           Step           Time
         330000      660.00000

Current ref_t for group System:    232.0

   Energies (kJ/mol)
           Bond          Angle    Proper Dih. Per. Imp. Dih.          LJ-14
    1.03124e+03    2.04269e+03    3.38671e+03    5.26261e+01    1.35490e+03
     Coulomb-14        LJ (SR)   Coulomb (SR)   Coul. recip. Position Rest.
   -1.66350e+04    1.25596e+05   -8.73883e+05    3.11271e+03    7.17302e+02
      Potential    Kinetic En.   Total Energy  Conserved En.    Temperature
   -7.53223e+05    6.32025e+04   -6.90021e+05    3.02419e+05    1.95231e+02
 Pressure (bar)   Constr. rmsd
   -5.19935e+02    2.32858e-06

           Step           Time
         335000      670.00000

Current ref_t for group System:    234.0

   Energies (kJ/mol)
           Bond          Angle    Proper Dih. Per. Imp. Dih.          LJ-14
    8.85459e+02    1.89474e+03    3.45042e+03    5.04865e+01    1.28090e+03
     Coulomb-14        LJ (SR)   Coulomb (SR)   Coul. recip. Position Rest.
   -1.65421e+04    1.23824e+05   -8.69136e+05    3.18557e+03    6.52784e+02
      Potential    Kinetic En.   Total Energy  Conserved En.    Temperature
   -7.50453e+05    6.56271e+04   -6.84826e+05    3.47316e+05    2.02721e+02
 Pressure (bar)   Constr. rmsd
   -6.06508e+02    1.68323e-06

           Step           Time
         340000      680.00000

Current ref_t for group System:    236.0

   Energies (kJ/mol)
           Bond          Angle    Proper Dih. Per. Imp. Dih.          LJ-14
    1.00811e+03    2.00512e+03    3.45984e+03    4.86930e+01    1.29269e+03
     Coulomb-14        LJ (SR)   Coulomb (SR)   Coul. recip. Position Rest.
   -1.65825e+04    1.21535e+05   -8.62070e+05    3.16682e+03    6.75297e+02
      Potential    Kinetic En.   Total Energy  Conserved En.    Temperature
   -7.45460e+05    6.80139e+04   -6.77446e+05    3.89515e+05    2.10093e+02
 Pressure (bar)   Constr. rmsd
   -4.56423e+02    1.78200e-06

           Step           Time
         345000      690.00000

Current ref_t for group System:    238.0

   Energies (kJ/mol)
           Bond          Angle    Proper Dih. Per. Imp. Dih.          LJ-14
    1.11760e+03    2.11632e+03    3.42218e+03    5.74415e+01    1.28833e+03
     Coulomb-14        LJ (SR)   Coulomb (SR)   Coul. recip. Position Rest.
   -1.65633e+04    1.21577e+05   -8.60494e+05    3.24347e+03    6.72118e+02
      Potential    Kinetic En.   Total Energy  Conserved En.    Temperature
   -7.43564e+05    6.99772e+04   -6.73587e+05    4.25034e+05    2.16158e+02
 Pressure (bar)   Constr. rmsd
   -2.92752e+02    2.80821e-06

           Step           Time
         350000      700.00000

Current ref_t for group System:    240.0

   Energies (kJ/mol)
           Bond          Angle    Proper Dih. Per. Imp. Dih.          LJ-14
    1.23437e+03    2.29775e+03    3.40335e+03    5.91039e+01    1.29852e+03
     Coulomb-14        LJ (SR)   Coulomb (SR)   Coul. recip. Position Rest.
   -1.66074e+04    1.20173e+05   -8.55086e+05    3.20592e+03    6.75346e+02
      Potential    Kinetic En.   Total Energy  Conserved En.    Temperature
   -7.39346e+05    7.27470e+04   -6.66599e+05    4.51852e+05    2.24714e+02
 Pressure (bar)   Constr. rmsd
   -3.57733e+02    2.30335e-06

           Step           Time
         355000      710.00000

Current ref_t for group System:    242.0

   Energies (kJ/mol)
           Bond          Angle    Proper Dih. Per. Imp. Dih.          LJ-14
    1.03310e+03    2.06842e+03    3.44416e+03    6.03229e+01    1.32874e+03
     Coulomb-14        LJ (SR)   Coulomb (SR)   Coul. recip. Position Rest.
   -1.66006e+04    1.20202e+05   -8.56457e+05    3.23011e+03    6.67319e+02
      Potential    Kinetic En.   Total Energy  Conserved En.    Temperature
   -7.41024e+05    7.22429e+04   -6.68781e+05    4.73467e+05    2.23156e+02
 Pressure (bar)   Constr. rmsd
   -4.97997e+02    1.78001e-06

           Step           Time
         360000      720.00000

Current ref_t for group System:    244.0

   Energies (kJ/mol)
           Bond          Angle    Proper Dih. Per. Imp. Dih.          LJ-14
    1.00877e+03    1.95760e+03    3.40538e+03    6.19105e+01    1.32111e+03
     Coulomb-14        LJ (SR)   Coulomb (SR)   Coul. recip. Position Rest.
   -1.65791e+04    1.19198e+05   -8.51677e+05    3.34281e+03    6.29186e+02
      Potential    Kinetic En.   Total Energy  Conserved En.    Temperature
   -7.37332e+05    7.33669e+04   -6.63965e+05    4.97115e+05    2.26628e+02
 Pressure (bar)   Constr. rmsd
   -3.17928e+02    1.78637e-06

           Step           Time
         365000      730.00000

Current ref_t for group System:    246.0

   Energies (kJ/mol)
           Bond          Angle    Proper Dih. Per. Imp. Dih.          LJ-14
    1.01447e+03    2.11179e+03    3.50970e+03    6.07569e+01    1.30050e+03
     Coulomb-14        LJ (SR)   Coulomb (SR)   Coul. recip. Position Rest.
   -1.64214e+04    1.16864e+05   -8.42065e+05    3.34697e+03    7.24615e+02
      Potential    Kinetic En.   Total Energy  Conserved En.    Temperature
   -7.29554e+05    7.93405e+04   -6.50214e+05    5.15992e+05    2.45081e+02
 Pressure (bar)   Constr. rmsd
   -1.55228e+02    2.01044e-06

           Step           Time
         370000      740.00000

Current ref_t for group System:    248.0

   Energies (kJ/mol)
           Bond          Angle    Proper Dih. Per. Imp. Dih.          LJ-14
    1.05052e+03    2.25790e+03    3.54763e+03    6.66128e+01    1.32202e+03
     Coulomb-14        LJ (SR)   Coulomb (SR)   Coul. recip. Position Rest.
   -1.66125e+04    1.14890e+05   -8.32908e+05    3.57813e+03    7.18248e+02
      Potential    Kinetic En.   Total Energy  Conserved En.    Temperature
   -7.22090e+05    8.30903e+04   -6.39000e+05    5.29988e+05    2.56664e+02
 Pressure (bar)   Constr. rmsd
   -1.02498e+02    2.01715e-06

           Step           Time
         375000      750.00000

Current ref_t for group System:    250.0

   Energies (kJ/mol)
           Bond          Angle    Proper Dih. Per. Imp. Dih.          LJ-14
    1.07895e+03    2.34922e+03    3.46610e+03    6.80257e+01    1.35066e+03
     Coulomb-14        LJ (SR)   Coulomb (SR)   Coul. recip. Position Rest.
   -1.67009e+04    1.13162e+05   -8.28636e+05    3.62384e+03    6.69942e+02
      Potential    Kinetic En.   Total Energy  Conserved En.    Temperature
   -7.19569e+05    8.50418e+04   -6.34527e+05    5.41351e+05    2.62692e+02
 Pressure (bar)   Constr. rmsd
   -1.80920e+02    2.12185e-06

           Step           Time
         380000      760.00000

Current ref_t for group System:    252.0

   Energies (kJ/mol)
           Bond          Angle    Proper Dih. Per. Imp. Dih.          LJ-14
    1.02097e+03    2.10665e+03    3.50840e+03    8.10542e+01    1.29356e+03
     Coulomb-14        LJ (SR)   Coulomb (SR)   Coul. recip. Position Rest.
   -1.66299e+04    1.14920e+05   -8.34415e+05    3.47627e+03    6.94823e+02
      Potential    Kinetic En.   Total Energy  Conserved En.    Temperature
   -7.23944e+05    8.16024e+04   -6.42341e+05    5.51494e+05    2.52068e+02
 Pressure (bar)   Constr. rmsd
   -2.54461e+02    1.75900e-06

           Step           Time
         385000      770.00000

Current ref_t for group System:    254.0

   Energies (kJ/mol)
           Bond          Angle    Proper Dih. Per. Imp. Dih.          LJ-14
    9.69439e+02    2.25155e+03    3.44825e+03    5.98400e+01    1.29208e+03
     Coulomb-14        LJ (SR)   Coulomb (SR)   Coul. recip. Position Rest.
   -1.66304e+04    1.13355e+05   -8.32004e+05    3.50897e+03    7.48215e+02
      Potential    Kinetic En.   Total Energy  Conserved En.    Temperature
   -7.23000e+05    8.16401e+04   -6.41360e+05    5.62298e+05    2.52184e+02
 Pressure (bar)   Constr. rmsd
   -3.48573e+02    2.10022e-06

           Step           Time
         390000      780.00000

Current ref_t for group System:    256.0

   Energies (kJ/mol)
           Bond          Angle    Proper Dih. Per. Imp. Dih.          LJ-14
    1.05886e+03    2.21738e+03    3.45008e+03    5.84403e+01    1.29917e+03
     Coulomb-14        LJ (SR)   Coulomb (SR)   Coul. recip. Position Rest.
   -1.66752e+04    1.13679e+05   -8.29469e+05    3.65646e+03    6.74152e+02
      Potential    Kinetic En.   Total Energy  Conserved En.    Temperature
   -7.20051e+05    8.30085e+04   -6.37043e+05    5.72235e+05    2.56411e+02
 Pressure (bar)   Constr. rmsd
   -4.06601e+01    1.75064e-06

           Step           Time
         395000      790.00000

Current ref_t for group System:    258.0

   Energies (kJ/mol)
           Bond          Angle    Proper Dih. Per. Imp. Dih.          LJ-14
    1.24495e+03    2.12398e+03    3.52882e+03    4.89991e+01    1.31633e+03
     Coulomb-14        LJ (SR)   Coulomb (SR)   Coul. recip. Position Rest.
   -1.66320e+04    1.12497e+05   -8.26956e+05    3.56134e+03    6.70921e+02
      Potential    Kinetic En.   Total Energy  Conserved En.    Temperature
   -7.18595e+05    8.42208e+04   -6.34375e+05    5.81640e+05    2.60156e+02
 Pressure (bar)   Constr. rmsd
   -8.90749e+00    1.86247e-06

           Step           Time
         400000      800.00000

Current ref_t for group System:    260.0

   Energies (kJ/mol)
           Bond          Angle    Proper Dih. Per. Imp. Dih.          LJ-14
    1.05055e+03    2.08920e+03    3.47072e+03    5.63189e+01    1.33069e+03
     Coulomb-14        LJ (SR)   Coulomb (SR)   Coul. recip. Position Rest.
   -1.65634e+04    1.11790e+05   -8.27186e+05    3.60281e+03    6.56338e+02
      Potential    Kinetic En.   Total Energy  Conserved En.    Temperature
   -7.19703e+05    8.16637e+04   -6.38040e+05    5.91303e+05    2.52257e+02
 Pressure (bar)   Constr. rmsd
   -2.90648e+02    1.68976e-06

           Step           Time
         405000      810.00000

Current ref_t for group System:    262.0

   Energies (kJ/mol)
           Bond          Angle    Proper Dih. Per. Imp. Dih.          LJ-14
    9.88126e+02    2.07237e+03    3.48592e+03    6.47314e+01    1.38265e+03
     Coulomb-14        LJ (SR)   Coulomb (SR)   Coul. recip. Position Rest.
   -1.65820e+04    1.09016e+05   -8.17964e+05    3.64537e+03    7.20072e+02
      Potential    Kinetic En.   Total Energy  Conserved En.    Temperature
   -7.13171e+05    8.52753e+04   -6.27896e+05    6.02824e+05    2.63413e+02
 Pressure (bar)   Constr. rmsd
   -8.06013e+01    2.20614e-06

           Step           Time
         410000      820.00000

Current ref_t for group System:    264.0

   Energies (kJ/mol)
           Bond          Angle    Proper Dih. Per. Imp. Dih.          LJ-14
    1.07620e+03    2.20216e+03    3.44126e+03    5.97204e+01    1.31904e+03
     Coulomb-14        LJ (SR)   Coulomb (SR)   Coul. recip. Position Rest.
   -1.64875e+04    1.08495e+05   -8.16917e+05    3.69655e+03    6.74018e+02
      Potential    Kinetic En.   Total Energy  Conserved En.    Temperature
   -7.12440e+05    8.51141e+04   -6.27326e+05    6.11371e+05    2.62915e+02
 Pressure (bar)   Constr. rmsd
   -2.75225e+02    1.70056e-06

           Step           Time
         415000      830.00000

Current ref_t for group System:    266.0

   Energies (kJ/mol)
           Bond          Angle    Proper Dih. Per. Imp. Dih.          LJ-14
    1.09265e+03    2.33318e+03    3.49661e+03    6.21210e+01    1.31742e+03
     Coulomb-14        LJ (SR)   Coulomb (SR)   Coul. recip. Position Rest.
   -1.67417e+04    1.08164e+05   -8.13890e+05    3.69971e+03    7.19657e+02
      Potential    Kinetic En.   Total Energy  Conserved En.    Temperature
   -7.09746e+05    8.60804e+04   -6.23666e+05    6.21026e+05    2.65900e+02
 Pressure (bar)   Constr. rmsd
   -3.46763e+01    2.72538e-06

           Step           Time
         420000      840.00000

Current ref_t for group System:    268.0

   Energies (kJ/mol)
           Bond          Angle    Proper Dih. Per. Imp. Dih.          LJ-14
    1.11479e+03    2.17185e+03    3.47464e+03    5.91980e+01    1.28013e+03
     Coulomb-14        LJ (SR)   Coulomb (SR)   Coul. recip. Position Rest.
   -1.65818e+04    1.08291e+05   -8.14074e+05    3.72501e+03    6.76345e+02
      Potential    Kinetic En.   Total Energy  Conserved En.    Temperature
   -7.09863e+05    8.70626e+04   -6.22800e+05    6.30323e+05    2.68934e+02
 Pressure (bar)   Constr. rmsd
   -3.55127e+02    2.12672e-06

           Step           Time
         425000      850.00000

Current ref_t for group System:    270.0

   Energies (kJ/mol)
           Bond          Angle    Proper Dih. Per. Imp. Dih.          LJ-14
    1.10507e+03    2.25448e+03    3.50799e+03    6.47506e+01    1.29964e+03
     Coulomb-14        LJ (SR)   Coulomb (SR)   Coul. recip. Position Rest.
   -1.66395e+04    1.05210e+05   -8.09158e+05    3.77178e+03    7.12950e+02
      Potential    Kinetic En.   Total Energy  Conserved En.    Temperature
   -7.07871e+05    8.71639e+04   -6.20707e+05    6.39699e+05    2.69247e+02
 Pressure (bar)   Constr. rmsd
   -3.04390e+02    2.00155e-06

           Step           Time
         430000      860.00000

Current ref_t for group System:    272.0

   Energies (kJ/mol)
           Bond          Angle    Proper Dih. Per. Imp. Dih.          LJ-14
    1.21017e+03    2.19163e+03    3.53419e+03    6.74080e+01    1.33067e+03
     Coulomb-14        LJ (SR)   Coulomb (SR)   Coul. recip. Position Rest.
   -1.66886e+04    1.05744e+05   -8.07000e+05    3.81894e+03    6.81055e+02
      Potential    Kinetic En.   Total Energy  Conserved En.    Temperature
   -7.05110e+05    8.95401e+04   -6.15570e+05    6.49918e+05    2.76587e+02
 Pressure (bar)   Constr. rmsd
   -1.95118e+02    2.03894e-06

           Step           Time
         435000      870.00000

Current ref_t for group System:    274.0

   Energies (kJ/mol)
           Bond          Angle    Proper Dih. Per. Imp. Dih.          LJ-14
    1.12673e+03    2.26751e+03    3.49822e+03    6.50048e+01    1.29492e+03
     Coulomb-14        LJ (SR)   Coulomb (SR)   Coul. recip. Position Rest.
   -1.66151e+04    1.06115e+05   -8.08889e+05    3.77679e+03    6.58317e+02
      Potential    Kinetic En.   Total Energy  Conserved En.    Temperature
   -7.06701e+05    8.83241e+04   -6.18377e+05    6.58220e+05    2.72831e+02
 Pressure (bar)   Constr. rmsd
   -3.87302e+02    1.81202e-06

           Step           Time
         440000      880.00000

Current ref_t for group System:    276.0

   Energies (kJ/mol)
           Bond          Angle    Proper Dih. Per. Imp. Dih.          LJ-14
    1.13451e+03    2.27560e+03    3.50312e+03    7.67186e+01    1.31226e+03
     Coulomb-14        LJ (SR)   Coulomb (SR)   Coul. recip. Position Rest.
   -1.66094e+04    1.05136e+05   -8.06158e+05    3.82773e+03    6.61865e+02
      Potential    Kinetic En.   Total Energy  Conserved En.    Temperature
   -7.04840e+05    8.87270e+04   -6.16113e+05    6.68914e+05    2.74075e+02
 Pressure (bar)   Constr. rmsd
   -3.75925e+02    2.06790e-06

           Step           Time
         445000      890.00000

Current ref_t for group System:    278.0

   Energies (kJ/mol)
           Bond          Angle    Proper Dih. Per. Imp. Dih.          LJ-14
    1.14018e+03    2.24224e+03    3.57851e+03    5.72531e+01    1.32346e+03
     Coulomb-14        LJ (SR)   Coulomb (SR)   Coul. recip. Position Rest.
   -1.66089e+04    1.03866e+05   -8.03044e+05    3.90874e+03    7.14869e+02
      Potential    Kinetic En.   Total Energy  Conserved En.    Temperature
   -7.02822e+05    8.94272e+04   -6.13395e+05    6.77544e+05    2.76238e+02
 Pressure (bar)   Constr. rmsd
   -1.83705e+02    2.03374e-06

           Step           Time
         450000      900.00000

Current ref_t for group System:    280.0

   Energies (kJ/mol)
           Bond          Angle    Proper Dih. Per. Imp. Dih.          LJ-14
    1.16541e+03    2.28477e+03    3.50465e+03    6.84917e+01    1.36356e+03
     Coulomb-14        LJ (SR)   Coulomb (SR)   Coul. recip. Position Rest.
   -1.65974e+04    1.01918e+05   -7.97766e+05    3.91916e+03    7.34210e+02
      Potential    Kinetic En.   Total Energy  Conserved En.    Temperature
   -6.99406e+05    8.95805e+04   -6.09825e+05    6.87014e+05    2.76712e+02
 Pressure (bar)   Constr. rmsd
   -1.84935e+02    1.72207e-06

           Step           Time
         455000      910.00000

Current ref_t for group System:    282.0

   Energies (kJ/mol)
           Bond          Angle    Proper Dih. Per. Imp. Dih.          LJ-14
    1.09982e+03    2.36982e+03    3.54604e+03    7.24390e+01    1.31087e+03
     Coulomb-14        LJ (SR)   Coulomb (SR)   Coul. recip. Position Rest.
   -1.65564e+04    1.01439e+05   -7.95937e+05    3.89147e+03    7.48057e+02
      Potential    Kinetic En.   Total Energy  Conserved En.    Temperature
   -6.98015e+05    9.21908e+04   -6.05825e+05    6.97308e+05    2.84775e+02
 Pressure (bar)   Constr. rmsd
   -2.37486e+02    1.81552e-06

           Step           Time
         460000      920.00000

Current ref_t for group System:    284.0

   Energies (kJ/mol)
           Bond          Angle    Proper Dih. Per. Imp. Dih.          LJ-14
    1.08844e+03    2.24152e+03    3.50082e+03    6.83574e+01    1.34042e+03
     Coulomb-14        LJ (SR)   Coulomb (SR)   Coul. recip. Position Rest.
   -1.66784e+04    1.02047e+05   -7.96555e+05    3.93002e+03    7.69431e+02
      Potential    Kinetic En.   Total Energy  Conserved En.    Temperature
   -6.98247e+05    9.13686e+04   -6.06878e+05    7.07380e+05    2.82235e+02
 Pressure (bar)   Constr. rmsd
   -1.84492e+02    1.91166e-06

           Step           Time
         465000      930.00000

Current ref_t for group System:    286.0

   Energies (kJ/mol)
           Bond          Angle    Proper Dih. Per. Imp. Dih.          LJ-14
    1.19197e+03    2.27055e+03    3.50239e+03    7.20536e+01    1.38941e+03
     Coulomb-14        LJ (SR)   Coulomb (SR)   Coul. recip. Position Rest.
   -1.64857e+04    1.00812e+05   -7.93453e+05    4.01123e+03    6.91109e+02
      Potential    Kinetic En.   Total Energy  Conserved En.    Temperature
   -6.95998e+05    9.19937e+04   -6.04004e+05    7.15632e+05    2.84166e+02
 Pressure (bar)   Constr. rmsd
   -1.21807e+02    2.06726e-06

           Step           Time
         470000      940.00000

Current ref_t for group System:    288.0

   Energies (kJ/mol)
           Bond          Angle    Proper Dih. Per. Imp. Dih.          LJ-14
    1.12284e+03    2.25204e+03    3.58059e+03    7.79702e+01    1.33874e+03
     Coulomb-14        LJ (SR)   Coulomb (SR)   Coul. recip. Position Rest.
   -1.65691e+04    9.95675e+04   -7.89665e+05    4.06775e+03    6.62896e+02
      Potential    Kinetic En.   Total Energy  Conserved En.    Temperature
   -6.93564e+05    9.35626e+04   -6.00001e+05    7.26579e+05    2.89013e+02
 Pressure (bar)   Constr. rmsd
   -3.74497e+02    1.89976e-06

           Step           Time
         475000      950.00000

Current ref_t for group System:    290.0

   Energies (kJ/mol)
           Bond          Angle    Proper Dih. Per. Imp. Dih.          LJ-14
    1.12584e+03    2.26991e+03    3.49210e+03    7.21551e+01    1.34483e+03
     Coulomb-14        LJ (SR)   Coulomb (SR)   Coul. recip. Position Rest.
   -1.65314e+04    9.91959e+04   -7.87040e+05    4.01908e+03    7.02598e+02
      Potential    Kinetic En.   Total Energy  Conserved En.    Temperature
   -6.91349e+05    9.49121e+04   -5.96437e+05    7.35303e+05    2.93181e+02
 Pressure (bar)   Constr. rmsd
   -2.07938e+02    2.19174e-06

           Step           Time
         480000      960.00000

Current ref_t for group System:    292.0

   Energies (kJ/mol)
           Bond          Angle    Proper Dih. Per. Imp. Dih.          LJ-14
    1.10258e+03    2.39772e+03    3.56664e+03    6.46556e+01    1.33185e+03
     Coulomb-14        LJ (SR)   Coulomb (SR)   Coul. recip. Position Rest.
   -1.67449e+04    1.02602e+05   -7.91138e+05    4.01937e+03    7.50633e+02
      Potential    Kinetic En.   Total Energy  Conserved En.    Temperature
   -6.92048e+05    9.45679e+04   -5.97480e+05    7.44683e+05    2.92118e+02
 Pressure (bar)   Constr. rmsd
    2.62525e+02    2.09824e-06

           Step           Time
         485000      970.00000

Current ref_t for group System:    294.0

   Energies (kJ/mol)
           Bond          Angle    Proper Dih. Per. Imp. Dih.          LJ-14
    1.18821e+03    2.48582e+03    3.52613e+03    6.19564e+01    1.32565e+03
     Coulomb-14        LJ (SR)   Coulomb (SR)   Coul. recip. Position Rest.
   -1.66253e+04    9.96874e+04   -7.84869e+05    4.09302e+03    7.21075e+02
      Potential    Kinetic En.   Total Energy  Conserved En.    Temperature
   -6.88405e+05    9.47726e+04   -5.93632e+05    7.53109e+05    2.92750e+02
 Pressure (bar)   Constr. rmsd
   -1.51223e+02    2.10277e-06

           Step           Time
         490000      980.00000

Current ref_t for group System:    296.0

   Energies (kJ/mol)
           Bond          Angle    Proper Dih. Per. Imp. Dih.          LJ-14
    1.18985e+03    2.40359e+03    3.51387e+03    7.81924e+01    1.30661e+03
     Coulomb-14        LJ (SR)   Coulomb (SR)   Coul. recip. Position Rest.
   -1.64808e+04    9.77359e+04   -7.81128e+05    4.19213e+03    7.55709e+02
      Potential    Kinetic En.   Total Energy  Conserved En.    Temperature
   -6.86433e+05    9.65880e+04   -5.89845e+05    7.63401e+05    2.98358e+02
 Pressure (bar)   Constr. rmsd
   -1.47187e+02    2.06626e-06

           Step           Time
         495000      990.00000

Current ref_t for group System:    298.0

   Energies (kJ/mol)
           Bond          Angle    Proper Dih. Per. Imp. Dih.          LJ-14
    1.20078e+03    2.31285e+03    3.51729e+03    5.16967e+01    1.31730e+03
     Coulomb-14        LJ (SR)   Coulomb (SR)   Coul. recip. Position Rest.
   -1.66797e+04    9.80632e+04   -7.80197e+05    4.17642e+03    7.33146e+02
      Potential    Kinetic En.   Total Energy  Conserved En.    Temperature
   -6.85504e+05    9.70284e+04   -5.88475e+05    7.73470e+05    2.99718e+02
 Pressure (bar)   Constr. rmsd
    9.18746e+01    2.06258e-06

           Step           Time
         500000     1000.00000

Writing checkpoint, step 500000 at Tue Dec  9 07:26:30 2025


Current ref_t for group System:    300.0

   Energies (kJ/mol)
           Bond          Angle    Proper Dih. Per. Imp. Dih.          LJ-14
    1.06900e+03    2.47689e+03    3.53360e+03    8.06121e+01    1.32221e+03
     Coulomb-14        LJ (SR)   Coulomb (SR)   Coul. recip. Position Rest.
   -1.66200e+04    9.46434e+04   -7.75060e+05    4.24175e+03    7.89482e+02
      Potential    Kinetic En.   Total Energy  Conserved En.    Temperature
   -6.83523e+05    9.68134e+04   -5.86710e+05    7.81658e+05    2.99054e+02
 Pressure (bar)   Constr. rmsd
   -3.53225e+02    2.44044e-06


Energy conservation over simulation part #1 of length 1000 ps, time 0 to 1000 ps
  Conserved energy drift: 2.99e-02 kJ/mol/ps per atom

Current ref_t for group System:    300.0

	<======  ###############  ==>
	<====  A V E R A G E S  ====>
	<==  ###############  ======>

	Statistics over 500001 steps using 5001 frames

   Energies (kJ/mol)
           Bond          Angle    Proper Dih. Per. Imp. Dih.          LJ-14
    9.32265e+02    1.94686e+03    3.42358e+03    5.50869e+01    1.30309e+03
     Coulomb-14        LJ (SR)   Coulomb (SR)   Coul. recip. Position Rest.
   -1.65948e+04    1.26138e+05   -8.68945e+05    3.20877e+03    6.70193e+02
      Potential    Kinetic En.   Total Energy  Conserved En.    Temperature
   -7.47863e+05    6.47475e+04   -6.83115e+05   -5.65335e+04    2.00003e+02
 Pressure (bar)   Constr. rmsd
   -2.82715e+02    0.00000e+00

   Total Virial (kJ/mol)
    2.17578e+04   -5.53775e+02   -3.72456e+02
   -5.53068e+02    2.71532e+04    1.26056e+02
   -3.71497e+02    1.26758e+02    2.78241e+04

   Pressure (bar)
   -1.79158e+00    3.91653e+01    2.62618e+01
    3.91153e+01   -4.01717e+02   -7.70306e+00
    2.61940e+01   -7.75277e+00   -4.44636e+02


       P P   -   P M E   L O A D   B A L A N C I N G

 PP/PME load balancing changed the cut-off and PME settings:
           particle-particle                    PME
            rcoulomb  rlist            grid      spacing   1/beta
   initial  1.000 nm  1.005 nm      72  72  72   0.109 nm  0.320 nm
   final    1.002 nm  1.007 nm      72  64  72   0.120 nm  0.321 nm
 cost-ratio           1.01             0.89
 (note that these numbers concern only part of the total PP and PME load)


	M E G A - F L O P S   A C C O U N T I N G

 NB=Group-cutoff nonbonded kernels    NxN=N-by-N cluster Verlet kernels
 RF=Reaction-Field  VdW=Van der Waals  QSTab=quadratic-spline table
 W3=SPC/TIP3p  W4=TIP4p (single or pairs)
 V&F=Potential and force  V=Potential only  F=Force only

 Computing:                               M-Number         M-Flops  % Flops
-----------------------------------------------------------------------------
 Pair Search distance check           32449.908896      292049.180     0.0
 NxN Ewald Elec. + LJ [F]          25257673.442688  1667006447.217    98.2
 NxN Ewald Elec. + LJ [V&F]          255183.999232    27304687.918     1.6
 1,4 nonbonded interactions            1360.002720      122400.245     0.0
 Shift-X                                318.838506        1913.031     0.0
 Bonds                                  400.000800       23600.047     0.0
 Angles                                1037.002074      174216.348     0.0
 Propers                               1809.003618      414261.829     0.0
 Impropers                               97.500195       20280.041     0.0
 Pos. Restr.                            540.001080       27000.054     0.0
 Virial                                 255.306051        4595.509     0.0
 Stop-CM                                255.132012        2551.320     0.0
 Calc-Ekin                             1020.222012       27545.994     0.0
 Lincs                                  182.501095       10950.066     0.0
 Lincs-Mat                              372.002232        1488.009     0.0
 Constraint-V                         19059.576238      171536.186     0.0
 Constraint-Vir                         188.807754        4531.386     0.0
 Settle                                6231.537389     2305668.834     0.1
 Virtual Site 3                        6293.839926      232872.077     0.0
-----------------------------------------------------------------------------
 Total                                              1698148595.291   100.0
-----------------------------------------------------------------------------


      R E A L   C Y C L E   A N D   T I M E   A C C O U N T I N G

On 1 MPI rank, each using 8 OpenMP threads

 Activity:              Num   Num      Call    Wall time         Giga-Cycles
                        Ranks Threads  Count      (s)         total sum    %
--------------------------------------------------------------------------------
 Vsite constr.             1    8     500001      16.608        465.543   6.1
 Neighbor search           1    8       6251      15.550        435.892   5.7
 Launch PP GPU ops.        1    8     500001       6.968        195.339   2.6
 Force                     1    8     500001      27.799        779.247  10.2
 PME GPU mesh              1    8     500001      65.465       1835.114  24.0
 Wait GPU NB local         1    8     500001      59.413       1665.464  21.8
 NB X/F buffer ops.        1    8     993751      34.041        954.227  12.5
 Vsite spread              1    8     505002       5.167        144.851   1.9
 Write traj.               1    8        101       0.942         26.400   0.3
 Update                    1    8     500001      12.906        361.772   4.7
 Constraints               1    8     500003      15.542        435.665   5.7
 Rest                                             12.217        342.478   4.5
--------------------------------------------------------------------------------
 Total                                           272.619       7641.993 100.0
--------------------------------------------------------------------------------
 Breakdown of PME mesh activities
--------------------------------------------------------------------------------
 Wait PME GPU gather       1    8     500001      38.879       1089.838  14.3
 Reduce GPU PME F          1    8     500001      10.673        299.188   3.9
 Launch PME GPU ops.       1    8    4000022      10.181        285.382   3.7
--------------------------------------------------------------------------------

               Core t (s)   Wall t (s)        (%)
       Time:     2180.464      272.619      799.8
                 (ns/day)    (hour/ns)
Performance:      316.927        0.076
Finished mdrun on rank 0 Tue Dec  9 07:26:31 2025

