log started: Tue Dec  9 07:03:26 2025

Log file: ./leap.log
>> # ----- NOTE: this is designed for PDB format 3!
>> #       Uses ff99bsc0_chiOL3 for RNA
>> #       	(ff99): Wang et al. J. Comp. Chem. 21: 1049, 2000
>> #       	(bsc0): Perez et al. Biophys J. 92: 3817, 2007
>> #       	(chiOL3): Zgarbova et al. JCTC 7: 2886, 2011
>> #           (note: all of the above are in parm10.dat, loaded below)
>> #
>> #	load atom type hybridizations
>> #
>> addAtomTypes {
>> 	{ "H"   "H" "sp3" }
>> 	{ "HO"  "H" "sp3" }
>> 	{ "HS"  "H" "sp3" }
>> 	{ "H1"  "H" "sp3" }
>> 	{ "H2"  "H" "sp3" }
>> 	{ "H3"  "H" "sp3" }
>> 	{ "H4"  "H" "sp3" }
>> 	{ "H5"  "H" "sp3" }
>> 	{ "HW"  "H" "sp3" }
>> 	{ "HC"  "H" "sp3" }
>> 	{ "HA"  "H" "sp3" }
>> 	{ "HP"  "H" "sp3" }
>> 	{ "HZ"  "H" "sp3" }
>> 	{ "OH"  "O" "sp3" }
>> 	{ "OS"  "O" "sp3" }
>> 	{ "O"   "O" "sp2" }
>> 	{ "O2"  "O" "sp2" }
>> 	{ "OP"  "O" "sp2" }
>> 	{ "OW"  "O" "sp3" }
>> 	{ "CT"  "C" "sp3" }
>> 	{ "CX"  "C" "sp3" }
>> 	{ "CS"  "C" "sp2" }
>> 	{ "C"   "C" "sp2" }
>> 	{ "C*"  "C" "sp2" }
>> 	{ "CA"  "C" "sp2" }
>> 	{ "CB"  "C" "sp2" }
>> 	{ "CC"  "C" "sp2" }
>> 	{ "CN"  "C" "sp2" }
>> 	{ "CM"  "C" "sp2" }
>> 	{ "CK"  "C" "sp2" }
>> 	{ "CQ"  "C" "sp2" }
>> 	{ "CD"  "C" "sp2" }
>> 	{ "C5"  "C" "sp2" }
>> 	{ "C4"  "C" "sp2" }
>> 	{ "CP"  "C" "sp2" }
>> 	{ "CI"  "C" "sp3" }
>> 	{ "CW"  "C" "sp2" }
>> 	{ "CV"  "C" "sp2" }
>> 	{ "CR"  "C" "sp2" }
>> 	{ "CY"  "C" "sp2" }
>> 	{ "C0"  "Ca" "sp3" }
>> 	{ "MG"  "Mg" "sp3" }
>> 	{ "N"   "N" "sp2" }
>> 	{ "NA"  "N" "sp2" }
>> 	{ "N2"  "N" "sp2" }
>> 	{ "N*"  "N" "sp2" }
>> 	{ "NB"  "N" "sp2" }
>> 	{ "NC"  "N" "sp2" }
>> 	{ "NT"  "N" "sp3" }
>> 	{ "NY"  "N" "sp2" }
>> 	{ "N3"  "N" "sp3" }
>> 	{ "S"   "S" "sp3" }
>> 	{ "SH"  "S" "sp3" }
>> 	{ "P"   "P" "sp3" }
>> 	{ "LP"  ""  "sp3" }
>> 	{ "EP"  ""  "sp3" }
>> 	{ "F"   "F" "sp3" }
>> 	{ "Cl"  "Cl" "sp3" }
>> 	{ "Br"  "Br" "sp3" }
>> 	{ "I"   "I"  "sp3" }
>> }
>> #
>> #	Load the main parameter set.
>> #
>> parm10 = loadamberparams parm10.dat
Loading parameters: /work19/yilan/softwares/miniconda3/envs/AmberTools25/dat/leap/parm/parm10.dat
Reading title:
PARM99 + frcmod.ff99SB + frcmod.parmbsc0 + OL3 for RNA
>> #
>> #	Load main chain and terminating nucleic acids
>> #
>> 
>> loadOff RNA.lib
Loading library: /work19/yilan/softwares/miniconda3/envs/AmberTools25/dat/leap/lib/RNA.lib
Loading: A
Loading: A3
Loading: A5
Loading: AN
Loading: C
Loading: C3
Loading: C5
Loading: CN
Loading: G
Loading: G3
Loading: G5
Loading: GN
Loading: OHE
Loading: U
Loading: U3
Loading: U5
Loading: UN
>> 
>> #
>> #	Define the PDB name map for the nucleic acids
>> #
>> addPdbResMap {
>>   { 0 "G" "G5"  } { 1 "G" "G3"  } 
>>   { 0 "A" "A5"  } { 1 "A" "A3"  } 
>>   { 0 "C" "C5"  } { 1 "C" "C3"  } 
>>   { 0 "U" "U5"  } { 1 "U" "U3"  } 
>> #  some old Amber residue names for RNA:
>>   { 0  "RA5" "A5" } { 1 "RA3" "A3"} {"RA" "A" }
>>   { 0  "RC5" "C5" } { 1 "RC3" "C3"} {"RC" "C" }
>>   { 0  "RG5" "G5" } { 1 "RG3" "G3"} {"RG" "G" }
>>   { 0  "RU5" "U5" } { 1 "RU3" "U3"} {"RU" "U" }
>> #  uncomment out the following if you have this old style RNA files:
>> # { 0 "GUA" "G5"  } { 1 "GUA" "G3"  } { "GUA" "G" }
>> # { 0 "ADE" "A5"  } { 1 "ADE" "A3"  } { "ADE" "A" }
>> # { 0 "CYT" "C5"  } { 1 "CYT" "C3"  } { "CYT" "C" }
>> # { 0 "URA" "R5"  } { 1 "URA" "R3"  } { "URA" "R" }
>> 
>> }
>> 
>> #  try to be good about reading in really old atom names as well:
>> addPdbAtomMap {
>>   { "O5*" "O5'" }
>>   { "C5*" "C5'" }
>>   { "C4*" "C4'" }
>>   { "O4*" "O4'" }
>>   { "C3*" "C3'" }
>>   { "O3*" "O3'" }
>>   { "C2*" "C2'" }
>>   { "O2*" "O2'" }
>>   { "C1*" "C1'" }
>>   { "C5M" "C7"  }
>>   { "H1*" "H1'" }
>>   { "H2*1" "H2'" }
>>   { "H2*2" "H2''" }
>>   { "H2'1" "H2'" }
>>   { "H2'2" "H2''" }
>>   { "H3*" "H3'" }
>>   { "H4*" "H4'" }
>>   { "H5*1" "H5'" }
>>   { "H5*2" "H5''" }
>>   { "H5'1" "H5'" }
>>   { "H5'2" "H5''" }
>>   { "HO'2" "HO2'" }
>>   { "H5T"  "HO5'" }
>>   { "H3T"  "HO3'" }
>>   { "O1'" "O4'" }
>>   { "OA"  "OP1" }
>>   { "OB"  "OP2" }
>>   { "O1P" "OP1" }
>>   { "O2P" "OP2" }
>>   { "O3P" "OP3" }
>> }
>> 
> 
> source leaprc.gaff2
----- Source: /work19/yilan/softwares/miniconda3/envs/AmberTools25/dat/leap/cmd/leaprc.gaff2
----- Source of /work19/yilan/softwares/miniconda3/envs/AmberTools25/dat/leap/cmd/leaprc.gaff2 done
>> logFile leap.log
log started: Tue Dec  9 07:03:26 2025

Log file: ./leap.log
>> #
>> # ----- leaprc for loading the general Amber Force field.
>> #       This file is mostly for use with Antechamber
>> #
>> #	load atom type hybridizations
>> #
>> addAtomTypes {
>> 	{ "h1"  "H" "sp3" }
>> 	{ "h2"  "H" "sp3" }
>> 	{ "h3"  "H" "sp3" }
>> 	{ "h4"  "H" "sp3" }
>> 	{ "h5"  "H" "sp3" }
>> 	{ "ha"  "H" "sp3" }
>> 	{ "hc"  "H" "sp3" }
>> 	{ "hn"  "H" "sp3" }
>> 	{ "ho"  "H" "sp3" }
>> 	{ "hp"  "H" "sp3" }
>> 	{ "hs"  "H" "sp3" }
>> 	{ "hw"  "H" "sp3" }
>> 	{ "hx"  "H" "sp3" }
>> 	{ "o"  "O" "sp2" }
>> 	{ "o2"  "O" "sp2" }
>> 	{ "oh"  "O" "sp3" }
>> 	{ "op"  "O" "sp3" }
>> 	{ "oq"  "O" "sp3" }
>> 	{ "os"  "O" "sp3" }
>> 	{ "ow"  "O" "sp3" }
>> 	{ "c"  "C" "sp2" }
>> 	{ "c1"  "C" "sp2" }
>> 	{ "c2"  "C" "sp2" }
>> 	{ "c3"  "C" "sp3" }
>> 	{ "ca"  "C" "sp2" }
>> 	{ "cc"  "C" "sp2" }
>> 	{ "cd"  "C" "sp2" }
>> 	{ "ce"  "C" "sp2" }
>> 	{ "cf"  "C" "sp2" }
>> 	{ "cg"  "C" "sp2" }
>> 	{ "ch"  "C" "sp2" }
>> 	{ "cp"  "C" "sp2" }
>> 	{ "cs"  "C" "sp2" }
>> 	{ "cq"  "C" "sp2" }
>> 	{ "cu"  "C" "sp2" }
>> 	{ "cv"  "C" "sp2" }
>> 	{ "cx"  "C" "sp2" }
>> 	{ "cy"  "C" "sp2" }
>> 	{ "cz"  "C" "sp2" }
>> 	{ "n"   "N" "sp2" }
>> 	{ "n1"  "N" "sp2" }
>> 	{ "n2"  "N" "sp2" }
>> 	{ "n3"  "N" "sp3" }
>> 	{ "n4"  "N" "sp3" }
>> 	{ "n5"  "N" "sp3" }
>> 	{ "n6"  "N" "sp3" }
>> 	{ "n7"  "N" "sp3" }
>> 	{ "n8"  "N" "sp3" }
>> 	{ "n9"  "N" "sp3" }
>> 	{ "na"  "N" "sp2" }
>> 	{ "nb"  "N" "sp2" }
>> 	{ "nc"  "N" "sp2" }
>> 	{ "nd"  "N" "sp2" }
>> 	{ "ne"  "N" "sp2" }
>> 	{ "nf"  "N" "sp2" }
>> 	{ "nh"  "N" "sp2" }
>> 	{ "ni"  "N" "sp2" }
>> 	{ "nj"  "N" "sp2" }
>> 	{ "nk"  "N" "sp3" }
>> 	{ "nl"  "N" "sp3" }
>> 	{ "nm"  "N" "sp2" }
>> 	{ "nn"  "N" "sp2" }
>> 	{ "no"  "N" "sp2" }
>> 	{ "np"  "N" "sp3" }
>> 	{ "nq"  "N" "sp3" }
>> 	{ "ns"  "N" "sp2" }
>> 	{ "nt"  "N" "sp2" }
>> 	{ "nu"  "N" "sp2" }
>> 	{ "nv"  "N" "sp2" }
>> 	{ "nx"  "N" "sp3" }
>> 	{ "ny"  "N" "sp3" }
>> 	{ "nz"  "N" "sp3" }
>> 	{ "n+"  "N" "sp3" }
>> 	{ "s"   "S" "sp2" }
>> 	{ "s2"   "S" "sp2" }
>> 	{ "s3"   "S" "sp3" }
>> 	{ "s4"   "S" "sp3" }
>> 	{ "s6"   "S" "sp3" }
>> 	{ "sh"   "S" "sp3" }
>> 	{ "sp"   "S" "sp3" }
>> 	{ "sq"   "S" "sp3" }
>> 	{ "ss"   "S" "sp3" }
>> 	{ "sx"   "S" "sp3" }
>> 	{ "sy"   "S" "sp3" }
>> 	{ "p2"   "P" "sp2" }
>> 	{ "p3"   "P" "sp3" }
>> 	{ "p4"   "P" "sp3" }
>> 	{ "p5"   "P" "sp3" }
>> 	{ "pb"   "P" "sp3" }
>> 	{ "pc"   "P" "sp3" }
>> 	{ "pd"   "P" "sp3" }
>> 	{ "pe"   "P" "sp3" }
>> 	{ "pf"   "P" "sp3" }
>> 	{ "px"   "P" "sp3" }
>> 	{ "py"   "P" "sp3" }
>> 	{ "f"   "F" "sp3" }
>> 	{ "cl"  "Cl" "sp3" }
>> 	{ "br"  "Br" "sp3" }
>> 	{ "i"   "I"  "sp3" }
>> }
>> #
>> #	Load the general force field parameter set.
>> #
>> gaff = loadamberparams gaff2.dat
Loading parameters: /work19/yilan/softwares/miniconda3/envs/AmberTools25/dat/leap/parm/gaff2.dat
Reading title:
AMBER General Force Field for organic molecules (Version 2.2.20, March 2021)
(UNKNOWN ATOM TYPE: c6)
> 
> loadAmberParams ../1_modeling/pq0.frcmod
Loading parameters: ../1_modeling/pq0.frcmod
Reading force field modification type file (frcmod)
Reading title:
Remark line goes here
> PQ0 = loadmol2 ../1_modeling/pq0.mol2
Loading Mol2 file: ../1_modeling/pq0.mol2
Reading MOLECULE named pq0
> saveamberparm PQ0 sys.inpcrd sys.prmtop
Checking Unit.
Building topology.
Building atom parameters.
Building bond parameters.
Building angle parameters.
Building proper torsion parameters.
Building improper torsion parameters.
 total 9 improper torsions applied
Building H-Bond parameters.
Incorporating Non-Bonded adjustments.
Not Marking per-residue atom chain types.
Marking per-residue atom chain types.
  (Residues lacking connect0/connect1 - 
   these don't have chain types marked:

	res	total affected

	pq0	1
  )
 (no restraints)
> saveoff PQ0 ../PQ0.lib
Saving PQ0.
Building topology.
Building atom parameters.
> loadAmberParams sys.prmtop
Loading parameters: ./sys.prmtop
Reading title:
pq0

Warning: 18: mass not read - omitting

Warning: 1.6450000: mass -1.167000 - omitting

Warning: atom type 1.7100000 - unknown hybridization .0770000

Warning: -0.4150000: mass -0.058000 - omitting

Warning: -0.2160000: mass -2.435000 - omitting

Warning: -2.9760000: mass -0.422000 - omitting

Warning: atom type -1.7680000 - unknown hybridization .1490000

Warning: -1.7680000: polarization -0.001000 - omitting

Warning: 3.6490000: mass -0.030000 - omitting

Warning: atom type -2.5780000 - unknown hybridization .0920000

Warning: -2.5780000: polarization -0.001000 - omitting

Warning: 4.1550000: mass -0.883000 - omitting
> loadoff ../PQ0.lib
Loading library: ../PQ0.lib
Loading: PQ0
> sys = loadpdb sys.pdb
Loading PDB file: ./sys.pdb
Matching PDB residue names to LEaP variables.
Mapped residue C, term: Terminal/beginning, seq. number: 0 to: C5.
Mapped residue G, term: Terminal/last, seq. number: 32 to: G3.
  total atoms in file: 720
  Leap added 360 missing atoms according to residue templates:
       360 H / lone pairs
> savepdb sys leap.pdb
Writing pdb file: leap.pdb
> solvatebox sys OPCBOX {23.6 19.18 15}
  Solute vdw bounding box:              27.048 35.627 45.611
  Total bounding box for atom centers:  74.248 73.987 75.611
  Solvent unit box:                     18.865 18.478 19.006
The number of boxes:  x= 4  y= 5  z= 4
  Total vdw box size:                   77.528 76.971 78.661 angstroms.
  Volume: 469400.368 A^3 
  Total mass 236592.152 amu,  Density 0.837 g/cc
  Added 12537 residues.
> charge sys
Total unperturbed charge: -31.999999
Total perturbed charge:   -31.999999
> addions sys K+ 53
Adding 53 counter ions to "sys" using 1A grid
Total solute charge:  -32.00  Max atom radius:   2.10
Grid extends from solute vdw + 6.43  to  12.53
Box:
   enclosing:  -24.27 -28.69 -33.90   24.53 29.21 33.88
   sized:			      103.73 99.31 94.10
   edge:        128.00
Resolution:      1.00 Angstrom.
Tree depth: 7
Volume =  1.91% of box, grid points 39966
Solvent present: replacing closest with ion
	 when steric overlaps occur
Calculating grid charges
(Replacing solvent molecule)
Placed K+ in sys at (11.76, -0.77, 2.16).
(Replacing solvent molecule)
Placed K+ in sys at (10.04, 2.74, 15.14).
(Replacing solvent molecule)
Placed K+ in sys at (-16.37, 6.28, 0.74).
(Replacing solvent molecule)
Placed K+ in sys at (1.60, -17.53, 8.90).
(Replacing solvent molecule)
Placed K+ in sys at (12.74, 8.60, -2.24).
(Replacing solvent molecule)
Placed K+ in sys at (11.41, -8.56, 5.46).
(Replacing solvent molecule)
Placed K+ in sys at (-1.10, -22.23, -8.11).
(Replacing solvent molecule)
Placed K+ in sys at (-15.07, -9.46, 5.83).
(Replacing solvent molecule)
Placed K+ in sys at (4.85, 15.19, -8.70).
(Replacing solvent molecule)
Placed K+ in sys at (-7.90, -3.03, -18.12).
(Replacing solvent molecule)
Placed K+ in sys at (10.47, 12.02, 10.74).
(Replacing solvent molecule)
Placed K+ in sys at (-9.89, 7.35, 21.24).
(Replacing solvent molecule)
Placed K+ in sys at (0.66, -15.75, -18.11).
(Replacing solvent molecule)
Placed K+ in sys at (0.83, -22.19, 2.09).
(Replacing solvent molecule)
Placed K+ in sys at (-13.43, 8.45, -5.59).
(Replacing solvent molecule)
Placed K+ in sys at (8.34, -8.34, 14.24).
(Replacing solvent molecule)
Placed K+ in sys at (-15.27, -7.12, -6.00).
(Replacing solvent molecule)
Placed K+ in sys at (3.60, 3.19, 23.67).
(Replacing solvent molecule)
Placed K+ in sys at (-17.83, 5.23, 11.84).
(Replacing solvent molecule)
Placed K+ in sys at (15.79, -3.37, -11.92).
(Replacing solvent molecule)
Placed K+ in sys at (11.76, -19.25, 2.16).
(Replacing solvent molecule)
Placed K+ in sys at (-7.55, 11.55, -11.27).
(Replacing solvent molecule)
Placed K+ in sys at (-7.93, 21.79, 11.68).
(Replacing solvent molecule)
Placed K+ in sys at (-6.63, -12.11, 18.51).
(Replacing solvent molecule)
Placed K+ in sys at (6.44, 20.26, 5.27).
(Replacing solvent molecule)
Placed K+ in sys at (9.83, 5.14, -18.30).
(Replacing solvent molecule)
Placed K+ in sys at (-10.12, -15.20, -14.12).
(Replacing solvent molecule)
Placed K+ in sys at (-11.60, -21.11, 2.82).
(Replacing solvent molecule)
Placed K+ in sys at (-3.32, 5.05, -22.28).
(Replacing solvent molecule)
Placed K+ in sys at (-17.08, -4.70, 13.30).
(Replacing solvent molecule)
Placed K+ in sys at (15.24, -5.51, -1.55).
(Replacing solvent molecule)
Placed K+ in sys at (5.81, 17.38, 19.12).
(Replacing solvent molecule)
Placed K+ in sys at (-14.39, 16.33, 6.06).
(Replacing solvent molecule)
Placed K+ in sys at (3.96, -7.67, -28.47).
(Replacing solvent molecule)
Placed K+ in sys at (11.22, -20.12, -8.88).
(Replacing solvent molecule)
Placed K+ in sys at (1.29, -5.80, 23.33).
(Replacing solvent molecule)
Placed K+ in sys at (-14.80, 1.78, -11.97).
(Replacing solvent molecule)
Placed K+ in sys at (1.93, 23.08, -4.53).
(Replacing solvent molecule)
Placed K+ in sys at (-7.90, 15.45, 19.89).
(Replacing solvent molecule)
Placed K+ in sys at (-8.98, -18.23, 11.62).
(Replacing solvent molecule)
Placed K+ in sys at (-3.60, -9.63, -22.68).
(Replacing solvent molecule)
Placed K+ in sys at (14.41, 4.55, 5.90).
(Replacing solvent molecule)
Placed K+ in sys at (1.03, 23.71, 30.84).
(Replacing solvent molecule)
Placed K+ in sys at (-20.32, -2.80, 1.07).
(Replacing solvent molecule)
Placed K+ in sys at (15.99, -9.06, -25.80).
(Replacing solvent molecule)
Placed K+ in sys at (22.66, 9.02, -13.17).
(Replacing solvent molecule)
Placed K+ in sys at (-11.54, 24.35, -8.77).
(Replacing solvent molecule)
Placed K+ in sys at (-11.88, -23.12, -7.62).
(Replacing solvent molecule)
Placed K+ in sys at (2.63, -16.46, 15.51).
(Replacing solvent molecule)
Placed K+ in sys at (-4.16, 11.44, 33.55).
(Replacing solvent molecule)
Placed K+ in sys at (22.10, -17.52, -7.77).
(Replacing solvent molecule)
Placed K+ in sys at (4.33, 29.66, 15.71).
(Replacing solvent molecule)
Placed K+ in sys at (0.15, 11.92, -18.26).

Done adding ions.
> addions sys Cl- 21
Adding 21 counter ions to "sys" using 1A grid
Total solute charge:  21.00  Max atom radius:   2.10
Grid extends from solute vdw + 6.61  to  12.71
Box:
   enclosing:  -33.03 -35.83 -41.18   35.37 42.38 46.26
   sized:			      94.97 92.17 86.82
   edge:        128.00
Resolution:      1.00 Angstrom.
Tree depth: 7
Volume =  3.54% of box, grid points 74203
Solvent present: replacing closest with ion
	 when steric overlaps occur
Calculating grid charges
(Replacing solvent molecule)
Placed Cl- in sys at (-6.87, 16.02, 26.49).
(Replacing solvent molecule)
Placed Cl- in sys at (16.93, 2.05, -17.30).
(Replacing solvent molecule)
Placed Cl- in sys at (-14.07, -13.01, 15.11).
(Replacing solvent molecule)
Placed Cl- in sys at (-2.29, 19.30, -14.71).
(Replacing solvent molecule)
Placed Cl- in sys at (20.15, -2.53, 4.63).
(Replacing solvent molecule)
Placed Cl- in sys at (-6.54, -25.59, -2.13).
(Replacing solvent molecule)
Placed Cl- in sys at (3.72, 26.34, 22.26).
(Replacing solvent molecule)
Placed Cl- in sys at (-19.71, 3.03, -7.03).
(Replacing solvent molecule)
Placed Cl- in sys at (-6.31, -2.65, -25.82).
(Replacing solvent molecule)
Placed Cl- in sys at (6.68, -10.65, 22.84).
(Replacing solvent molecule)
Placed Cl- in sys at (-22.51, -1.13, 9.03).
(Replacing solvent molecule)
Placed Cl- in sys at (17.86, -23.17, -1.08).
(Replacing solvent molecule)
Placed Cl- in sys at (-13.97, 17.39, -6.75).
(Replacing solvent molecule)
Placed Cl- in sys at (7.37, -14.65, -25.88).
(Replacing solvent molecule)
Placed Cl- in sys at (8.05, 29.04, 7.55).
(Replacing solvent molecule)
Placed Cl- in sys at (-2.16, -23.41, 14.52).
(Replacing solvent molecule)
Placed Cl- in sys at (-3.48, 3.55, 29.36).
(Replacing solvent molecule)
Placed Cl- in sys at (5.44, 8.45, -24.59).
(Replacing solvent molecule)
Placed Cl- in sys at (17.00, 6.94, 14.05).
(Replacing solvent molecule)
Placed Cl- in sys at (-3.76, -21.68, -14.56).
(Replacing solvent molecule)
Placed Cl- in sys at (22.83, -7.67, -9.46).

Done adding ions.
> charge sys
Total unperturbed charge:   0.000001
Total perturbed charge:     0.000001
> saveamberparm sys leap.prmtop leap.inpcrd
Checking Unit.

Note: Ignoring the warnings from Unit Checking.

Building topology.
Building atom parameters.
Building bond parameters.
Building angle parameters.
Building proper torsion parameters.
Building improper torsion parameters.
 total 233 improper torsions applied
Building H-Bond parameters.
Incorporating Non-Bonded adjustments.
Not Marking per-residue atom chain types.
Marking per-residue atom chain types.
  (Residues lacking connect0/connect1 - 
   these don't have chain types marked:

	res	total affected

	pq0	1
  )
 (no restraints)
> savepdb sys leap.pdb
Writing pdb file: leap.pdb
   printing CRYST1 record to PDB file with box info
> quit
	Quit

Exiting LEaP: Errors = 1; Warnings = 12; Notes = 1.
