                      :-) GROMACS - gmx mdrun, 2022.2 (-:

Copyright 1991-2022 The GROMACS Authors.
GROMACS is free software; you can redistribute it and/or modify it
under the terms of the GNU Lesser General Public License
as published by the Free Software Foundation; either version 2.1
of the License, or (at your option) any later version.

                         Current GROMACS contributors:
       Mark Abraham           Andrey Alekseenko           Cathrine Bergh      
      Christian Blau            Eliane Briand               Kevin Boyd        
     Oliver Fleetwood         Stefan Fleischmann           Vytas Gapsys       
       Gaurav Garg           Gilles Gouaillardet            Alan Gray         
      Victor Holanda           M. Eric Irrgang              Joe Jordan        
    Christoph Junghans        Prashanth Kanduri           Sebastian Kehl      
     Sebastian Keller          Carsten Kutzner           Magnus Lundborg      
       Pascal Merz              Dmitry Morozov             Szilard Pall       
      Roland Schulz             Michael Shirts         David van der Spoel    
     Alessandra Villa      Sebastian Wingbermuehle        Artem Zhmurov       

                         Previous GROMACS contributors:
        Emile Apol             Rossen Apostolov           James Barnett       
  Herman J.C. Berendsen          Par Bjelkmar           Viacheslav Bolnykh    
    Aldert van Buuren          Carlo Camilloni           Rudi van Drunen      
      Anton Feenstra           Gerrit Groenhof            Bert de Groot       
      Anca Hamuraru           Vincent Hindriksen         Aleksei Iupinov      
   Dimitrios Karkoulis           Peter Kasson               Jiri Kraus        
       Per Larsson             Justin A. Lemkul           Viveca Lindahl      
      Erik Marklund           Pieter Meulenhoff           Vedran Miletic      
      Teemu Murtola              Sander Pronk            Alexey Shvetsov      
      Alfons Sijbers            Peter Tieleman             Jon Vincent        
     Teemu Virolainen         Christian Wennberg           Maarten Wolf       

                  Coordinated by the GROMACS project leaders:
                    Paul Bauer, Berk Hess, and Erik Lindahl

GROMACS:      gmx mdrun, version 2022.2
Executable:   /misc/opt/app/gromacs/2022.2/openmpi/RTX3090/bin/gmx_mpi
Data prefix:  /misc/opt/app/gromacs/2022.2/openmpi/RTX3090
Working dir:  /misc/work19/yilan/projects/PreQ1_APO/4_nvt-2
Process ID:   843781
Command line:
  gmx_mpi mdrun -deffnm nvt

GROMACS version:    2022.2
Precision:          mixed
Memory model:       64 bit
MPI library:        MPI
OpenMP support:     enabled (GMX_OPENMP_MAX_THREADS = 128)
GPU support:        CUDA
SIMD instructions:  AVX2_256
CPU FFT library:    fftw-3.3.8-sse2-avx-avx2-avx2_128
GPU FFT library:    cuFFT
RDTSCP usage:       enabled
TNG support:        enabled
Hwloc support:      disabled
Tracing support:    disabled
C compiler:         /opt/compiler/openmpi/openmpi4.0.3/gnu7.5.0/bin/mpicc GNU 11.2.0
C compiler flags:   -mavx2 -mfma -Wno-missing-field-initializers -fexcess-precision=fast -funroll-all-loops -O3 -DNDEBUG
C++ compiler:       /opt/compiler/openmpi/openmpi4.0.3/gnu7.5.0/bin/mpic++ GNU 11.2.0
C++ compiler flags: -mavx2 -mfma -Wno-missing-field-initializers -fexcess-precision=fast -funroll-all-loops -fopenmp -O3 -DNDEBUG
CUDA compiler:      /opt/compiler/cuda/11.7/bin/nvcc nvcc: NVIDIA (R) Cuda compiler driver;Copyright (c) 2005-2022 NVIDIA Corporation;Built on Wed_Jun__8_16:49:14_PDT_2022;Cuda compilation tools, release 11.7, V11.7.99;Build cuda_11.7.r11.7/compiler.31442593_0
CUDA compiler flags:-std=c++17;-gencode;arch=compute_35,code=sm_35;-gencode;arch=compute_37,code=sm_37;-gencode;arch=compute_50,code=sm_50;-gencode;arch=compute_52,code=sm_52;-gencode;arch=compute_60,code=sm_60;-gencode;arch=compute_61,code=sm_61;-gencode;arch=compute_70,code=sm_70;-gencode;arch=compute_75,code=sm_75;-gencode;arch=compute_80,code=sm_80;-Wno-deprecated-gpu-targets;-gencode;arch=compute_53,code=sm_53;-gencode;arch=compute_80,code=sm_80;-use_fast_math;-D_FORCE_INLINES;-mavx2 -mfma -Wno-missing-field-initializers -fexcess-precision=fast -funroll-all-loops -fopenmp -O3 -DNDEBUG
CUDA driver:        12.20
CUDA runtime:       N/A


Running on 1 node with total 8 cores, 16 processing units (GPU detection failed)
Hardware detected on host lugia (the node of MPI rank 0):
  CPU info:
    Vendor: Intel
    Brand:  11th Gen Intel(R) Core(TM) i9-11900KF @ 3.50GHz
    Family: 6   Model: 167   Stepping: 1
    Features: aes apic avx avx2 avx512f avx512cd avx512bw avx512vl avx512secondFMA clfsh cmov cx8 cx16 f16c fma htt intel lahf mmx msr nonstop_tsc pcid pclmuldq pdcm pdpe1gb popcnt pse rdrnd rdtscp sha sse2 sse3 sse4.1 sse4.2 ssse3 tdt x2apic
    Number of AVX-512 FMA units: 1 (AVX2 is faster w/o 2 AVX-512 FMA units)
  Hardware topology: Basic
    Packages, cores, and logical processors:
    [indices refer to OS logical processors]
      Package  0: [   0   8] [   1   9] [   2  10] [   3  11] [   4  12] [   5  13] [   6  14] [   7  15]
    CPU limit set by OS: -1   Recommended max number of threads: 16


++++ PLEASE READ AND CITE THE FOLLOWING REFERENCE ++++
M. J. Abraham, T. Murtola, R. Schulz, S. Páll, J. C. Smith, B. Hess, E.
Lindahl
GROMACS: High performance molecular simulations through multi-level
parallelism from laptops to supercomputers
SoftwareX 1 (2015) pp. 19-25
-------- -------- --- Thank You --- -------- --------


++++ PLEASE READ AND CITE THE FOLLOWING REFERENCE ++++
S. Páll, M. J. Abraham, C. Kutzner, B. Hess, E. Lindahl
Tackling Exascale Software Challenges in Molecular Dynamics Simulations with
GROMACS
In S. Markidis & E. Laure (Eds.), Solving Software Challenges for Exascale 8759 (2015) pp. 3-27
-------- -------- --- Thank You --- -------- --------


++++ PLEASE READ AND CITE THE FOLLOWING REFERENCE ++++
S. Pronk, S. Páll, R. Schulz, P. Larsson, P. Bjelkmar, R. Apostolov, M. R.
Shirts, J. C. Smith, P. M. Kasson, D. van der Spoel, B. Hess, and E. Lindahl
GROMACS 4.5: a high-throughput and highly parallel open source molecular
simulation toolkit
Bioinformatics 29 (2013) pp. 845-54
-------- -------- --- Thank You --- -------- --------


++++ PLEASE READ AND CITE THE FOLLOWING REFERENCE ++++
B. Hess and C. Kutzner and D. van der Spoel and E. Lindahl
GROMACS 4: Algorithms for highly efficient, load-balanced, and scalable
molecular simulation
J. Chem. Theory Comput. 4 (2008) pp. 435-447
-------- -------- --- Thank You --- -------- --------


++++ PLEASE READ AND CITE THE FOLLOWING REFERENCE ++++
D. van der Spoel, E. Lindahl, B. Hess, G. Groenhof, A. E. Mark and H. J. C.
Berendsen
GROMACS: Fast, Flexible and Free
J. Comp. Chem. 26 (2005) pp. 1701-1719
-------- -------- --- Thank You --- -------- --------


++++ PLEASE READ AND CITE THE FOLLOWING REFERENCE ++++
E. Lindahl and B. Hess and D. van der Spoel
GROMACS 3.0: A package for molecular simulation and trajectory analysis
J. Mol. Mod. 7 (2001) pp. 306-317
-------- -------- --- Thank You --- -------- --------


++++ PLEASE READ AND CITE THE FOLLOWING REFERENCE ++++
H. J. C. Berendsen, D. van der Spoel and R. van Drunen
GROMACS: A message-passing parallel molecular dynamics implementation
Comp. Phys. Comm. 91 (1995) pp. 43-56
-------- -------- --- Thank You --- -------- --------


++++ PLEASE CITE THE DOI FOR THIS VERSION OF GROMACS ++++
https://doi.org/10.5281/zenodo.6637571
-------- -------- --- Thank You --- -------- --------

Input Parameters:
   integrator                     = md
   tinit                          = 0
   dt                             = 0.002
   nsteps                         = 500000
   init-step                      = 0
   simulation-part                = 1
   mts                            = false
   comm-mode                      = Linear
   nstcomm                        = 100
   bd-fric                        = 0
   ld-seed                        = -1128267780
   emtol                          = 10
   emstep                         = 0.01
   niter                          = 20
   fcstep                         = 0
   nstcgsteep                     = 1000
   nbfgscorr                      = 10
   rtpi                           = 0.05
   nstxout                        = 0
   nstvout                        = 0
   nstfout                        = 0
   nstlog                         = 5000
   nstcalcenergy                  = 100
   nstenergy                      = 5000
   nstxout-compressed             = 5000
   compressed-x-precision         = 1000
   cutoff-scheme                  = Verlet
   nstlist                        = 10
   pbc                            = xyz
   periodic-molecules             = false
   verlet-buffer-tolerance        = 0.005
   rlist                          = 1.007
   coulombtype                    = PME
   coulomb-modifier               = Potential-shift
   rcoulomb-switch                = 0
   rcoulomb                       = 1
   epsilon-r                      = 1
   epsilon-rf                     = inf
   vdw-type                       = Cut-off
   vdw-modifier                   = Potential-shift
   rvdw-switch                    = 0
   rvdw                           = 1
   DispCorr                       = No
   table-extension                = 1
   fourierspacing                 = 0.12
   fourier-nx                     = 72
   fourier-ny                     = 72
   fourier-nz                     = 72
   pme-order                      = 4
   ewald-rtol                     = 1e-05
   ewald-rtol-lj                  = 0.001
   lj-pme-comb-rule               = Geometric
   ewald-geometry                 = 3d
   epsilon-surface                = 0
   tcoupl                         = Nose-Hoover
   nsttcouple                     = 10
   nh-chain-length                = 1
   print-nose-hoover-chain-variables = false
   pcoupl                         = No
   pcoupltype                     = Isotropic
   nstpcouple                     = -1
   tau-p                          = 1
   compressibility (3x3):
      compressibility[    0]={ 0.00000e+00,  0.00000e+00,  0.00000e+00}
      compressibility[    1]={ 0.00000e+00,  0.00000e+00,  0.00000e+00}
      compressibility[    2]={ 0.00000e+00,  0.00000e+00,  0.00000e+00}
   ref-p (3x3):
      ref-p[    0]={ 0.00000e+00,  0.00000e+00,  0.00000e+00}
      ref-p[    1]={ 0.00000e+00,  0.00000e+00,  0.00000e+00}
      ref-p[    2]={ 0.00000e+00,  0.00000e+00,  0.00000e+00}
   refcoord-scaling               = No
   posres-com (3):
      posres-com[0]= 0.00000e+00
      posres-com[1]= 0.00000e+00
      posres-com[2]= 0.00000e+00
   posres-comB (3):
      posres-comB[0]= 0.00000e+00
      posres-comB[1]= 0.00000e+00
      posres-comB[2]= 0.00000e+00
   QMMM                           = false
qm-opts:
   ngQM                           = 0
   constraint-algorithm           = Lincs
   continuation                   = true
   Shake-SOR                      = false
   shake-tol                      = 0.0001
   lincs-order                    = 4
   lincs-iter                     = 1
   lincs-warnangle                = 30
   nwall                          = 0
   wall-type                      = 9-3
   wall-r-linpot                  = -1
   wall-atomtype[0]               = -1
   wall-atomtype[1]               = -1
   wall-density[0]                = 0
   wall-density[1]                = 0
   wall-ewald-zfac                = 3
   pull                           = false
   awh                            = false
   rotation                       = false
   interactiveMD                  = false
   disre                          = No
   disre-weighting                = Conservative
   disre-mixed                    = false
   dr-fc                          = 1000
   dr-tau                         = 0
   nstdisreout                    = 100
   orire-fc                       = 0
   orire-tau                      = 0
   nstorireout                    = 100
   free-energy                    = no
   cos-acceleration               = 0
   deform (3x3):
      deform[    0]={ 0.00000e+00,  0.00000e+00,  0.00000e+00}
      deform[    1]={ 0.00000e+00,  0.00000e+00,  0.00000e+00}
      deform[    2]={ 0.00000e+00,  0.00000e+00,  0.00000e+00}
   simulated-tempering            = false
   swapcoords                     = no
   userint1                       = 0
   userint2                       = 0
   userint3                       = 0
   userint4                       = 0
   userreal1                      = 0
   userreal2                      = 0
   userreal3                      = 0
   userreal4                      = 0
   applied-forces:
     electric-field:
       x:
         E0                       = 0
         omega                    = 0
         t0                       = 0
         sigma                    = 0
       y:
         E0                       = 0
         omega                    = 0
         t0                       = 0
         sigma                    = 0
       z:
         E0                       = 0
         omega                    = 0
         t0                       = 0
         sigma                    = 0
     density-guided-simulation:
       active                     = false
       group                      = protein
       similarity-measure         = inner-product
       atom-spreading-weight      = unity
       force-constant             = 1e+09
       gaussian-transform-spreading-width = 0.2
       gaussian-transform-spreading-range-in-multiples-of-width = 4
       reference-density-filename = reference.mrc
       nst                        = 1
       normalize-densities        = true
       adaptive-force-scaling     = false
       adaptive-force-scaling-time-constant = 4
       shift-vector               = 
       transformation-matrix      = 
     qmmm-cp2k:
       active                     = false
       qmgroup                    = System
       qmmethod                   = PBE
       qmfilenames                = 
       qmcharge                   = 0
       qmmultiplicity             = 1
grpopts:
   nrdf:       86949
   ref-t:         300
   tau-t:           2
annealing:          No
annealing-npoints:           0
   acc:	           0           0           0
   nfreeze:           N           N           N
   energygrp-flags[  0]: 0

Changing nstlist from 10 to 40, rlist from 1.007 to 1.107


Initializing Domain Decomposition on 1 ranks
Dynamic load balancing: auto
Using update groups, nr 14760, average size 3.9 atoms, max. radius 0.099 nm
Minimum cell size due to atom displacement: 0.334 nm
Initial maximum distances in bonded interactions:
    two-body bonded interactions: 0.407 nm, LJ-14, atoms 702 709
  multi-body bonded interactions: 0.407 nm, Proper Dih., atoms 702 709
Minimum cell size due to bonded interactions: 0.448 nm
Using 0 separate PME ranks because: there are too few total ranks for efficient splitting
Optimizing the DD grid for 1 cells with a minimum initial size of 0.448 nm
The maximum allowed number of cells is: X 18 Y 17 Z 17
Domain decomposition grid 1 x 1 x 1, separate PME ranks 0
PME domain decomposition: 1 x 1 x 1

The initial number of communication pulses is:
The initial domain decomposition cell size is:

The maximum allowed distance for atom groups involved in interactions is:
                 non-bonded interactions           1.305 nm
            two-body bonded interactions  (-rdd)   1.305 nm
          multi-body bonded interactions  (-rdd)   1.305 nm

When dynamic load balancing gets turned on, these settings will change to:
The maximum number of communication pulses is:
The minimum size for domain decomposition cells is 1.305 nm
The requested allowed shrink of DD cells (option -dds) is: 0.80
The allowed shrink of domain decomposition cells is:
The maximum allowed distance for atom groups involved in interactions is:
                 non-bonded interactions           1.305 nm
            two-body bonded interactions  (-rdd)   1.305 nm
          multi-body bonded interactions  (-rdd)   1.305 nm

Using 1 MPI process
Using 16 OpenMP threads 

Pinning threads with an auto-selected logical cpu stride of 1
System total charge: -0.000
Will do PME sum in reciprocal space for electrostatic interactions.

++++ PLEASE READ AND CITE THE FOLLOWING REFERENCE ++++
U. Essmann, L. Perera, M. L. Berkowitz, T. Darden, H. Lee and L. G. Pedersen 
A smooth particle mesh Ewald method
J. Chem. Phys. 103 (1995) pp. 8577-8592
-------- -------- --- Thank You --- -------- --------

Using a Gaussian width (1/beta) of 0.320163 nm for Ewald
Potential shift: LJ r^-12: -1.000e+00 r^-6: -1.000e+00, Ewald -1.000e-05
Initialized non-bonded Coulomb Ewald tables, spacing: 9.33e-04 size: 1073

Generated table with 1053 data points for 1-4 COUL.
Tabscale = 500 points/nm
Generated table with 1053 data points for 1-4 LJ6.
Tabscale = 500 points/nm
Generated table with 1053 data points for 1-4 LJ12.
Tabscale = 500 points/nm


Using SIMD 4x8 nonbonded short-range kernels

Using a dual 4x8 pair-list setup updated with dynamic pruning:
  outer list: updated every 40 steps, buffer 0.107 nm, rlist 1.107 nm
  inner list: updated every  8 steps, buffer 0.001 nm, rlist 1.001 nm
At tolerance 0.005 kJ/mol/ps per atom, equivalent classical 1x1 list would be:
  outer list: updated every 40 steps, buffer 0.213 nm, rlist 1.213 nm
  inner list: updated every  8 steps, buffer 0.029 nm, rlist 1.029 nm

Using Lorentz-Berthelot Lennard-Jones combination rule

Linking all bonded interactions to atoms


Initializing LINear Constraint Solver

++++ PLEASE READ AND CITE THE FOLLOWING REFERENCE ++++
B. Hess and H. Bekker and H. J. C. Berendsen and J. G. E. M. Fraaije
LINCS: A Linear Constraint Solver for molecular simulations
J. Comp. Chem. 18 (1997) pp. 1463-1472
-------- -------- --- Thank You --- -------- --------

The number of constraints is 360

++++ PLEASE READ AND CITE THE FOLLOWING REFERENCE ++++
S. Miyamoto and P. A. Kollman
SETTLE: An Analytical Version of the SHAKE and RATTLE Algorithms for Rigid
Water Models
J. Comp. Chem. 13 (1992) pp. 952-962
-------- -------- --- Thank You --- -------- --------

There are: 43088 Atoms
There are: 13984 VSites

Atom distribution over 1 domains: av 57072 stddev 0 min 57072 max 57072
Center of mass motion removal mode is Linear
We have the following groups for center of mass motion removal:
  0:  rest

Started mdrun on rank 0 Sun Oct 26 08:53:05 2025

           Step           Time
              0        0.00000

   Energies (kJ/mol)
           Bond          Angle    Proper Dih.Periodic Improper Dih.          LJ-14
    1.14668e+03    2.37691e+03    3.38271e+03    7.67894e+01    1.31471e+03
     Coulomb-14        LJ (SR)   Coulomb (SR)   Coul. recip. Position Rest.
   -1.39762e+04    1.07492e+05   -8.69663e+05    4.44652e+03    4.74148e+02
      Potential    Kinetic En.   Total Energy  Conserved En.    Temperature
   -7.62929e+05    1.08630e+05   -6.54298e+05   -6.54298e+05    3.00527e+02
 Pressure (bar)   Constr. rmsd
   -3.80304e+02    2.28164e-06

           Step           Time
           5000       10.00000

   Energies (kJ/mol)
           Bond          Angle    Proper Dih.Periodic Improper Dih.          LJ-14
    1.14527e+03    2.18874e+03    3.33393e+03    6.61619e+01    1.33351e+03
     Coulomb-14        LJ (SR)   Coulomb (SR)   Coul. recip. Position Rest.
   -1.39210e+04    1.09691e+05   -8.70226e+05    4.45784e+03    4.47001e+02
      Potential    Kinetic En.   Total Energy  Conserved En.    Temperature
   -7.61484e+05    1.08622e+05   -6.52861e+05   -6.53679e+05    3.00504e+02
 Pressure (bar)   Constr. rmsd
   -1.69266e+02    2.12959e-06

           Step           Time
          10000       20.00000

   Energies (kJ/mol)
           Bond          Angle    Proper Dih.Periodic Improper Dih.          LJ-14
    1.12598e+03    2.34874e+03    3.35902e+03    5.45143e+01    1.26875e+03
     Coulomb-14        LJ (SR)   Coulomb (SR)   Coul. recip. Position Rest.
   -1.39557e+04    1.08034e+05   -8.70477e+05    4.45608e+03    4.93216e+02
      Potential    Kinetic En.   Total Energy  Conserved En.    Temperature
   -7.63292e+05    1.07669e+05   -6.55623e+05   -6.53059e+05    2.97867e+02
 Pressure (bar)   Constr. rmsd
   -6.23381e+02    1.94447e-06

           Step           Time
          15000       30.00000

   Energies (kJ/mol)
           Bond          Angle    Proper Dih.Periodic Improper Dih.          LJ-14
    1.05825e+03    2.32426e+03    3.36137e+03    6.45404e+01    1.29582e+03
     Coulomb-14        LJ (SR)   Coulomb (SR)   Coul. recip. Position Rest.
   -1.38417e+04    1.09032e+05   -8.69360e+05    4.48301e+03    4.86032e+02
      Potential    Kinetic En.   Total Energy  Conserved En.    Temperature
   -7.61096e+05    1.09195e+05   -6.51901e+05   -6.52481e+05    3.02089e+02
 Pressure (bar)   Constr. rmsd
   -5.36638e+02    2.52439e-06

           Step           Time
          20000       40.00000

   Energies (kJ/mol)
           Bond          Angle    Proper Dih.Periodic Improper Dih.          LJ-14
    1.04193e+03    2.29318e+03    3.37934e+03    6.05430e+01    1.28029e+03
     Coulomb-14        LJ (SR)   Coulomb (SR)   Coul. recip. Position Rest.
   -1.37857e+04    1.09598e+05   -8.70698e+05    4.63994e+03    4.95876e+02
      Potential    Kinetic En.   Total Energy  Conserved En.    Temperature
   -7.61694e+05    1.08428e+05   -6.53267e+05   -6.51844e+05    2.99965e+02
 Pressure (bar)   Constr. rmsd
   -3.09680e+02    2.17619e-06

           Step           Time
          25000       50.00000

   Energies (kJ/mol)
           Bond          Angle    Proper Dih.Periodic Improper Dih.          LJ-14
    1.21702e+03    2.38931e+03    3.34142e+03    6.96896e+01    1.31579e+03
     Coulomb-14        LJ (SR)   Coulomb (SR)   Coul. recip. Position Rest.
   -1.39054e+04    1.08486e+05   -8.69840e+05    4.56227e+03    4.42520e+02
      Potential    Kinetic En.   Total Energy  Conserved En.    Temperature
   -7.61922e+05    1.09459e+05   -6.52462e+05   -6.51239e+05    3.02819e+02
 Pressure (bar)   Constr. rmsd
   -5.71212e+02    2.18577e-06

           Step           Time
          30000       60.00000

   Energies (kJ/mol)
           Bond          Angle    Proper Dih.Periodic Improper Dih.          LJ-14
    1.11106e+03    2.30558e+03    3.35505e+03    7.00101e+01    1.28503e+03
     Coulomb-14        LJ (SR)   Coulomb (SR)   Coul. recip. Position Rest.
   -1.39064e+04    1.08542e+05   -8.70626e+05    4.41251e+03    4.66161e+02
      Potential    Kinetic En.   Total Energy  Conserved En.    Temperature
   -7.62985e+05    1.08090e+05   -6.54895e+05   -6.50659e+05    2.99030e+02
 Pressure (bar)   Constr. rmsd
   -4.23577e+02    2.39539e-06

           Step           Time
          35000       70.00000

   Energies (kJ/mol)
           Bond          Angle    Proper Dih.Periodic Improper Dih.          LJ-14
    1.07736e+03    2.29006e+03    3.37924e+03    6.99392e+01    1.25384e+03
     Coulomb-14        LJ (SR)   Coulomb (SR)   Coul. recip. Position Rest.
   -1.39182e+04    1.08590e+05   -8.69176e+05    4.40861e+03    4.81921e+02
      Potential    Kinetic En.   Total Energy  Conserved En.    Temperature
   -7.61543e+05    1.08503e+05   -6.53041e+05   -6.49990e+05    3.00173e+02
 Pressure (bar)   Constr. rmsd
   -4.47305e+02    2.18724e-06

           Step           Time
          40000       80.00000

   Energies (kJ/mol)
           Bond          Angle    Proper Dih.Periodic Improper Dih.          LJ-14
    1.16862e+03    2.24500e+03    3.37301e+03    6.13403e+01    1.24399e+03
     Coulomb-14        LJ (SR)   Coulomb (SR)   Coul. recip. Position Rest.
   -1.39918e+04    1.08505e+05   -8.69677e+05    4.53213e+03    4.79610e+02
      Potential    Kinetic En.   Total Energy  Conserved En.    Temperature
   -7.62060e+05    1.09260e+05   -6.52800e+05   -6.49380e+05    3.02269e+02
 Pressure (bar)   Constr. rmsd
   -6.05547e+02    2.32325e-06

           Step           Time
          45000       90.00000

   Energies (kJ/mol)
           Bond          Angle    Proper Dih.Periodic Improper Dih.          LJ-14
    1.17097e+03    2.20855e+03    3.32958e+03    5.04806e+01    1.30153e+03
     Coulomb-14        LJ (SR)   Coulomb (SR)   Coul. recip. Position Rest.
   -1.39148e+04    1.09157e+05   -8.69612e+05    4.44923e+03    4.72140e+02
      Potential    Kinetic En.   Total Energy  Conserved En.    Temperature
   -7.61387e+05    1.09195e+05   -6.52193e+05   -6.48757e+05    3.02088e+02
 Pressure (bar)   Constr. rmsd
   -1.16536e+02    2.09380e-06

           Step           Time
          50000      100.00000

   Energies (kJ/mol)
           Bond          Angle    Proper Dih.Periodic Improper Dih.          LJ-14
    1.13928e+03    2.25526e+03    3.38283e+03    6.31792e+01    1.25158e+03
     Coulomb-14        LJ (SR)   Coulomb (SR)   Coul. recip. Position Rest.
   -1.38716e+04    1.08156e+05   -8.69076e+05    4.47635e+03    4.84845e+02
      Potential    Kinetic En.   Total Energy  Conserved En.    Temperature
   -7.61739e+05    1.08717e+05   -6.53022e+05   -6.48210e+05    3.00766e+02
 Pressure (bar)   Constr. rmsd
   -6.29397e+02    2.38649e-06

           Step           Time
          55000      110.00000

   Energies (kJ/mol)
           Bond          Angle    Proper Dih.Periodic Improper Dih.          LJ-14
    1.18309e+03    2.31202e+03    3.38809e+03    7.39311e+01    1.29086e+03
     Coulomb-14        LJ (SR)   Coulomb (SR)   Coul. recip. Position Rest.
   -1.39066e+04    1.08874e+05   -8.70604e+05    4.51773e+03    4.75675e+02
      Potential    Kinetic En.   Total Energy  Conserved En.    Temperature
   -7.62396e+05    1.08804e+05   -6.53591e+05   -6.47576e+05    3.01007e+02
 Pressure (bar)   Constr. rmsd
   -3.80814e+02    2.28167e-06

           Step           Time
          60000      120.00000

   Energies (kJ/mol)
           Bond          Angle    Proper Dih.Periodic Improper Dih.          LJ-14
    1.18276e+03    2.39303e+03    3.39813e+03    6.93459e+01    1.29217e+03
     Coulomb-14        LJ (SR)   Coulomb (SR)   Coul. recip. Position Rest.
   -1.39739e+04    1.07383e+05   -8.68609e+05    4.50885e+03    4.72202e+02
      Potential    Kinetic En.   Total Energy  Conserved En.    Temperature
   -7.61883e+05    1.08578e+05   -6.53304e+05   -6.46911e+05    3.00382e+02
 Pressure (bar)   Constr. rmsd
   -5.08446e+02    2.00489e-06

           Step           Time
          65000      130.00000

   Energies (kJ/mol)
           Bond          Angle    Proper Dih.Periodic Improper Dih.          LJ-14
    1.13410e+03    2.27851e+03    3.35742e+03    6.74454e+01    1.29631e+03
     Coulomb-14        LJ (SR)   Coulomb (SR)   Coul. recip. Position Rest.
   -1.39426e+04    1.09735e+05   -8.70605e+05    4.40248e+03    4.86422e+02
      Potential    Kinetic En.   Total Energy  Conserved En.    Temperature
   -7.61790e+05    1.08358e+05   -6.53432e+05   -6.46250e+05    2.99772e+02
 Pressure (bar)   Constr. rmsd
   -2.56638e+02    2.01012e-06

           Step           Time
          70000      140.00000

   Energies (kJ/mol)
           Bond          Angle    Proper Dih.Periodic Improper Dih.          LJ-14
    1.16678e+03    2.20577e+03    3.46532e+03    7.21762e+01    1.30476e+03
     Coulomb-14        LJ (SR)   Coulomb (SR)   Coul. recip. Position Rest.
   -1.37886e+04    1.09467e+05   -8.70460e+05    4.51254e+03    4.96081e+02
      Potential    Kinetic En.   Total Energy  Conserved En.    Temperature
   -7.61559e+05    1.08016e+05   -6.53542e+05   -6.45695e+05    2.98828e+02
 Pressure (bar)   Constr. rmsd
   -2.02528e+02    2.16390e-06

           Step           Time
          75000      150.00000

   Energies (kJ/mol)
           Bond          Angle    Proper Dih.Periodic Improper Dih.          LJ-14
    1.16032e+03    2.31185e+03    3.39153e+03    6.80416e+01    1.28211e+03
     Coulomb-14        LJ (SR)   Coulomb (SR)   Coul. recip. Position Rest.
   -1.39352e+04    1.09191e+05   -8.69122e+05    4.49952e+03    4.61894e+02
      Potential    Kinetic En.   Total Energy  Conserved En.    Temperature
   -7.60691e+05    1.08380e+05   -6.52312e+05   -6.45108e+05    2.99832e+02
 Pressure (bar)   Constr. rmsd
   -3.14761e+02    2.30429e-06

           Step           Time
          80000      160.00000

   Energies (kJ/mol)
           Bond          Angle    Proper Dih.Periodic Improper Dih.          LJ-14
    1.10805e+03    2.23603e+03    3.34748e+03    7.00787e+01    1.33000e+03
     Coulomb-14        LJ (SR)   Coulomb (SR)   Coul. recip. Position Rest.
   -1.37487e+04    1.09364e+05   -8.70906e+05    4.41550e+03    4.79562e+02
      Potential    Kinetic En.   Total Energy  Conserved En.    Temperature
   -7.62304e+05    1.07921e+05   -6.54383e+05   -6.44453e+05    2.98565e+02
 Pressure (bar)   Constr. rmsd
   -4.01667e+02    2.16008e-06

           Step           Time
          85000      170.00000

   Energies (kJ/mol)
           Bond          Angle    Proper Dih.Periodic Improper Dih.          LJ-14
    1.11306e+03    2.36755e+03    3.41696e+03    6.39109e+01    1.27675e+03
     Coulomb-14        LJ (SR)   Coulomb (SR)   Coul. recip. Position Rest.
   -1.39491e+04    1.07479e+05   -8.69416e+05    4.47564e+03    4.72312e+02
      Potential    Kinetic En.   Total Energy  Conserved En.    Temperature
   -7.62700e+05    1.08644e+05   -6.54056e+05   -6.43902e+05    3.00564e+02
 Pressure (bar)   Constr. rmsd
   -2.49485e+02    2.20437e-06

           Step           Time
          90000      180.00000

   Energies (kJ/mol)
           Bond          Angle    Proper Dih.Periodic Improper Dih.          LJ-14
    1.23366e+03    2.27652e+03    3.37779e+03    6.84181e+01    1.27373e+03
     Coulomb-14        LJ (SR)   Coulomb (SR)   Coul. recip. Position Rest.
   -1.39757e+04    1.09079e+05   -8.70387e+05    4.40776e+03    5.04600e+02
      Potential    Kinetic En.   Total Energy  Conserved En.    Temperature
   -7.62141e+05    1.08843e+05   -6.53298e+05   -6.43276e+05    3.01114e+02
 Pressure (bar)   Constr. rmsd
   -6.08628e+02    2.07667e-06

           Step           Time
          95000      190.00000

   Energies (kJ/mol)
           Bond          Angle    Proper Dih.Periodic Improper Dih.          LJ-14
    1.16288e+03    2.21662e+03    3.33494e+03    5.65051e+01    1.30321e+03
     Coulomb-14        LJ (SR)   Coulomb (SR)   Coul. recip. Position Rest.
   -1.39644e+04    1.07955e+05   -8.68697e+05    4.56423e+03    4.78312e+02
      Potential    Kinetic En.   Total Energy  Conserved En.    Temperature
   -7.61590e+05    1.08439e+05   -6.53151e+05   -6.42615e+05    2.99996e+02
 Pressure (bar)   Constr. rmsd
   -3.14330e+02    2.05861e-06

           Step           Time
         100000      200.00000

   Energies (kJ/mol)
           Bond          Angle    Proper Dih.Periodic Improper Dih.          LJ-14
    1.12878e+03    2.25693e+03    3.35545e+03    6.68620e+01    1.27946e+03
     Coulomb-14        LJ (SR)   Coulomb (SR)   Coul. recip. Position Rest.
   -1.39003e+04    1.08140e+05   -8.68119e+05    4.46117e+03    4.64295e+02
      Potential    Kinetic En.   Total Energy  Conserved En.    Temperature
   -7.60866e+05    1.08328e+05   -6.52538e+05   -6.41990e+05    2.99689e+02
 Pressure (bar)   Constr. rmsd
   -4.14997e+02    2.38907e-06

           Step           Time
         105000      210.00000

   Energies (kJ/mol)
           Bond          Angle    Proper Dih.Periodic Improper Dih.          LJ-14
    1.14217e+03    2.31819e+03    3.35642e+03    6.62922e+01    1.30843e+03
     Coulomb-14        LJ (SR)   Coulomb (SR)   Coul. recip. Position Rest.
   -1.38751e+04    1.08977e+05   -8.70189e+05    4.53457e+03    4.60876e+02
      Potential    Kinetic En.   Total Energy  Conserved En.    Temperature
   -7.61901e+05    1.08723e+05   -6.53178e+05   -6.41392e+05    3.00783e+02
 Pressure (bar)   Constr. rmsd
   -4.94373e+02    2.31076e-06

           Step           Time
         110000      220.00000

   Energies (kJ/mol)
           Bond          Angle    Proper Dih.Periodic Improper Dih.          LJ-14
    1.05782e+03    2.36646e+03    3.41839e+03    6.72078e+01    1.27788e+03
     Coulomb-14        LJ (SR)   Coulomb (SR)   Coul. recip. Position Rest.
   -1.36879e+04    1.08085e+05   -8.68791e+05    4.50947e+03    4.34502e+02
      Potential    Kinetic En.   Total Energy  Conserved En.    Temperature
   -7.61262e+05    1.07963e+05   -6.53298e+05   -6.40811e+05    2.98681e+02
 Pressure (bar)   Constr. rmsd
   -3.32478e+02    2.04792e-06

           Step           Time
         115000      230.00000

   Energies (kJ/mol)
           Bond          Angle    Proper Dih.Periodic Improper Dih.          LJ-14
    1.16012e+03    2.20555e+03    3.47926e+03    8.56613e+01    1.25570e+03
     Coulomb-14        LJ (SR)   Coulomb (SR)   Coul. recip. Position Rest.
   -1.38539e+04    1.08050e+05   -8.68099e+05    4.47355e+03    4.92411e+02
      Potential    Kinetic En.   Total Energy  Conserved En.    Temperature
   -7.60750e+05    1.08260e+05   -6.52490e+05   -6.40171e+05    2.99501e+02
 Pressure (bar)   Constr. rmsd
   -3.34915e+02    2.04716e-06

           Step           Time
         120000      240.00000

   Energies (kJ/mol)
           Bond          Angle    Proper Dih.Periodic Improper Dih.          LJ-14
    1.14964e+03    2.29624e+03    3.40082e+03    7.41395e+01    1.35642e+03
     Coulomb-14        LJ (SR)   Coulomb (SR)   Coul. recip. Position Rest.
   -1.39576e+04    1.08291e+05   -8.68999e+05    4.48220e+03    4.69574e+02
      Potential    Kinetic En.   Total Energy  Conserved En.    Temperature
   -7.61437e+05    1.08190e+05   -6.53247e+05   -6.39534e+05    2.99307e+02
 Pressure (bar)   Constr. rmsd
   -1.62958e+02    3.87545e-06

           Step           Time
         125000      250.00000

   Energies (kJ/mol)
           Bond          Angle    Proper Dih.Periodic Improper Dih.          LJ-14
    1.11936e+03    2.28212e+03    3.34733e+03    7.83644e+01    1.30187e+03
     Coulomb-14        LJ (SR)   Coulomb (SR)   Coul. recip. Position Rest.
   -1.38493e+04    1.09359e+05   -8.69871e+05    4.53799e+03    5.04319e+02
      Potential    Kinetic En.   Total Energy  Conserved En.    Temperature
   -7.61190e+05    1.08934e+05   -6.52256e+05   -6.38923e+05    3.01367e+02
 Pressure (bar)   Constr. rmsd
   -3.93089e+02    1.99183e-06

           Step           Time
         130000      260.00000

   Energies (kJ/mol)
           Bond          Angle    Proper Dih.Periodic Improper Dih.          LJ-14
    1.11302e+03    2.39307e+03    3.40681e+03    7.26406e+01    1.28762e+03
     Coulomb-14        LJ (SR)   Coulomb (SR)   Coul. recip. Position Rest.
   -1.40496e+04    1.08429e+05   -8.68346e+05    4.48120e+03    4.30783e+02
      Potential    Kinetic En.   Total Energy  Conserved En.    Temperature
   -7.60781e+05    1.08749e+05   -6.52032e+05   -6.38408e+05    3.00854e+02
 Pressure (bar)   Constr. rmsd
   -3.17718e+02    2.21846e-06

           Step           Time
         135000      270.00000

   Energies (kJ/mol)
           Bond          Angle    Proper Dih.Periodic Improper Dih.          LJ-14
    1.17604e+03    2.23336e+03    3.39601e+03    5.70762e+01    1.25348e+03
     Coulomb-14        LJ (SR)   Coulomb (SR)   Coul. recip. Position Rest.
   -1.39948e+04    1.08017e+05   -8.68821e+05    4.58583e+03    4.76821e+02
      Potential    Kinetic En.   Total Energy  Conserved En.    Temperature
   -7.61620e+05    1.08778e+05   -6.52842e+05   -6.37732e+05    3.00934e+02
 Pressure (bar)   Constr. rmsd
   -6.11427e+02    2.52425e-06

           Step           Time
         140000      280.00000

   Energies (kJ/mol)
           Bond          Angle    Proper Dih.Periodic Improper Dih.          LJ-14
    1.15821e+03    2.28159e+03    3.37423e+03    5.95506e+01    1.29737e+03
     Coulomb-14        LJ (SR)   Coulomb (SR)   Coul. recip. Position Rest.
   -1.39765e+04    1.07966e+05   -8.69386e+05    4.42628e+03    4.62161e+02
      Potential    Kinetic En.   Total Energy  Conserved En.    Temperature
   -7.62337e+05    1.09004e+05   -6.53333e+05   -6.37115e+05    3.01561e+02
 Pressure (bar)   Constr. rmsd
   -5.06756e+02    2.46142e-06

           Step           Time
         145000      290.00000

   Energies (kJ/mol)
           Bond          Angle    Proper Dih.Periodic Improper Dih.          LJ-14
    1.24183e+03    2.32030e+03    3.36832e+03    5.74481e+01    1.23415e+03
     Coulomb-14        LJ (SR)   Coulomb (SR)   Coul. recip. Position Rest.
   -1.38820e+04    1.07283e+05   -8.68587e+05    4.49391e+03    4.99218e+02
      Potential    Kinetic En.   Total Energy  Conserved En.    Temperature
   -7.61971e+05    1.08002e+05   -6.53969e+05   -6.36486e+05    2.98788e+02
 Pressure (bar)   Constr. rmsd
   -3.95445e+02    2.31325e-06

           Step           Time
         150000      300.00000

   Energies (kJ/mol)
           Bond          Angle    Proper Dih.Periodic Improper Dih.          LJ-14
    1.09394e+03    2.35710e+03    3.32025e+03    4.80680e+01    1.26679e+03
     Coulomb-14        LJ (SR)   Coulomb (SR)   Coul. recip. Position Rest.
   -1.39131e+04    1.08670e+05   -8.69171e+05    4.51174e+03    4.49896e+02
      Potential    Kinetic En.   Total Energy  Conserved En.    Temperature
   -7.61367e+05    1.08807e+05   -6.52560e+05   -6.35911e+05    3.01015e+02
 Pressure (bar)   Constr. rmsd
   -3.72016e+02    2.73817e-06

           Step           Time
         155000      310.00000

   Energies (kJ/mol)
           Bond          Angle    Proper Dih.Periodic Improper Dih.          LJ-14
    1.15853e+03    2.24447e+03    3.35211e+03    5.96156e+01    1.24224e+03
     Coulomb-14        LJ (SR)   Coulomb (SR)   Coul. recip. Position Rest.
   -1.38842e+04    1.08855e+05   -8.70208e+05    4.53707e+03    4.86127e+02
      Potential    Kinetic En.   Total Energy  Conserved En.    Temperature
   -7.62157e+05    1.08111e+05   -6.54046e+05   -6.35264e+05    2.99089e+02
 Pressure (bar)   Constr. rmsd
   -4.09426e+02    2.42764e-06

           Step           Time
         160000      320.00000

   Energies (kJ/mol)
           Bond          Angle    Proper Dih.Periodic Improper Dih.          LJ-14
    1.08948e+03    2.22503e+03    3.44787e+03    8.64275e+01    1.26893e+03
     Coulomb-14        LJ (SR)   Coulomb (SR)   Coul. recip. Position Rest.
   -1.37885e+04    1.09399e+05   -8.70678e+05    4.41536e+03    4.79409e+02
      Potential    Kinetic En.   Total Energy  Conserved En.    Temperature
   -7.62055e+05    1.07810e+05   -6.54245e+05   -6.34706e+05    2.98256e+02
 Pressure (bar)   Constr. rmsd
   -1.83640e+02    2.40869e-06

Writing checkpoint, step 163280 at Sun Oct 26 09:08:05 2025


           Step           Time
         165000      330.00000

   Energies (kJ/mol)
           Bond          Angle    Proper Dih.Periodic Improper Dih.          LJ-14
    1.21773e+03    2.31220e+03    3.40779e+03    5.82020e+01    1.27040e+03
     Coulomb-14        LJ (SR)   Coulomb (SR)   Coul. recip. Position Rest.
   -1.39282e+04    1.08648e+05   -8.68893e+05    4.54754e+03    5.01562e+02
      Potential    Kinetic En.   Total Energy  Conserved En.    Temperature
   -7.60858e+05    1.08523e+05   -6.52335e+05   -6.34025e+05    3.00228e+02
 Pressure (bar)   Constr. rmsd
   -3.63091e+02    2.01537e-06

           Step           Time
         170000      340.00000

   Energies (kJ/mol)
           Bond          Angle    Proper Dih.Periodic Improper Dih.          LJ-14
    1.06945e+03    2.14627e+03    3.44238e+03    7.11428e+01    1.25893e+03
     Coulomb-14        LJ (SR)   Coulomb (SR)   Coul. recip. Position Rest.
   -1.39777e+04    1.08316e+05   -8.68748e+05    4.41782e+03    4.79963e+02
      Potential    Kinetic En.   Total Energy  Conserved En.    Temperature
   -7.61524e+05    1.08556e+05   -6.52968e+05   -6.33455e+05    3.00322e+02
 Pressure (bar)   Constr. rmsd
   -5.28778e+02    2.27981e-06

           Step           Time
         175000      350.00000

   Energies (kJ/mol)
           Bond          Angle    Proper Dih.Periodic Improper Dih.          LJ-14
    1.15799e+03    2.22702e+03    3.36647e+03    6.49273e+01    1.26323e+03
     Coulomb-14        LJ (SR)   Coulomb (SR)   Coul. recip. Position Rest.
   -1.38157e+04    1.07072e+05   -8.68401e+05    4.51387e+03    4.81250e+02
      Potential    Kinetic En.   Total Energy  Conserved En.    Temperature
   -7.62070e+05    1.07476e+05   -6.54594e+05   -6.32862e+05    2.97333e+02
 Pressure (bar)   Constr. rmsd
   -8.31275e+02    1.85137e-06

           Step           Time
         180000      360.00000

   Energies (kJ/mol)
           Bond          Angle    Proper Dih.Periodic Improper Dih.          LJ-14
    1.01882e+03    2.16060e+03    3.35748e+03    5.18251e+01    1.34565e+03
     Coulomb-14        LJ (SR)   Coulomb (SR)   Coul. recip. Position Rest.
   -1.37292e+04    1.08764e+05   -8.71259e+05    4.48179e+03    5.17349e+02
      Potential    Kinetic En.   Total Energy  Conserved En.    Temperature
   -7.63290e+05    1.07928e+05   -6.55363e+05   -6.32260e+05    2.98583e+02
 Pressure (bar)   Constr. rmsd
   -4.05004e+02    2.07598e-06

           Step           Time
         185000      370.00000

   Energies (kJ/mol)
           Bond          Angle    Proper Dih.Periodic Improper Dih.          LJ-14
    1.11217e+03    2.18638e+03    3.37549e+03    5.25288e+01    1.27006e+03
     Coulomb-14        LJ (SR)   Coulomb (SR)   Coul. recip. Position Rest.
   -1.38655e+04    1.06898e+05   -8.68359e+05    4.45540e+03    4.60125e+02
      Potential    Kinetic En.   Total Energy  Conserved En.    Temperature
   -7.62414e+05    1.08379e+05   -6.54035e+05   -6.31651e+05    2.99831e+02
 Pressure (bar)   Constr. rmsd
   -5.33740e+02    2.19732e-06

           Step           Time
         190000      380.00000

   Energies (kJ/mol)
           Bond          Angle    Proper Dih.Periodic Improper Dih.          LJ-14
    1.11509e+03    2.29805e+03    3.34777e+03    7.04036e+01    1.29402e+03
     Coulomb-14        LJ (SR)   Coulomb (SR)   Coul. recip. Position Rest.
   -1.38822e+04    1.07745e+05   -8.68658e+05    4.48101e+03    4.92183e+02
      Potential    Kinetic En.   Total Energy  Conserved En.    Temperature
   -7.61696e+05    1.08435e+05   -6.53262e+05   -6.30930e+05    2.99985e+02
 Pressure (bar)   Constr. rmsd
   -6.41086e+02    2.02149e-06

           Step           Time
         195000      390.00000

   Energies (kJ/mol)
           Bond          Angle    Proper Dih.Periodic Improper Dih.          LJ-14
    1.22731e+03    2.35172e+03    3.34022e+03    8.95953e+01    1.31280e+03
     Coulomb-14        LJ (SR)   Coulomb (SR)   Coul. recip. Position Rest.
   -1.40191e+04    1.09358e+05   -8.70269e+05    4.67598e+03    4.39163e+02
      Potential    Kinetic En.   Total Energy  Conserved En.    Temperature
   -7.61493e+05    1.09090e+05   -6.52404e+05   -6.30368e+05    3.01797e+02
 Pressure (bar)   Constr. rmsd
   -3.44955e+02    2.37998e-06

           Step           Time
         200000      400.00000

   Energies (kJ/mol)
           Bond          Angle    Proper Dih.Periodic Improper Dih.          LJ-14
    1.13907e+03    2.27967e+03    3.34216e+03    6.52342e+01    1.26322e+03
     Coulomb-14        LJ (SR)   Coulomb (SR)   Coul. recip. Position Rest.
   -1.38147e+04    1.07356e+05   -8.67655e+05    4.69648e+03    4.84785e+02
      Potential    Kinetic En.   Total Energy  Conserved En.    Temperature
   -7.60842e+05    1.07628e+05   -6.53214e+05   -6.29685e+05    2.97753e+02
 Pressure (bar)   Constr. rmsd
   -3.73569e+02    1.90902e-06

           Step           Time
         205000      410.00000

   Energies (kJ/mol)
           Bond          Angle    Proper Dih.Periodic Improper Dih.          LJ-14
    1.06947e+03    2.20756e+03    3.40289e+03    6.60279e+01    1.27348e+03
     Coulomb-14        LJ (SR)   Coulomb (SR)   Coul. recip. Position Rest.
   -1.37988e+04    1.09397e+05   -8.70396e+05    4.38784e+03    4.76134e+02
      Potential    Kinetic En.   Total Energy  Conserved En.    Temperature
   -7.61915e+05    1.08964e+05   -6.52951e+05   -6.29140e+05    3.01449e+02
 Pressure (bar)   Constr. rmsd
   -4.57608e+02    2.93590e-06

           Step           Time
         210000      420.00000

   Energies (kJ/mol)
           Bond          Angle    Proper Dih.Periodic Improper Dih.          LJ-14
    1.15323e+03    2.29378e+03    3.30543e+03    5.81402e+01    1.27711e+03
     Coulomb-14        LJ (SR)   Coulomb (SR)   Coul. recip. Position Rest.
   -1.38729e+04    1.07429e+05   -8.68636e+05    4.51355e+03    4.70148e+02
      Potential    Kinetic En.   Total Energy  Conserved En.    Temperature
   -7.62008e+05    1.08447e+05   -6.53561e+05   -6.28542e+05    3.00019e+02
 Pressure (bar)   Constr. rmsd
   -2.96872e+02    2.41819e-06

           Step           Time
         215000      430.00000

   Energies (kJ/mol)
           Bond          Angle    Proper Dih.Periodic Improper Dih.          LJ-14
    1.18403e+03    2.30488e+03    3.35937e+03    7.23844e+01    1.29182e+03
     Coulomb-14        LJ (SR)   Coulomb (SR)   Coul. recip. Position Rest.
   -1.39000e+04    1.10048e+05   -8.69986e+05    4.46331e+03    4.58326e+02
      Potential    Kinetic En.   Total Energy  Conserved En.    Temperature
   -7.60704e+05    1.08185e+05   -6.52519e+05   -6.27909e+05    2.99294e+02
 Pressure (bar)   Constr. rmsd
   -1.32573e+02    2.24841e-06

           Step           Time
         220000      440.00000

   Energies (kJ/mol)
           Bond          Angle    Proper Dih.Periodic Improper Dih.          LJ-14
    1.12688e+03    2.21727e+03    3.35546e+03    6.60435e+01    1.27891e+03
     Coulomb-14        LJ (SR)   Coulomb (SR)   Coul. recip. Position Rest.
   -1.37757e+04    1.08114e+05   -8.68058e+05    4.52851e+03    4.59732e+02
      Potential    Kinetic En.   Total Energy  Conserved En.    Temperature
   -7.60687e+05    1.07142e+05   -6.53545e+05   -6.27251e+05    2.96410e+02
 Pressure (bar)   Constr. rmsd
   -3.62061e+02    1.98219e-06

           Step           Time
         225000      450.00000

   Energies (kJ/mol)
           Bond          Angle    Proper Dih.Periodic Improper Dih.          LJ-14
    1.19277e+03    2.23284e+03    3.34882e+03    7.11671e+01    1.25406e+03
     Coulomb-14        LJ (SR)   Coulomb (SR)   Coul. recip. Position Rest.
   -1.41553e+04    1.08928e+05   -8.68743e+05    4.42651e+03    5.20619e+02
      Potential    Kinetic En.   Total Energy  Conserved En.    Temperature
   -7.60924e+05    1.08109e+05   -6.52814e+05   -6.26643e+05    2.99085e+02
 Pressure (bar)   Constr. rmsd
   -3.52359e+02    2.54241e-06

           Step           Time
         230000      460.00000

   Energies (kJ/mol)
           Bond          Angle    Proper Dih.Periodic Improper Dih.          LJ-14
    1.18620e+03    2.26655e+03    3.30692e+03    4.82689e+01    1.27123e+03
     Coulomb-14        LJ (SR)   Coulomb (SR)   Coul. recip. Position Rest.
   -1.38991e+04    1.07312e+05   -8.67952e+05    4.56731e+03    4.78350e+02
      Potential    Kinetic En.   Total Energy  Conserved En.    Temperature
   -7.61415e+05    1.07637e+05   -6.53777e+05   -6.26064e+05    2.97779e+02
 Pressure (bar)   Constr. rmsd
   -5.37313e+02    2.19775e-06

           Step           Time
         235000      470.00000

   Energies (kJ/mol)
           Bond          Angle    Proper Dih.Periodic Improper Dih.          LJ-14
    1.18975e+03    2.29036e+03    3.40700e+03    6.16856e+01    1.23638e+03
     Coulomb-14        LJ (SR)   Coulomb (SR)   Coul. recip. Position Rest.
   -1.39859e+04    1.07195e+05   -8.67741e+05    4.51038e+03    4.57605e+02
      Potential    Kinetic En.   Total Energy  Conserved En.    Temperature
   -7.61378e+05    1.08505e+05   -6.52874e+05   -6.25400e+05    3.00178e+02
 Pressure (bar)   Constr. rmsd
   -6.22980e+02    2.03633e-06

           Step           Time
         240000      480.00000

   Energies (kJ/mol)
           Bond          Angle    Proper Dih.Periodic Improper Dih.          LJ-14
    1.18513e+03    2.22509e+03    3.40260e+03    4.99581e+01    1.28316e+03
     Coulomb-14        LJ (SR)   Coulomb (SR)   Coul. recip. Position Rest.
   -1.40030e+04    1.08805e+05   -8.70933e+05    4.44724e+03    4.59932e+02
      Potential    Kinetic En.   Total Energy  Conserved En.    Temperature
   -7.63078e+05    1.08471e+05   -6.54607e+05   -6.24812e+05    3.00086e+02
 Pressure (bar)   Constr. rmsd
   -3.18436e+02    2.08020e-06

           Step           Time
         245000      490.00000

   Energies (kJ/mol)
           Bond          Angle    Proper Dih.Periodic Improper Dih.          LJ-14
    1.08495e+03    2.21086e+03    3.32017e+03    5.62574e+01    1.29912e+03
     Coulomb-14        LJ (SR)   Coulomb (SR)   Coul. recip. Position Rest.
   -1.38269e+04    1.08134e+05   -8.69954e+05    4.46196e+03    4.92001e+02
      Potential    Kinetic En.   Total Energy  Conserved En.    Temperature
   -7.62721e+05    1.08767e+05   -6.53955e+05   -6.24228e+05    3.00903e+02
 Pressure (bar)   Constr. rmsd
   -4.27860e+02    2.10282e-06

           Step           Time
         250000      500.00000

   Energies (kJ/mol)
           Bond          Angle    Proper Dih.Periodic Improper Dih.          LJ-14
    1.15411e+03    2.30284e+03    3.31288e+03    4.97340e+01    1.28324e+03
     Coulomb-14        LJ (SR)   Coulomb (SR)   Coul. recip. Position Rest.
   -1.39094e+04    1.07080e+05   -8.68642e+05    4.71573e+03    4.76676e+02
      Potential    Kinetic En.   Total Energy  Conserved En.    Temperature
   -7.62177e+05    1.08597e+05   -6.53580e+05   -6.23610e+05    3.00434e+02
 Pressure (bar)   Constr. rmsd
   -5.06502e+02    2.23526e-06

           Step           Time
         255000      510.00000

   Energies (kJ/mol)
           Bond          Angle    Proper Dih.Periodic Improper Dih.          LJ-14
    1.02762e+03    2.19975e+03    3.37631e+03    5.50739e+01    1.23821e+03
     Coulomb-14        LJ (SR)   Coulomb (SR)   Coul. recip. Position Rest.
   -1.38543e+04    1.09228e+05   -8.70190e+05    4.46996e+03    5.34202e+02
      Potential    Kinetic En.   Total Energy  Conserved En.    Temperature
   -7.61916e+05    1.08341e+05   -6.53576e+05   -6.22926e+05    2.99725e+02
 Pressure (bar)   Constr. rmsd
   -5.86540e+02    2.52308e-06

           Step           Time
         260000      520.00000

   Energies (kJ/mol)
           Bond          Angle    Proper Dih.Periodic Improper Dih.          LJ-14
    1.13556e+03    2.26169e+03    3.39762e+03    7.56518e+01    1.27119e+03
     Coulomb-14        LJ (SR)   Coulomb (SR)   Coul. recip. Position Rest.
   -1.39432e+04    1.09194e+05   -8.69603e+05    4.43540e+03    5.13833e+02
      Potential    Kinetic En.   Total Energy  Conserved En.    Temperature
   -7.61261e+05    1.09166e+05   -6.52095e+05   -6.22403e+05    3.02009e+02
 Pressure (bar)   Constr. rmsd
   -4.09887e+02    1.88589e-06

           Step           Time
         265000      530.00000

   Energies (kJ/mol)
           Bond          Angle    Proper Dih.Periodic Improper Dih.          LJ-14
    1.13174e+03    2.16470e+03    3.30999e+03    6.35635e+01    1.23098e+03
     Coulomb-14        LJ (SR)   Coulomb (SR)   Coul. recip. Position Rest.
   -1.39284e+04    1.08254e+05   -8.70083e+05    4.50231e+03    5.09810e+02
      Potential    Kinetic En.   Total Energy  Conserved En.    Temperature
   -7.62844e+05    1.08234e+05   -6.54610e+05   -6.21737e+05    2.99431e+02
 Pressure (bar)   Constr. rmsd
   -6.52443e+02    2.27726e-06

           Step           Time
         270000      540.00000

   Energies (kJ/mol)
           Bond          Angle    Proper Dih.Periodic Improper Dih.          LJ-14
    1.11236e+03    2.26145e+03    3.30409e+03    5.01977e+01    1.28000e+03
     Coulomb-14        LJ (SR)   Coulomb (SR)   Coul. recip. Position Rest.
   -1.39850e+04    1.07663e+05   -8.68112e+05    4.50175e+03    5.06270e+02
      Potential    Kinetic En.   Total Energy  Conserved En.    Temperature
   -7.61418e+05    1.09469e+05   -6.51950e+05   -6.21142e+05    3.02846e+02
 Pressure (bar)   Constr. rmsd
   -3.24087e+02    2.23483e-06

           Step           Time
         275000      550.00000

   Energies (kJ/mol)
           Bond          Angle    Proper Dih.Periodic Improper Dih.          LJ-14
    1.15140e+03    2.40647e+03    3.34232e+03    6.09938e+01    1.31279e+03
     Coulomb-14        LJ (SR)   Coulomb (SR)   Coul. recip. Position Rest.
   -1.39615e+04    1.06915e+05   -8.68178e+05    4.49924e+03    4.77096e+02
      Potential    Kinetic En.   Total Energy  Conserved En.    Temperature
   -7.61974e+05    1.09131e+05   -6.52844e+05   -6.20497e+05    3.01911e+02
 Pressure (bar)   Constr. rmsd
   -7.85087e+02    2.48479e-06

           Step           Time
         280000      560.00000

   Energies (kJ/mol)
           Bond          Angle    Proper Dih.Periodic Improper Dih.          LJ-14
    1.14104e+03    2.17758e+03    3.44316e+03    5.90471e+01    1.34463e+03
     Coulomb-14        LJ (SR)   Coulomb (SR)   Coul. recip. Position Rest.
   -1.38756e+04    1.08818e+05   -8.70536e+05    4.48117e+03    5.19203e+02
      Potential    Kinetic En.   Total Energy  Conserved En.    Temperature
   -7.62427e+05    1.08522e+05   -6.53905e+05   -6.19893e+05    3.00227e+02
 Pressure (bar)   Constr. rmsd
   -2.16162e+02    2.09864e-06

           Step           Time
         285000      570.00000

   Energies (kJ/mol)
           Bond          Angle    Proper Dih.Periodic Improper Dih.          LJ-14
    1.23113e+03    2.25225e+03    3.33401e+03    5.19717e+01    1.28739e+03
     Coulomb-14        LJ (SR)   Coulomb (SR)   Coul. recip. Position Rest.
   -1.40085e+04    1.08904e+05   -8.68943e+05    4.55927e+03    4.66366e+02
      Potential    Kinetic En.   Total Energy  Conserved En.    Temperature
   -7.60865e+05    1.08423e+05   -6.52442e+05   -6.19284e+05    2.99951e+02
 Pressure (bar)   Constr. rmsd
   -3.68273e+02    2.78092e-06

           Step           Time
         290000      580.00000

   Energies (kJ/mol)
           Bond          Angle    Proper Dih.Periodic Improper Dih.          LJ-14
    1.22842e+03    2.27893e+03    3.38287e+03    7.64670e+01    1.30424e+03
     Coulomb-14        LJ (SR)   Coulomb (SR)   Coul. recip. Position Rest.
   -1.39712e+04    1.06893e+05   -8.67973e+05    4.57208e+03    4.92018e+02
      Potential    Kinetic En.   Total Energy  Conserved En.    Temperature
   -7.61716e+05    1.07591e+05   -6.54124e+05   -6.18638e+05    2.97651e+02
 Pressure (bar)   Constr. rmsd
   -6.45316e+02    2.85695e-06

           Step           Time
         295000      590.00000

   Energies (kJ/mol)
           Bond          Angle    Proper Dih.Periodic Improper Dih.          LJ-14
    1.25268e+03    2.25775e+03    3.41990e+03    5.69124e+01    1.25565e+03
     Coulomb-14        LJ (SR)   Coulomb (SR)   Coul. recip. Position Rest.
   -1.41158e+04    1.07435e+05   -8.67160e+05    4.68285e+03    4.80321e+02
      Potential    Kinetic En.   Total Energy  Conserved En.    Temperature
   -7.60435e+05    1.08954e+05   -6.51481e+05   -6.18008e+05    3.01421e+02
 Pressure (bar)   Constr. rmsd
   -3.90378e+02    2.05414e-06

           Step           Time
         300000      600.00000

   Energies (kJ/mol)
           Bond          Angle    Proper Dih.Periodic Improper Dih.          LJ-14
    1.11191e+03    2.24245e+03    3.37551e+03    6.17668e+01    1.27043e+03
     Coulomb-14        LJ (SR)   Coulomb (SR)   Coul. recip. Position Rest.
   -1.39635e+04    1.08798e+05   -8.70227e+05    4.49058e+03    4.96501e+02
      Potential    Kinetic En.   Total Energy  Conserved En.    Temperature
   -7.62343e+05    1.09008e+05   -6.53334e+05   -6.17451e+05    3.01572e+02
 Pressure (bar)   Constr. rmsd
   -1.96403e+02    2.25560e-06

           Step           Time
         305000      610.00000

   Energies (kJ/mol)
           Bond          Angle    Proper Dih.Periodic Improper Dih.          LJ-14
    1.12261e+03    2.24065e+03    3.39256e+03    6.87153e+01    1.27814e+03
     Coulomb-14        LJ (SR)   Coulomb (SR)   Coul. recip. Position Rest.
   -1.39012e+04    1.08430e+05   -8.69626e+05    4.51753e+03    4.93388e+02
      Potential    Kinetic En.   Total Energy  Conserved En.    Temperature
   -7.61984e+05    1.09017e+05   -6.52967e+05   -6.16806e+05    3.01596e+02
 Pressure (bar)   Constr. rmsd
   -2.04398e+01    2.50125e-06

           Step           Time
         310000      620.00000

   Energies (kJ/mol)
           Bond          Angle    Proper Dih.Periodic Improper Dih.          LJ-14
    1.12464e+03    2.23229e+03    3.30085e+03    5.50174e+01    1.29599e+03
     Coulomb-14        LJ (SR)   Coulomb (SR)   Coul. recip. Position Rest.
   -1.38648e+04    1.08911e+05   -8.71082e+05    4.45096e+03    4.41179e+02
      Potential    Kinetic En.   Total Energy  Conserved En.    Temperature
   -7.63135e+05    1.07409e+05   -6.55726e+05   -6.16157e+05    2.97147e+02
 Pressure (bar)   Constr. rmsd
   -4.17964e+02    2.72076e-06

           Step           Time
         315000      630.00000

   Energies (kJ/mol)
           Bond          Angle    Proper Dih.Periodic Improper Dih.          LJ-14
    1.21595e+03    2.34106e+03    3.39477e+03    7.04270e+01    1.26945e+03
     Coulomb-14        LJ (SR)   Coulomb (SR)   Coul. recip. Position Rest.
   -1.39882e+04    1.08661e+05   -8.69918e+05    4.42327e+03    4.67261e+02
      Potential    Kinetic En.   Total Energy  Conserved En.    Temperature
   -7.62063e+05    1.08279e+05   -6.53784e+05   -6.15520e+05    2.99554e+02
 Pressure (bar)   Constr. rmsd
   -3.37059e+02    2.30094e-06

           Step           Time
         320000      640.00000

   Energies (kJ/mol)
           Bond          Angle    Proper Dih.Periodic Improper Dih.          LJ-14
    1.26763e+03    2.35708e+03    3.33648e+03    6.28242e+01    1.30770e+03
     Coulomb-14        LJ (SR)   Coulomb (SR)   Coul. recip. Position Rest.
   -1.38970e+04    1.07112e+05   -8.69328e+05    4.54769e+03    4.42943e+02
      Potential    Kinetic En.   Total Energy  Conserved En.    Temperature
   -7.62790e+05    1.08458e+05   -6.54332e+05   -6.14974e+05    3.00050e+02
 Pressure (bar)   Constr. rmsd
   -5.16867e+02    2.05060e-06

Writing checkpoint, step 324240 at Sun Oct 26 09:23:05 2025


           Step           Time
         325000      650.00000

   Energies (kJ/mol)
           Bond          Angle    Proper Dih.Periodic Improper Dih.          LJ-14
    1.10584e+03    2.26716e+03    3.38191e+03    5.83669e+01    1.24564e+03
     Coulomb-14        LJ (SR)   Coulomb (SR)   Coul. recip. Position Rest.
   -1.39212e+04    1.08834e+05   -8.70292e+05    4.46982e+03    4.82174e+02
      Potential    Kinetic En.   Total Energy  Conserved En.    Temperature
   -7.62368e+05    1.08292e+05   -6.54076e+05   -6.14374e+05    2.99590e+02
 Pressure (bar)   Constr. rmsd
   -4.06859e+02    3.01489e-06

           Step           Time
         330000      660.00000

   Energies (kJ/mol)
           Bond          Angle    Proper Dih.Periodic Improper Dih.          LJ-14
    1.15856e+03    2.30247e+03    3.34894e+03    5.33134e+01    1.30749e+03
     Coulomb-14        LJ (SR)   Coulomb (SR)   Coul. recip. Position Rest.
   -1.38944e+04    1.09357e+05   -8.70158e+05    4.60039e+03    4.65393e+02
      Potential    Kinetic En.   Total Energy  Conserved En.    Temperature
   -7.61459e+05    1.08731e+05   -6.52728e+05   -6.13741e+05    3.00805e+02
 Pressure (bar)   Constr. rmsd
   -1.69156e+02    1.96467e-06

           Step           Time
         335000      670.00000

   Energies (kJ/mol)
           Bond          Angle    Proper Dih.Periodic Improper Dih.          LJ-14
    1.14540e+03    2.19213e+03    3.32860e+03    6.25957e+01    1.31099e+03
     Coulomb-14        LJ (SR)   Coulomb (SR)   Coul. recip. Position Rest.
   -1.38030e+04    1.05767e+05   -8.66606e+05    4.48725e+03    4.18147e+02
      Potential    Kinetic En.   Total Energy  Conserved En.    Temperature
   -7.61697e+05    1.08216e+05   -6.53481e+05   -6.13121e+05    2.99380e+02
 Pressure (bar)   Constr. rmsd
   -6.33701e+02    2.02497e-06

           Step           Time
         340000      680.00000

   Energies (kJ/mol)
           Bond          Angle    Proper Dih.Periodic Improper Dih.          LJ-14
    1.09150e+03    2.16258e+03    3.35892e+03    6.86745e+01    1.28484e+03
     Coulomb-14        LJ (SR)   Coulomb (SR)   Coul. recip. Position Rest.
   -1.38696e+04    1.07968e+05   -8.68644e+05    4.51950e+03    4.87105e+02
      Potential    Kinetic En.   Total Energy  Conserved En.    Temperature
   -7.61572e+05    1.09317e+05   -6.52255e+05   -6.12497e+05    3.02427e+02
 Pressure (bar)   Constr. rmsd
   -5.83790e+02    2.16843e-06

           Step           Time
         345000      690.00000

   Energies (kJ/mol)
           Bond          Angle    Proper Dih.Periodic Improper Dih.          LJ-14
    1.01562e+03    2.19147e+03    3.42960e+03    6.25078e+01    1.28242e+03
     Coulomb-14        LJ (SR)   Coulomb (SR)   Coul. recip. Position Rest.
   -1.38460e+04    1.10106e+05   -8.72606e+05    4.47561e+03    5.24448e+02
      Potential    Kinetic En.   Total Energy  Conserved En.    Temperature
   -7.63365e+05    1.10214e+05   -6.53151e+05   -6.11932e+05    3.04907e+02
 Pressure (bar)   Constr. rmsd
   -2.02165e+02    2.52561e-06

           Step           Time
         350000      700.00000

   Energies (kJ/mol)
           Bond          Angle    Proper Dih.Periodic Improper Dih.          LJ-14
    1.15413e+03    2.18663e+03    3.34768e+03    5.93581e+01    1.29570e+03
     Coulomb-14        LJ (SR)   Coulomb (SR)   Coul. recip. Position Rest.
   -1.39535e+04    1.09054e+05   -8.71014e+05    4.45363e+03    4.91933e+02
      Potential    Kinetic En.   Total Energy  Conserved En.    Temperature
   -7.62924e+05    1.07950e+05   -6.54974e+05   -6.11271e+05    2.98645e+02
 Pressure (bar)   Constr. rmsd
   -4.93772e+02    2.13128e-06

           Step           Time
         355000      710.00000

   Energies (kJ/mol)
           Bond          Angle    Proper Dih.Periodic Improper Dih.          LJ-14
    1.16458e+03    2.25688e+03    3.37650e+03    7.14189e+01    1.23978e+03
     Coulomb-14        LJ (SR)   Coulomb (SR)   Coul. recip. Position Rest.
   -1.38949e+04    1.10089e+05   -8.71956e+05    4.53735e+03    4.70994e+02
      Potential    Kinetic En.   Total Energy  Conserved En.    Temperature
   -7.62645e+05    1.08191e+05   -6.54454e+05   -6.10668e+05    2.99310e+02
 Pressure (bar)   Constr. rmsd
   -3.56799e+02    2.37345e-06

           Step           Time
         360000      720.00000

   Energies (kJ/mol)
           Bond          Angle    Proper Dih.Periodic Improper Dih.          LJ-14
    1.19820e+03    2.21255e+03    3.32766e+03    5.13624e+01    1.32077e+03
     Coulomb-14        LJ (SR)   Coulomb (SR)   Coul. recip. Position Rest.
   -1.39539e+04    1.08004e+05   -8.69236e+05    4.58895e+03    5.09365e+02
      Potential    Kinetic En.   Total Energy  Conserved En.    Temperature
   -7.61977e+05    1.08840e+05   -6.53138e+05   -6.10043e+05    3.01105e+02
 Pressure (bar)   Constr. rmsd
   -5.69844e+02    2.19314e-06

           Step           Time
         365000      730.00000

   Energies (kJ/mol)
           Bond          Angle    Proper Dih.Periodic Improper Dih.          LJ-14
    1.09644e+03    2.22202e+03    3.34023e+03    6.25699e+01    1.32516e+03
     Coulomb-14        LJ (SR)   Coulomb (SR)   Coul. recip. Position Rest.
   -1.38446e+04    1.09038e+05   -8.70179e+05    4.45873e+03    5.21239e+02
      Potential    Kinetic En.   Total Energy  Conserved En.    Temperature
   -7.61959e+05    1.08546e+05   -6.53413e+05   -6.09400e+05    3.00293e+02
 Pressure (bar)   Constr. rmsd
   -4.25195e+02    2.01677e-06

           Step           Time
         370000      740.00000

   Energies (kJ/mol)
           Bond          Angle    Proper Dih.Periodic Improper Dih.          LJ-14
    1.05082e+03    2.27285e+03    3.36404e+03    5.12029e+01    1.24595e+03
     Coulomb-14        LJ (SR)   Coulomb (SR)   Coul. recip. Position Rest.
   -1.39536e+04    1.08824e+05   -8.70516e+05    4.45641e+03    4.96347e+02
      Potential    Kinetic En.   Total Energy  Conserved En.    Temperature
   -7.62707e+05    1.09583e+05   -6.53124e+05   -6.08805e+05    3.03163e+02
 Pressure (bar)   Constr. rmsd
   -4.86751e+02    2.58515e-06

           Step           Time
         375000      750.00000

   Energies (kJ/mol)
           Bond          Angle    Proper Dih.Periodic Improper Dih.          LJ-14
    1.14782e+03    2.19255e+03    3.35838e+03    5.78820e+01    1.25309e+03
     Coulomb-14        LJ (SR)   Coulomb (SR)   Coul. recip. Position Rest.
   -1.38697e+04    1.08038e+05   -8.68733e+05    4.54247e+03    5.04748e+02
      Potential    Kinetic En.   Total Energy  Conserved En.    Temperature
   -7.61508e+05    1.08773e+05   -6.52735e+05   -6.08186e+05    3.00922e+02
 Pressure (bar)   Constr. rmsd
   -4.79889e+02    1.94479e-06

           Step           Time
         380000      760.00000

   Energies (kJ/mol)
           Bond          Angle    Proper Dih.Periodic Improper Dih.          LJ-14
    1.07375e+03    2.25142e+03    3.34281e+03    6.96580e+01    1.27469e+03
     Coulomb-14        LJ (SR)   Coulomb (SR)   Coul. recip. Position Rest.
   -1.39806e+04    1.08154e+05   -8.70058e+05    4.40211e+03    4.33442e+02
      Potential    Kinetic En.   Total Energy  Conserved En.    Temperature
   -7.63036e+05    1.08735e+05   -6.54301e+05   -6.07583e+05    3.00816e+02
 Pressure (bar)   Constr. rmsd
   -3.80886e+02    2.30746e-06

           Step           Time
         385000      770.00000

   Energies (kJ/mol)
           Bond          Angle    Proper Dih.Periodic Improper Dih.          LJ-14
    1.11696e+03    2.30027e+03    3.32519e+03    5.51356e+01    1.32207e+03
     Coulomb-14        LJ (SR)   Coulomb (SR)   Coul. recip. Position Rest.
   -1.39179e+04    1.07882e+05   -8.69108e+05    4.51783e+03    4.66645e+02
      Potential    Kinetic En.   Total Energy  Conserved En.    Temperature
   -7.62040e+05    1.08013e+05   -6.54027e+05   -6.06939e+05    2.98818e+02
 Pressure (bar)   Constr. rmsd
   -5.89782e+02    2.07894e-06

           Step           Time
         390000      780.00000

   Energies (kJ/mol)
           Bond          Angle    Proper Dih.Periodic Improper Dih.          LJ-14
    1.14337e+03    2.28068e+03    3.33089e+03    6.44246e+01    1.27706e+03
     Coulomb-14        LJ (SR)   Coulomb (SR)   Coul. recip. Position Rest.
   -1.38825e+04    1.06839e+05   -8.69233e+05    4.58309e+03    4.57074e+02
      Potential    Kinetic En.   Total Energy  Conserved En.    Temperature
   -7.63140e+05    1.08877e+05   -6.54263e+05   -6.06321e+05    3.01208e+02
 Pressure (bar)   Constr. rmsd
   -4.85040e+02    1.97275e-06

           Step           Time
         395000      790.00000

   Energies (kJ/mol)
           Bond          Angle    Proper Dih.Periodic Improper Dih.          LJ-14
    1.07279e+03    2.10677e+03    3.34490e+03    5.32459e+01    1.25837e+03
     Coulomb-14        LJ (SR)   Coulomb (SR)   Coul. recip. Position Rest.
   -1.37995e+04    1.09069e+05   -8.68777e+05    4.58901e+03    5.08081e+02
      Potential    Kinetic En.   Total Energy  Conserved En.    Temperature
   -7.60575e+05    1.09167e+05   -6.51408e+05   -6.05752e+05    3.02010e+02
 Pressure (bar)   Constr. rmsd
   -3.38712e+02    2.51608e-06

           Step           Time
         400000      800.00000

   Energies (kJ/mol)
           Bond          Angle    Proper Dih.Periodic Improper Dih.          LJ-14
    1.15273e+03    2.17616e+03    3.35437e+03    6.58413e+01    1.27712e+03
     Coulomb-14        LJ (SR)   Coulomb (SR)   Coul. recip. Position Rest.
   -1.37348e+04    1.07286e+05   -8.68028e+05    4.51701e+03    5.01017e+02
      Potential    Kinetic En.   Total Energy  Conserved En.    Temperature
   -7.61433e+05    1.08076e+05   -6.53357e+05   -6.05154e+05    2.98992e+02
 Pressure (bar)   Constr. rmsd
   -4.97611e+02    2.64876e-06

           Step           Time
         405000      810.00000

   Energies (kJ/mol)
           Bond          Angle    Proper Dih.Periodic Improper Dih.          LJ-14
    1.07991e+03    2.21698e+03    3.31984e+03    5.60586e+01    1.29161e+03
     Coulomb-14        LJ (SR)   Coulomb (SR)   Coul. recip. Position Rest.
   -1.39855e+04    1.07541e+05   -8.69020e+05    4.44396e+03    4.57642e+02
      Potential    Kinetic En.   Total Energy  Conserved En.    Temperature
   -7.62599e+05    1.08439e+05   -6.54160e+05   -6.04499e+05    2.99997e+02
 Pressure (bar)   Constr. rmsd
   -2.89237e+02    2.86742e-06

           Step           Time
         410000      820.00000

   Energies (kJ/mol)
           Bond          Angle    Proper Dih.Periodic Improper Dih.          LJ-14
    1.12105e+03    2.27430e+03    3.36458e+03    6.48398e+01    1.25391e+03
     Coulomb-14        LJ (SR)   Coulomb (SR)   Coul. recip. Position Rest.
   -1.38882e+04    1.09547e+05   -8.70402e+05    4.48725e+03    4.64820e+02
      Potential    Kinetic En.   Total Energy  Conserved En.    Temperature
   -7.61713e+05    1.07690e+05   -6.54023e+05   -6.03960e+05    2.97924e+02
 Pressure (bar)   Constr. rmsd
   -2.79761e+02    2.08565e-06

           Step           Time
         415000      830.00000

   Energies (kJ/mol)
           Bond          Angle    Proper Dih.Periodic Improper Dih.          LJ-14
    1.16427e+03    2.27957e+03    3.36619e+03    5.43740e+01    1.27676e+03
     Coulomb-14        LJ (SR)   Coulomb (SR)   Coul. recip. Position Rest.
   -1.37559e+04    1.09137e+05   -8.71560e+05    4.43532e+03    4.72539e+02
      Potential    Kinetic En.   Total Energy  Conserved En.    Temperature
   -7.63129e+05    1.07708e+05   -6.55422e+05   -6.03310e+05    2.97973e+02
 Pressure (bar)   Constr. rmsd
   -1.41951e+02    2.35913e-06

           Step           Time
         420000      840.00000

   Energies (kJ/mol)
           Bond          Angle    Proper Dih.Periodic Improper Dih.          LJ-14
    1.06906e+03    2.13599e+03    3.37504e+03    7.00987e+01    1.27873e+03
     Coulomb-14        LJ (SR)   Coulomb (SR)   Coul. recip. Position Rest.
   -1.39585e+04    1.07772e+05   -8.68965e+05    4.45658e+03    4.50110e+02
      Potential    Kinetic En.   Total Energy  Conserved En.    Temperature
   -7.62316e+05    1.08151e+05   -6.54165e+05   -6.02715e+05    2.99199e+02
 Pressure (bar)   Constr. rmsd
   -5.57713e+02    2.04610e-06

           Step           Time
         425000      850.00000

   Energies (kJ/mol)
           Bond          Angle    Proper Dih.Periodic Improper Dih.          LJ-14
    1.22247e+03    2.25818e+03    3.34459e+03    5.92780e+01    1.24608e+03
     Coulomb-14        LJ (SR)   Coulomb (SR)   Coul. recip. Position Rest.
   -1.39889e+04    1.09193e+05   -8.69118e+05    4.56141e+03    4.67450e+02
      Potential    Kinetic En.   Total Energy  Conserved En.    Temperature
   -7.60754e+05    1.09052e+05   -6.51703e+05   -6.02032e+05    3.01692e+02
 Pressure (bar)   Constr. rmsd
   -3.20478e+02    2.52568e-06

           Step           Time
         430000      860.00000

   Energies (kJ/mol)
           Bond          Angle    Proper Dih.Periodic Improper Dih.          LJ-14
    1.20570e+03    2.42974e+03    3.29582e+03    4.67150e+01    1.29805e+03
     Coulomb-14        LJ (SR)   Coulomb (SR)   Coul. recip. Position Rest.
   -1.40851e+04    1.08605e+05   -8.69227e+05    4.38602e+03    4.96640e+02
      Potential    Kinetic En.   Total Energy  Conserved En.    Temperature
   -7.61548e+05    1.07828e+05   -6.53720e+05   -6.01421e+05    2.98306e+02
 Pressure (bar)   Constr. rmsd
   -3.97481e+02    2.19790e-06

           Step           Time
         435000      870.00000

   Energies (kJ/mol)
           Bond          Angle    Proper Dih.Periodic Improper Dih.          LJ-14
    1.18427e+03    2.25543e+03    3.42000e+03    5.65453e+01    1.28676e+03
     Coulomb-14        LJ (SR)   Coulomb (SR)   Coul. recip. Position Rest.
   -1.38790e+04    1.06335e+05   -8.65880e+05    4.59065e+03    4.68698e+02
      Potential    Kinetic En.   Total Energy  Conserved En.    Temperature
   -7.60161e+05    1.08953e+05   -6.51209e+05   -6.00870e+05    3.01418e+02
 Pressure (bar)   Constr. rmsd
   -3.99307e+02    2.36151e-06

           Step           Time
         440000      880.00000

   Energies (kJ/mol)
           Bond          Angle    Proper Dih.Periodic Improper Dih.          LJ-14
    1.21444e+03    2.32673e+03    3.40240e+03    5.58046e+01    1.28619e+03
     Coulomb-14        LJ (SR)   Coulomb (SR)   Coul. recip. Position Rest.
   -1.39740e+04    1.09162e+05   -8.70805e+05    4.53938e+03    4.93379e+02
      Potential    Kinetic En.   Total Energy  Conserved En.    Temperature
   -7.62298e+05    1.08402e+05   -6.53897e+05   -6.00244e+05    2.99894e+02
 Pressure (bar)   Constr. rmsd
   -2.33091e+02    2.26974e-06

           Step           Time
         445000      890.00000

   Energies (kJ/mol)
           Bond          Angle    Proper Dih.Periodic Improper Dih.          LJ-14
    1.19286e+03    2.19964e+03    3.36830e+03    6.06313e+01    1.27884e+03
     Coulomb-14        LJ (SR)   Coulomb (SR)   Coul. recip. Position Rest.
   -1.39855e+04    1.09101e+05   -8.72160e+05    4.39981e+03    4.79251e+02
      Potential    Kinetic En.   Total Energy  Conserved En.    Temperature
   -7.64066e+05    1.07880e+05   -6.56186e+05   -5.99582e+05    2.98450e+02
 Pressure (bar)   Constr. rmsd
   -2.23569e+02    2.07428e-06

           Step           Time
         450000      900.00000

   Energies (kJ/mol)
           Bond          Angle    Proper Dih.Periodic Improper Dih.          LJ-14
    1.11558e+03    2.38087e+03    3.34187e+03    5.83733e+01    1.28067e+03
     Coulomb-14        LJ (SR)   Coulomb (SR)   Coul. recip. Position Rest.
   -1.38920e+04    1.07280e+05   -8.67993e+05    4.37758e+03    4.81459e+02
      Potential    Kinetic En.   Total Energy  Conserved En.    Temperature
   -7.61568e+05    1.08394e+05   -6.53174e+05   -5.99026e+05    2.99873e+02
 Pressure (bar)   Constr. rmsd
   -6.42104e+02    2.30969e-06

           Step           Time
         455000      910.00000

   Energies (kJ/mol)
           Bond          Angle    Proper Dih.Periodic Improper Dih.          LJ-14
    1.11491e+03    2.25633e+03    3.34781e+03    6.97841e+01    1.27688e+03
     Coulomb-14        LJ (SR)   Coulomb (SR)   Coul. recip. Position Rest.
   -1.38522e+04    1.07710e+05   -8.68800e+05    4.49386e+03    4.70763e+02
      Potential    Kinetic En.   Total Energy  Conserved En.    Temperature
   -7.61912e+05    1.08786e+05   -6.53127e+05   -5.98439e+05    3.00955e+02
 Pressure (bar)   Constr. rmsd
   -4.81611e+02    2.14633e-06

           Step           Time
         460000      920.00000

   Energies (kJ/mol)
           Bond          Angle    Proper Dih.Periodic Improper Dih.          LJ-14
    1.16664e+03    2.24605e+03    3.39978e+03    6.75544e+01    1.25505e+03
     Coulomb-14        LJ (SR)   Coulomb (SR)   Coul. recip. Position Rest.
   -1.39404e+04    1.07481e+05   -8.67556e+05    4.40681e+03    4.71795e+02
      Potential    Kinetic En.   Total Energy  Conserved En.    Temperature
   -7.61002e+05    1.07962e+05   -6.53040e+05   -5.97791e+05    2.98677e+02
 Pressure (bar)   Constr. rmsd
   -4.88256e+02    2.72467e-06

           Step           Time
         465000      930.00000

   Energies (kJ/mol)
           Bond          Angle    Proper Dih.Periodic Improper Dih.          LJ-14
    1.13949e+03    2.22311e+03    3.37244e+03    6.45574e+01    1.25365e+03
     Coulomb-14        LJ (SR)   Coulomb (SR)   Coul. recip. Position Rest.
   -1.39836e+04    1.09026e+05   -8.69926e+05    4.44009e+03    4.79087e+02
      Potential    Kinetic En.   Total Energy  Conserved En.    Temperature
   -7.61911e+05    1.08317e+05   -6.53594e+05   -5.97159e+05    2.99659e+02
 Pressure (bar)   Constr. rmsd
   -1.93600e+02    2.52652e-06

           Step           Time
         470000      940.00000

   Energies (kJ/mol)
           Bond          Angle    Proper Dih.Periodic Improper Dih.          LJ-14
    1.13073e+03    2.45537e+03    3.36705e+03    5.76839e+01    1.24329e+03
     Coulomb-14        LJ (SR)   Coulomb (SR)   Coul. recip. Position Rest.
   -1.39704e+04    1.08480e+05   -8.69247e+05    4.49515e+03    4.91860e+02
      Potential    Kinetic En.   Total Energy  Conserved En.    Temperature
   -7.61496e+05    1.09332e+05   -6.52164e+05   -5.96531e+05    3.02468e+02
 Pressure (bar)   Constr. rmsd
   -4.76748e+02    2.24976e-06

           Step           Time
         475000      950.00000

   Energies (kJ/mol)
           Bond          Angle    Proper Dih.Periodic Improper Dih.          LJ-14
    1.17476e+03    2.17488e+03    3.38730e+03    5.68882e+01    1.24403e+03
     Coulomb-14        LJ (SR)   Coulomb (SR)   Coul. recip. Position Rest.
   -1.39265e+04    1.09606e+05   -8.71365e+05    4.42563e+03    4.40220e+02
      Potential    Kinetic En.   Total Energy  Conserved En.    Temperature
   -7.62781e+05    1.08356e+05   -6.54425e+05   -5.96008e+05    2.99768e+02
 Pressure (bar)   Constr. rmsd
   -3.23138e+02    2.12498e-06

           Step           Time
         480000      960.00000

   Energies (kJ/mol)
           Bond          Angle    Proper Dih.Periodic Improper Dih.          LJ-14
    1.13212e+03    2.21138e+03    3.38907e+03    7.17512e+01    1.28791e+03
     Coulomb-14        LJ (SR)   Coulomb (SR)   Coul. recip. Position Rest.
   -1.39564e+04    1.09162e+05   -8.71193e+05    4.40699e+03    4.45738e+02
      Potential    Kinetic En.   Total Energy  Conserved En.    Temperature
   -7.63042e+05    1.07943e+05   -6.55099e+05   -5.95343e+05    2.98625e+02
 Pressure (bar)   Constr. rmsd
   -3.08507e+02    2.62886e-06

Writing checkpoint, step 484520 at Sun Oct 26 09:38:05 2025


           Step           Time
         485000      970.00000

   Energies (kJ/mol)
           Bond          Angle    Proper Dih.Periodic Improper Dih.          LJ-14
    1.11065e+03    2.21340e+03    3.36283e+03    6.68512e+01    1.24777e+03
     Coulomb-14        LJ (SR)   Coulomb (SR)   Coul. recip. Position Rest.
   -1.39830e+04    1.09091e+05   -8.69409e+05    4.51601e+03    4.74878e+02
      Potential    Kinetic En.   Total Energy  Conserved En.    Temperature
   -7.61308e+05    1.09184e+05   -6.52124e+05   -5.94771e+05    3.02059e+02
 Pressure (bar)   Constr. rmsd
   -3.19563e+02    2.24883e-06

           Step           Time
         490000      980.00000

   Energies (kJ/mol)
           Bond          Angle    Proper Dih.Periodic Improper Dih.          LJ-14
    1.11695e+03    2.32152e+03    3.36892e+03    7.07368e+01    1.30346e+03
     Coulomb-14        LJ (SR)   Coulomb (SR)   Coul. recip. Position Rest.
   -1.39090e+04    1.10224e+05   -8.72530e+05    4.42829e+03    4.81923e+02
      Potential    Kinetic En.   Total Energy  Conserved En.    Temperature
   -7.63124e+05    1.08611e+05   -6.54512e+05   -5.94100e+05    3.00474e+02
 Pressure (bar)   Constr. rmsd
   -2.15319e+02    2.39162e-06

           Step           Time
         495000      990.00000

   Energies (kJ/mol)
           Bond          Angle    Proper Dih.Periodic Improper Dih.          LJ-14
    1.24426e+03    2.28012e+03    3.34151e+03    6.85382e+01    1.24546e+03
     Coulomb-14        LJ (SR)   Coulomb (SR)   Coul. recip. Position Rest.
   -1.39292e+04    1.09834e+05   -8.71798e+05    4.45807e+03    4.69883e+02
      Potential    Kinetic En.   Total Energy  Conserved En.    Temperature
   -7.62785e+05    1.08220e+05   -6.54565e+05   -5.93574e+05    2.99391e+02
 Pressure (bar)   Constr. rmsd
   -4.09461e+02    1.95555e-06

           Step           Time
         500000     1000.00000

Writing checkpoint, step 500000 at Sun Oct 26 09:39:32 2025


   Energies (kJ/mol)
           Bond          Angle    Proper Dih.Periodic Improper Dih.          LJ-14
    1.17264e+03    2.15362e+03    3.36916e+03    7.25048e+01    1.25380e+03
     Coulomb-14        LJ (SR)   Coulomb (SR)   Coul. recip. Position Rest.
   -1.39510e+04    1.08234e+05   -8.70042e+05    4.55703e+03    4.86741e+02
      Potential    Kinetic En.   Total Energy  Conserved En.    Temperature
   -7.62693e+05    1.08063e+05   -6.54631e+05   -5.92946e+05    2.98955e+02
 Pressure (bar)   Constr. rmsd
   -4.06978e+02    1.90895e-06


Energy conservation over simulation part #1 of length 1000 ps, time 0 to 1000 ps
  Conserved energy drift: 1.08e-03 kJ/mol/ps per atom


	<======  ###############  ==>
	<====  A V E R A G E S  ====>
	<==  ###############  ======>

	Statistics over 500001 steps using 5001 frames

   Energies (kJ/mol)
           Bond          Angle    Proper Dih.Periodic Improper Dih.          LJ-14
    1.14963e+03    2.26628e+03    3.37081e+03    6.34276e+01    1.28210e+03
     Coulomb-14        LJ (SR)   Coulomb (SR)   Coul. recip. Position Rest.
   -1.39227e+04    1.08634e+05   -8.69857e+05    4.49660e+03    4.80575e+02
      Potential    Kinetic En.   Total Energy  Conserved En.    Temperature
   -7.62037e+05    1.08440e+05   -6.53598e+05   -6.23584e+05    2.99999e+02
 Pressure (bar)   Constr. rmsd
   -3.96748e+02    0.00000e+00

   Total Virial (kJ/mol)
    4.21504e+04   -2.05040e+02   -7.82965e+01
   -2.05157e+02    4.29152e+04    1.72755e+02
   -7.82608e+01    1.72715e+02    4.21657e+04

   Pressure (bar)
   -3.78115e+02    1.21582e+01    4.02461e+00
    1.21657e+01   -4.32716e+02   -1.01255e+01
    4.02234e+00   -1.01230e+01   -3.79412e+02


	M E G A - F L O P S   A C C O U N T I N G

 NB=Group-cutoff nonbonded kernels    NxN=N-by-N cluster Verlet kernels
 RF=Reaction-Field  VdW=Van der Waals  QSTab=quadratic-spline table
 W3=SPC/TIP3p  W4=TIP4p (single or pairs)
 V&F=Potential and force  V=Potential only  F=Force only

 Computing:                               M-Number         M-Flops  % Flops
-----------------------------------------------------------------------------
 Pair Search distance check          292438.584632     2631947.262     0.2
 NxN Ewald Elec. + LJ [F]           8362131.751056   551900695.570    48.5
 NxN Ewald Elec. + LJ [V&F]           84482.817952     9039661.521     0.8
 NxN LJ [F]                           13189.809248      435263.705     0.0
 NxN LJ [V&F]                           132.904480        5714.893     0.0
 NxN Ewald Elec. [F]                8027066.081328   489651030.961    43.0
 NxN Ewald Elec. [V&F]                81098.100160     6812240.413     0.6
 1,4 nonbonded interactions            1343.002686      120870.242     0.0
 Calc Weights                         85608.171216     3081894.164     0.3
 Spread Q Bspline                   1826307.652608     3652615.305     0.3
 Gather F Bspline                   1826307.652608    10957845.916     1.0
 3D-FFT                             6908749.817472    55269998.540     4.9
 Solve PME                             2592.005184      165888.332     0.0
 Reset In Box                           713.400000        2140.200     0.0
 CG-CoM                                 713.457072        2140.371     0.0
 Bonds                                  393.000786       23187.046     0.0
 Angles                                1022.502045      171780.344     0.0
 Propers                               1788.503577      409567.319     0.0
 Impropers                               93.000186       19344.039     0.0
 Pos. Restr.                            531.001062       26550.053     0.0
 Virial                                 285.642117        5141.558     0.0
 Stop-CM                                285.417072        2854.171     0.0
 Calc-Ekin                             5707.314144      154097.482     0.0
 Lincs                                  180.000360       10800.022     0.0
 Lincs-Mat                              366.000732        1464.003     0.0
 Constraint-V                         21336.042672      192024.384     0.0
 Constraint-Vir                         211.602312        5078.455     0.0
 Settle                                6992.013984     2587045.174     0.2
 Virtual Site 3                        7061.947968      261292.075     0.0
-----------------------------------------------------------------------------
 Total                                              1137600173.518   100.0
-----------------------------------------------------------------------------


    D O M A I N   D E C O M P O S I T I O N   S T A T I S T I C S

 av. #atoms communicated per step for force:  2 x 0.0


     R E A L   C Y C L E   A N D   T I M E   A C C O U N T I N G

On 1 MPI rank, each using 16 OpenMP threads

 Computing:          Num   Num      Call    Wall time         Giga-Cycles
                     Ranks Threads  Count      (s)         total sum    %
-----------------------------------------------------------------------------
 Domain decomp.         1   16      12500      39.606       2220.497   1.4
 Vsite constr.          1   16     500001       5.533        310.221   0.2
 Neighbor search        1   16      12501      84.854       4757.323   3.0
 Force                  1   16     500001    1773.072      99406.482  63.6
 PME mesh               1   16     500001     727.981      40813.913  26.1
 NB X/F buffer ops.     1   16     987501      52.557       2946.561   1.9
 Vsite spread           1   16     505002      14.415        808.158   0.5
 Write traj.            1   16        104       9.758        547.082   0.3
 Update                 1   16     500001      50.808       2848.515   1.8
 Constraints            1   16     500001      19.915       1116.526   0.7
 Rest                                           9.536        534.607   0.3
-----------------------------------------------------------------------------
 Total                                       2788.034     156309.884 100.0
-----------------------------------------------------------------------------
 Breakdown of PME mesh computation
-----------------------------------------------------------------------------
 PME spread             1   16     500001     305.538      17129.876  11.0
 PME gather             1   16     500001     177.362       9943.731   6.4
 PME 3D-FFT             1   16    1000002     225.684      12652.853   8.1
 PME solve Elec         1   16     500001      16.951        950.353   0.6
-----------------------------------------------------------------------------

               Core t (s)   Wall t (s)        (%)
       Time:    44608.146     2788.034     1600.0
                         46:28
                 (ns/day)    (hour/ns)
Performance:       30.990        0.774
Finished mdrun on rank 0 Sun Oct 26 09:39:33 2025

