
 -----------------------------------------------
      Restrained ESP Fit 2.3  Amber 4.1
 -----------------------------------------------
 Resp charges for organic molecule                                               
 -----------------------------------------------


 inopt       =     0   ioutopt     =     1
 nmol        =     1   iqopt       =     0
 ihfree      =     1   irstrnt     =     1
 iunits      =     0   qwt         =   0.00050000
 wtmol(1) =     1.000000
 subtitle:

Resp charges for organic molecule                                               
ich =   0  iuniq =  46
    1    7    0
    2    6    0
    3    6    0
    4    6    0
    5   16    0
    6    6    0
    7    8    0
    8    8    0
    9    6    0
   10    6    0
   11    8    0
   12    6    0
   13    8    0
   14    6    0
   15    8    0
   16    6    0
   17    7    0
   18    6    0
   19    7    0
   20    6    0
   21    6    0
   22    7    0
   23    7    0
   24    6    0
   25    7    0
   26    6    0
   27    1    0
   28    1   27
   29    1    0
   30    1    0
   31    1    0
   32    1    0
   33    1    0
   34    1    0
   35    1    0
   36    1    0
   37    1    0
   38    1    0
   39    1    0
   40    1    0
   41    1    0
   42    1    0
   43    1    0
   44    1    0
   45    1   44
   46    1    0

  ----------------------------------------------------------------------------
     ATOM                       COORDINATES                         CHARGE
                       X             Y                Z
  ----------------------------------------------------------------------------
  ----------------------------------------------------------------------------


 Charge on the molecule(ich) =    0
 Total number of atoms (iuniq)     =   46
 Weight factor on initial charge restraints(qwt)=     0.50000D-03


  there are  1 charge constraints:


     1       1
     2       1
     3       1
     4       1
     5       1
     6       1
     7       1
     8       1
     9       1
    10       1
    11       1
    12       1
    13       1
    14       1
    15       1
    16       1
    17       1
    18       1
    19       1
    20       1
    21       1
    22       1
    23       1
    24       1
    25       1
    26       1
    27       1
    28       1
    29       1
    30       1
    31       1
    32       1
    33       1
    34       1
    35       1
    36       1
    37       1
    38       1
    39       1
    40       1
    41       1
    42       1
    43       1
    44       1
    45       1
    46       1

 Reading esp"s for molecule   1
 total number of atoms      =    46
 total number of esp points = 11944


 center     X       Y       Z 
    1  -0.1201379E+02  -0.3526987E+01  -0.2499697E+01
    2  -0.1211380E+02  -0.2274958E+01  -0.7736538E-01
    3  -0.1020322E+02  -0.1084797E+00   0.3558278E+00
    4  -0.7463104E+01  -0.1020223E+01   0.3640633E+00
    5  -0.5355244E+01   0.1609786E+01   0.1025707E+01
    6  -0.1475372E+02  -0.1151142E+01   0.2040715E+00
    7  -0.1583403E+02  -0.1950481E+00  -0.1501155E+01
    8  -0.1574699E+02  -0.1166611E+01   0.2515067E+01
    9  -0.2320929E+01   0.5128716E-02   0.8980167E+00
   10  -0.1714303E+00   0.1887517E+01   0.1265744E+01
   11   0.2064970E+01   0.4787810E+00   0.1679299E+01
   12   0.3665709E+00   0.3613237E+01  -0.1020367E+01
   13   0.9892999E+00   0.6082837E+01  -0.2682031E+00
   14   0.2786711E+01   0.2475855E+01  -0.2112290E+01
   15   0.4222013E+01   0.4107962E+01  -0.3553386E+01
   16   0.4069891E+01   0.1507262E+01   0.2905019E+00
   17   0.5959823E+01  -0.3965118E+00  -0.8023588E-01
   18   0.5633543E+01  -0.2813120E+01  -0.9801291E+00
   19   0.7671486E+01  -0.4106550E+01  -0.1094985E+01
   20   0.9513022E+01  -0.2475609E+01  -0.2146937E+00
   21   0.1211985E+02  -0.2725557E+01   0.1491164E+00
   22   0.1338451E+02  -0.4846807E+01  -0.4533717E+00
   23   0.1339250E+02  -0.7811768E+00   0.1091122E+01
   24   0.1213753E+02   0.1322075E+01   0.1631287E+01
   25   0.9715832E+01   0.1794486E+01   0.1367260E+01
   26   0.8480809E+01  -0.1791838E+00   0.4333180E+00
   27  -0.1027185E+02  -0.4108589E+01  -0.2939643E+01
   28  -0.1265593E+02  -0.2386488E+01  -0.3865637E+01
   29  -0.1182531E+02  -0.3698379E+01   0.1377399E+01
   30  -0.1060776E+02   0.8020753E+00   0.2152387E+01
   31  -0.1047105E+02   0.1303074E+01  -0.1107094E+01
   32  -0.6956597E+01  -0.1820369E+01  -0.1450331E+01
   33  -0.7191796E+01  -0.2461251E+01   0.1795786E+01
   34  -0.1475375E+02  -0.2096763E+01   0.3678698E+01
   35  -0.2119071E+01  -0.9550448E+00  -0.9017205E+00
   36  -0.2217472E+01  -0.1394801E+01   0.2384647E+01
   37  -0.5373020E+00   0.3043971E+01   0.2916845E+01
   38  -0.1172271E+01   0.3642247E+01  -0.2368057E+01
   39  -0.4858391E+00   0.7012063E+01   0.1401024E+00
   40   0.2317724E+01   0.8702963E+00  -0.3293156E+01
   41   0.4177190E+01   0.5734852E+01  -0.2795152E+01
   42   0.4975503E+01   0.3039972E+01   0.1293096E+01
   43   0.3799067E+01  -0.3495012E+01  -0.1487732E+01
   44   0.1242416E+02  -0.6409291E+01  -0.8581699E+00
   45   0.1516566E+02  -0.5006876E+01   0.1219081E+00
   46   0.1326565E+02   0.2832397E+01   0.2388313E+01
 Initial ssvpot =     5.787


 Number of unique UNfrozen centers=   44

 Non-linear optimization requested.
 qchnge =    0.6989477261E-01
 qchnge =    0.1851836017E-02
 qchnge =    0.2544568796E-03
 qchnge =    0.4433791310E-04
 qchnge =    0.8696930993E-05
 qchnge =    0.1828926160E-05
 qchnge =    0.3987726511E-06

 Convergence in    6 iterations


Resp charges for organic molecule                                               

          Point Charges Before & After Optimization

    no.  At.no.    q(init)       q(opt)     ivary    d(rstr)/dq
    1   7       0.000000      -1.003613      0       0.000496
    2   6       0.000000       0.022622      0       0.004877
    3   6       0.000000      -0.159596      0       0.002655
    4   6       0.000000       0.099748      0       0.003540
    5  16       0.000000      -0.353288      0       0.001362
    6   6       0.000000       0.852992      0       0.000582
    7   8       0.000000      -0.551460      0       0.000892
    8   8       0.000000      -0.647176      0       0.000764
    9   6       0.000000      -0.396876      0       0.001222
   10   6       0.000000       0.483136      0       0.001013
   11   8       0.000000      -0.603086      0       0.000818
   12   6       0.000000       0.209655      0       0.002153
   13   8       0.000000      -0.775183      0       0.000640
   14   6       0.000000       0.228813      0       0.002002
   15   8       0.000000      -0.697483      0       0.000710
   16   6       0.000000       0.286807      0       0.001646
   17   7       0.000000      -0.084758      0       0.003814
   18   6       0.000000       0.223495      0       0.002042
   19   7       0.000000      -0.573472      0       0.000859
   20   6       0.000000      -0.089406      0       0.003727
   21   6       0.000000       0.828522      0       0.000599
   22   7       0.000000      -0.969267      0       0.000513
   23   7       0.000000      -0.832721      0       0.000596
   24   6       0.000000       0.660639      0       0.000748
   25   7       0.000000      -0.807063      0       0.000615
   26   6       0.000000       0.486462      0       0.001007
   27   1       0.000000       0.397423      0       0.000000
   28   1       0.000000       0.397423     27       0.000000
   29   1       0.000000       0.096463      0       0.000000
   30   1       0.000000       0.069343      0       0.000000
   31   1       0.000000       0.105137      0       0.000000
   32   1       0.000000       0.073206      0       0.000000
   33   1       0.000000       0.055526      0       0.000000
   34   1       0.000000       0.419967      0       0.000000
   35   1       0.000000       0.125619      0       0.000000
   36   1       0.000000       0.198649      0       0.000000
   37   1       0.000000       0.043921      0       0.000000
   38   1       0.000000       0.029365      0       0.000000
   39   1       0.000000       0.483857      0       0.000000
   40   1       0.000000       0.064658      0       0.000000
   41   1       0.000000       0.474944      0       0.000000
   42   1       0.000000       0.106875      0       0.000000
   43   1       0.000000       0.122596      0       0.000000
   44   1       0.000000       0.424357      0       0.000000
   45   1       0.000000       0.424357     44       0.000000
   46   1       0.000000       0.047870      0       0.000000

 Sum over the calculated charges:     -0.000

        Statistics of the fitting:
  The initial sum of squares (ssvpot)                      5.787
  The residual sum of squares (chipot)                     0.039
  The std err of estimate (sqrt(chipot/N))               0.00181
  ESP relative RMS (SQRT(chipot/ssvpot))                 0.08241

 Center of Mass (Angst.):

 X  =   0.00000      Y  =   0.00000      Z  =   0.00000

 Dipole (Debye):

 X  =  -0.85453      Y  =  -1.95706      Z  =   2.01067

 Dipole Moment (Debye)=   2.93310

 Quadrupole (Debye*Angst.):

 Qxx =-143.62241     QYY =  90.85838     QZZ =  52.76403
 Qxy =  39.02439     QXZ =  12.21829     QYZ =  41.48087
